../Drivers/src/stm32f4xx_cus_timer.c:5:6:TIM_INIT	40	static
../Drivers/src/stm32f4xx_cus_timer.c:448:10:TIM_IC_ReadCapture	16	static
../Drivers/src/stm32f4xx_cus_timer.c:464:6:TIM_IC_ClearFlag	16	static
../Drivers/src/stm32f4xx_cus_timer.c:477:9:TIM_IC_GetFlag	16	static
../Drivers/src/stm32f4xx_cus_timer.c:492:6:TIM_OC_SetCompare	24	static
../Drivers/src/stm32f4xx_cus_timer.c:511:9:TIM_OC_GetFlag	16	static
../Drivers/src/stm32f4xx_cus_timer.c:525:6:TIM_OC_ClearFlag	16	static
../Drivers/src/stm32f4xx_cus_timer.c:590:6:TIM_PWM_SetDutyCycle	24	static
../Drivers/src/stm32f4xx_cus_timer.c:609:6:TIM_PWM_SetDutyCyclePercent	24	static
../Drivers/src/stm32f4xx_cus_timer.c:621:10:TIM_PWM_GetDutyCycle	16	static
../Drivers/src/stm32f4xx_cus_timer.c:637:6:TIM_ENABLE	16	static
../Drivers/src/stm32f4xx_cus_timer.c:654:6:TIM_DELAY_INIT	24	static
../Drivers/src/stm32f4xx_cus_timer.c:694:6:TIM_MILLIS_INIT	16	static
../Drivers/src/stm32f4xx_cus_timer.c:713:6:TIM_MICROS_INIT	16	static
../Drivers/src/stm32f4xx_cus_timer.c:731:10:millis	4	static
../Drivers/src/stm32f4xx_cus_timer.c:735:10:micros	4	static
../Drivers/src/stm32f4xx_cus_timer.c:739:6:TIM_Handling	16	static
../Drivers/src/stm32f4xx_cus_timer.c:747:6:delay_us	16	static
../Drivers/src/stm32f4xx_cus_timer.c:754:6:delay_ms	24	static
