22:21:08 **** Incremental Build of configuration Debug for project Protocols ****
make -j12 all 
arm-none-eabi-gcc "../Src/DS1307Example.c" -mcpu=cortex-m4 -std=gnu11 -g3 -DDEBUG -DSTM32 -DSTM32F407G_DISC1 -DSTM32F4 -DSTM32F407VGTx -c -I../Inc -I"C:/Users/ADMIN/Desktop/Protocols/Protocols/Library" -I"C:/Users/ADMIN/Desktop/Protocols/Protocols/Drivers/inc" -O0 -ffunction-sections -fdata-sections -Wall -fstack-usage -fcyclomatic-complexity -MMD -MP -MF"Src/DS1307Example.d" -MT"Src/DS1307Example.o" --specs=nano.specs -mfpu=fpv4-sp-d16 -mfloat-abi=hard -mthumb -o "Src/DS1307Example.o"
arm-none-eabi-gcc -o "Protocols.elf" @"objects.list"   -mcpu=cortex-m4 -T"C:\Users\ADMIN\Desktop\Protocols\Protocols\STM32F407VGTX_FLASH.ld" --specs=nosys.specs -Wl,-Map="Protocols.map" -Wl,--gc-sections -static --specs=nano.specs -mfpu=fpv4-sp-d16 -mfloat-abi=hard -mthumb -u _printf_float -Wl,--start-group -lc -lm -Wl,--end-group
D:/STM32CubeIDE_1.18.1/STM32CubeIDE/plugins/com.st.stm32cube.ide.mcu.externaltools.gnu-tools-for-stm32.13.3.rel1.win32_1.0.0.202411081344/tools/bin/../lib/gcc/arm-none-eabi/13.3.1/../../../../arm-none-eabi/bin/ld.exe: warning: Protocols.elf has a LOAD segment with RWX permissions
Finished building target: Protocols.elf
 
arm-none-eabi-size  Protocols.elf 
arm-none-eabi-objdump -h -S Protocols.elf  > "Protocols.list"
   text	   data	    bss	    dec	    hex	filename
  19408	    464	   1992	  21864	   5568	Protocols.elf
Finished building: default.size.stdout
 
Finished building: Protocols.list
 
22:21:12 **** Incremental Build of configuration Debug for project Protocols ****
make -j12 all 
arm-none-eabi-size  Protocols.elf 
   text	   data	    bss	    dec	    hex	filename
  19408	    464	   1992	  21864	   5568	Protocols.elf
Finished building: default.size.stdout
 
22:21:46 **** Incremental Build of configuration Debug for project Protocols ****
make -j12 all 
arm-none-eabi-gcc "../Src/DS1307Example.c" -mcpu=cortex-m4 -std=gnu11 -g3 -DDEBUG -DSTM32 -DSTM32F407G_DISC1 -DSTM32F4 -DSTM32F407VGTx -c -I../Inc -I"C:/Users/ADMIN/Desktop/Protocols/Protocols/Library" -I"C:/Users/ADMIN/Desktop/Protocols/Protocols/Drivers/inc" -O0 -ffunction-sections -fdata-sections -Wall -fstack-usage -fcyclomatic-complexity -MMD -MP -MF"Src/DS1307Example.d" -MT"Src/DS1307Example.o" --specs=nano.specs -mfpu=fpv4-sp-d16 -mfloat-abi=hard -mthumb -o "Src/DS1307Example.o"
arm-none-eabi-gcc -o "Protocols.elf" @"objects.list"   -mcpu=cortex-m4 -T"C:\Users\ADMIN\Desktop\Protocols\Protocols\STM32F407VGTX_FLASH.ld" --specs=nosys.specs -Wl,-Map="Protocols.map" -Wl,--gc-sections -static --specs=nano.specs -mfpu=fpv4-sp-d16 -mfloat-abi=hard -mthumb -u _printf_float -Wl,--start-group -lc -lm -Wl,--end-group
D:/STM32CubeIDE_1.18.1/STM32CubeIDE/plugins/com.st.stm32cube.ide.mcu.externaltools.gnu-tools-for-stm32.13.3.rel1.win32_1.0.0.202411081344/tools/bin/../lib/gcc/arm-none-eabi/13.3.1/../../../../arm-none-eabi/bin/ld.exe: warning: Protocols.elf has a LOAD segment with RWX permissions
Finished building target: Protocols.elf
 
arm-none-eabi-size  Protocols.elf 
arm-none-eabi-objdump -h -S Protocols.elf  > "Protocols.list"
   text	   data	    bss	    dec	    hex	filename
  19408	    464	   1992	  21864	   5568	Protocols.elf
Finished building: default.size.stdout
 
Finished building: Protocols.list
 
22:22:10 **** Incremental Build of configuration Debug for project Protocols ****
make -j12 all 
arm-none-eabi-gcc "../Src/DS1307Example.c" -mcpu=cortex-m4 -std=gnu11 -g3 -DDEBUG -DSTM32 -DSTM32F407G_DISC1 -DSTM32F4 -DSTM32F407VGTx -c -I../Inc -I"C:/Users/ADMIN/Desktop/Protocols/Protocols/Library" -I"C:/Users/ADMIN/Desktop/Protocols/Protocols/Drivers/inc" -O0 -ffunction-sections -fdata-sections -Wall -fstack-usage -fcyclomatic-complexity -MMD -MP -MF"Src/DS1307Example.d" -MT"Src/DS1307Example.o" --specs=nano.specs -mfpu=fpv4-sp-d16 -mfloat-abi=hard -mthumb -o "Src/DS1307Example.o"
arm-none-eabi-gcc -o "Protocols.elf" @"objects.list"   -mcpu=cortex-m4 -T"C:\Users\ADMIN\Desktop\Protocols\Protocols\STM32F407VGTX_FLASH.ld" --specs=nosys.specs -Wl,-Map="Protocols.map" -Wl,--gc-sections -static --specs=nano.specs -mfpu=fpv4-sp-d16 -mfloat-abi=hard -mthumb -u _printf_float -Wl,--start-group -lc -lm -Wl,--end-group
D:/STM32CubeIDE_1.18.1/STM32CubeIDE/plugins/com.st.stm32cube.ide.mcu.externaltools.gnu-tools-for-stm32.13.3.rel1.win32_1.0.0.202411081344/tools/bin/../lib/gcc/arm-none-eabi/13.3.1/../../../../arm-none-eabi/bin/ld.exe: warning: Protocols.elf has a LOAD segment with RWX permissions
Finished building target: Protocols.elf
 
arm-none-eabi-size  Protocols.elf 
arm-none-eabi-objdump -h -S Protocols.elf  > "Protocols.list"
   text	   data	    bss	    dec	    hex	filename
  19096	    464	   1992	  21552	   5430	Protocols.elf
Finished building: default.size.stdout
 
Finished building: Protocols.list
 
22:23:27 **** Incremental Build of configuration Debug for project Protocols ****
make -j12 all 
arm-none-eabi-gcc "../Src/DS1307Example.c" -mcpu=cortex-m4 -std=gnu11 -g3 -DDEBUG -DSTM32 -DSTM32F407G_DISC1 -DSTM32F4 -DSTM32F407VGTx -c -I../Inc -I"C:/Users/ADMIN/Desktop/Protocols/Protocols/Library" -I"C:/Users/ADMIN/Desktop/Protocols/Protocols/Drivers/inc" -O0 -ffunction-sections -fdata-sections -Wall -fstack-usage -fcyclomatic-complexity -MMD -MP -MF"Src/DS1307Example.d" -MT"Src/DS1307Example.o" --specs=nano.specs -mfpu=fpv4-sp-d16 -mfloat-abi=hard -mthumb -o "Src/DS1307Example.o"
arm-none-eabi-gcc -o "Protocols.elf" @"objects.list"   -mcpu=cortex-m4 -T"C:\Users\ADMIN\Desktop\Protocols\Protocols\STM32F407VGTX_FLASH.ld" --specs=nosys.specs -Wl,-Map="Protocols.map" -Wl,--gc-sections -static --specs=nano.specs -mfpu=fpv4-sp-d16 -mfloat-abi=hard -mthumb -u _printf_float -Wl,--start-group -lc -lm -Wl,--end-group
D:/STM32CubeIDE_1.18.1/STM32CubeIDE/plugins/com.st.stm32cube.ide.mcu.externaltools.gnu-tools-for-stm32.13.3.rel1.win32_1.0.0.202411081344/tools/bin/../lib/gcc/arm-none-eabi/13.3.1/../../../../arm-none-eabi/bin/ld.exe: warning: Protocols.elf has a LOAD segment with RWX permissions
Finished building target: Protocols.elf
 
arm-none-eabi-size  Protocols.elf 
arm-none-eabi-objdump -h -S Protocols.elf  > "Protocols.list"
   text	   data	    bss	    dec	    hex	filename
  19408	    464	   1992	  21864	   5568	Protocols.elf
Finished building: default.size.stdout
 
Finished building: Protocols.list
 
22:24:09 **** Incremental Build of configuration Debug for project Protocols ****
make -j12 all 
arm-none-eabi-gcc "../Src/DS1307Example.c" -mcpu=cortex-m4 -std=gnu11 -g3 -DDEBUG -DSTM32 -DSTM32F407G_DISC1 -DSTM32F4 -DSTM32F407VGTx -c -I../Inc -I"C:/Users/ADMIN/Desktop/Protocols/Protocols/Library" -I"C:/Users/ADMIN/Desktop/Protocols/Protocols/Drivers/inc" -O0 -ffunction-sections -fdata-sections -Wall -fstack-usage -fcyclomatic-complexity -MMD -MP -MF"Src/DS1307Example.d" -MT"Src/DS1307Example.o" --specs=nano.specs -mfpu=fpv4-sp-d16 -mfloat-abi=hard -mthumb -o "Src/DS1307Example.o"
arm-none-eabi-gcc -o "Protocols.elf" @"objects.list"   -mcpu=cortex-m4 -T"C:\Users\ADMIN\Desktop\Protocols\Protocols\STM32F407VGTX_FLASH.ld" --specs=nosys.specs -Wl,-Map="Protocols.map" -Wl,--gc-sections -static --specs=nano.specs -mfpu=fpv4-sp-d16 -mfloat-abi=hard -mthumb -u _printf_float -Wl,--start-group -lc -lm -Wl,--end-group
D:/STM32CubeIDE_1.18.1/STM32CubeIDE/plugins/com.st.stm32cube.ide.mcu.externaltools.gnu-tools-for-stm32.13.3.rel1.win32_1.0.0.202411081344/tools/bin/../lib/gcc/arm-none-eabi/13.3.1/../../../../arm-none-eabi/bin/ld.exe: warning: Protocols.elf has a LOAD segment with RWX permissions
Finished building target: Protocols.elf
 
arm-none-eabi-size  Protocols.elf 
arm-none-eabi-objdump -h -S Protocols.elf  > "Protocols.list"
   text	   data	    bss	    dec	    hex	filename
  19112	    464	   1992	  21568	   5440	Protocols.elf
Finished building: default.size.stdout
 
Finished building: Protocols.list
 
22:24:37 **** Incremental Build of configuration Debug for project Protocols ****
make -j12 all 
arm-none-eabi-gcc "../Src/DS1307Example.c" -mcpu=cortex-m4 -std=gnu11 -g3 -DDEBUG -DSTM32 -DSTM32F407G_DISC1 -DSTM32F4 -DSTM32F407VGTx -c -I../Inc -I"C:/Users/ADMIN/Desktop/Protocols/Protocols/Library" -I"C:/Users/ADMIN/Desktop/Protocols/Protocols/Drivers/inc" -O0 -ffunction-sections -fdata-sections -Wall -fstack-usage -fcyclomatic-complexity -MMD -MP -MF"Src/DS1307Example.d" -MT"Src/DS1307Example.o" --specs=nano.specs -mfpu=fpv4-sp-d16 -mfloat-abi=hard -mthumb -o "Src/DS1307Example.o"
arm-none-eabi-gcc -o "Protocols.elf" @"objects.list"   -mcpu=cortex-m4 -T"C:\Users\ADMIN\Desktop\Protocols\Protocols\STM32F407VGTX_FLASH.ld" --specs=nosys.specs -Wl,-Map="Protocols.map" -Wl,--gc-sections -static --specs=nano.specs -mfpu=fpv4-sp-d16 -mfloat-abi=hard -mthumb -u _printf_float -Wl,--start-group -lc -lm -Wl,--end-group
D:/STM32CubeIDE_1.18.1/STM32CubeIDE/plugins/com.st.stm32cube.ide.mcu.externaltools.gnu-tools-for-stm32.13.3.rel1.win32_1.0.0.202411081344/tools/bin/../lib/gcc/arm-none-eabi/13.3.1/../../../../arm-none-eabi/bin/ld.exe: warning: Protocols.elf has a LOAD segment with RWX permissions
Finished building target: Protocols.elf
 
arm-none-eabi-size  Protocols.elf 
arm-none-eabi-objdump -h -S Protocols.elf  > "Protocols.list"
   text	   data	    bss	    dec	    hex	filename
  19408	    464	   1992	  21864	   5568	Protocols.elf
Finished building: default.size.stdout
 
Finished building: Protocols.list
 
22:29:18 **** Incremental Build of configuration Debug for project Protocols ****
make -j12 all 
arm-none-eabi-gcc "../Src/DS1307Example.c" -mcpu=cortex-m4 -std=gnu11 -g3 -DDEBUG -DSTM32 -DSTM32F407G_DISC1 -DSTM32F4 -DSTM32F407VGTx -c -I../Inc -I"C:/Users/ADMIN/Desktop/Protocols/Protocols/Library" -I"C:/Users/ADMIN/Desktop/Protocols/Protocols/Drivers/inc" -O0 -ffunction-sections -fdata-sections -Wall -fstack-usage -fcyclomatic-complexity -MMD -MP -MF"Src/DS1307Example.d" -MT"Src/DS1307Example.o" --specs=nano.specs -mfpu=fpv4-sp-d16 -mfloat-abi=hard -mthumb -o "Src/DS1307Example.o"
arm-none-eabi-gcc "../Library/ds1307.c" -mcpu=cortex-m4 -std=gnu11 -g3 -DDEBUG -DSTM32 -DSTM32F407G_DISC1 -DSTM32F4 -DSTM32F407VGTx -c -I../Inc -I"C:/Users/ADMIN/Desktop/Protocols/Protocols/Library" -I"C:/Users/ADMIN/Desktop/Protocols/Protocols/Drivers/inc" -O0 -ffunction-sections -fdata-sections -Wall -fstack-usage -fcyclomatic-complexity -MMD -MP -MF"Library/ds1307.d" -MT"Library/ds1307.o" --specs=nano.specs -mfpu=fpv4-sp-d16 -mfloat-abi=hard -mthumb -o "Library/ds1307.o"
arm-none-eabi-gcc -o "Protocols.elf" @"objects.list"   -mcpu=cortex-m4 -T"C:\Users\ADMIN\Desktop\Protocols\Protocols\STM32F407VGTX_FLASH.ld" --specs=nosys.specs -Wl,-Map="Protocols.map" -Wl,--gc-sections -static --specs=nano.specs -mfpu=fpv4-sp-d16 -mfloat-abi=hard -mthumb -u _printf_float -Wl,--start-group -lc -lm -Wl,--end-group
D:/STM32CubeIDE_1.18.1/STM32CubeIDE/plugins/com.st.stm32cube.ide.mcu.externaltools.gnu-tools-for-stm32.13.3.rel1.win32_1.0.0.202411081344/tools/bin/../lib/gcc/arm-none-eabi/13.3.1/../../../../arm-none-eabi/bin/ld.exe: warning: Protocols.elf has a LOAD segment with RWX permissions
Finished building target: Protocols.elf
 
arm-none-eabi-size  Protocols.elf 
arm-none-eabi-objdump -h -S Protocols.elf  > "Protocols.list"
   text	   data	    bss	    dec	    hex	filename
  20064	    464	   1992	  22520	   57f8	Protocols.elf
Finished building: default.size.stdout
 
Finished building: Protocols.list
 
22:33:28 **** Incremental Build of configuration Debug for project Protocols ****
make -j12 all 
arm-none-eabi-gcc "../Library/ds1307.c" -mcpu=cortex-m4 -std=gnu11 -g3 -DDEBUG -DSTM32 -DSTM32F407G_DISC1 -DSTM32F4 -DSTM32F407VGTx -c -I../Inc -I"C:/Users/ADMIN/Desktop/Protocols/Protocols/Library" -I"C:/Users/ADMIN/Desktop/Protocols/Protocols/Drivers/inc" -O0 -ffunction-sections -fdata-sections -Wall -fstack-usage -fcyclomatic-complexity -MMD -MP -MF"Library/ds1307.d" -MT"Library/ds1307.o" --specs=nano.specs -mfpu=fpv4-sp-d16 -mfloat-abi=hard -mthumb -o "Library/ds1307.o"
arm-none-eabi-gcc -o "Protocols.elf" @"objects.list"   -mcpu=cortex-m4 -T"C:\Users\ADMIN\Desktop\Protocols\Protocols\STM32F407VGTX_FLASH.ld" --specs=nosys.specs -Wl,-Map="Protocols.map" -Wl,--gc-sections -static --specs=nano.specs -mfpu=fpv4-sp-d16 -mfloat-abi=hard -mthumb -u _printf_float -Wl,--start-group -lc -lm -Wl,--end-group
D:/STM32CubeIDE_1.18.1/STM32CubeIDE/plugins/com.st.stm32cube.ide.mcu.externaltools.gnu-tools-for-stm32.13.3.rel1.win32_1.0.0.202411081344/tools/bin/../lib/gcc/arm-none-eabi/13.3.1/../../../../arm-none-eabi/bin/ld.exe: warning: Protocols.elf has a LOAD segment with RWX permissions
Finished building target: Protocols.elf
 
arm-none-eabi-size  Protocols.elf 
arm-none-eabi-objdump -h -S Protocols.elf  > "Protocols.list"
   text	   data	    bss	    dec	    hex	filename
  20104	    464	   1992	  22560	   5820	Protocols.elf
Finished building: default.size.stdout
 
Finished building: Protocols.list
 
22:33:54 **** Incremental Build of configuration Debug for project Protocols ****
make -j12 all 
arm-none-eabi-gcc "../Src/DS1307Example.c" -mcpu=cortex-m4 -std=gnu11 -g3 -DDEBUG -DSTM32 -DSTM32F407G_DISC1 -DSTM32F4 -DSTM32F407VGTx -c -I../Inc -I"C:/Users/ADMIN/Desktop/Protocols/Protocols/Library" -I"C:/Users/ADMIN/Desktop/Protocols/Protocols/Drivers/inc" -O0 -ffunction-sections -fdata-sections -Wall -fstack-usage -fcyclomatic-complexity -MMD -MP -MF"Src/DS1307Example.d" -MT"Src/DS1307Example.o" --specs=nano.specs -mfpu=fpv4-sp-d16 -mfloat-abi=hard -mthumb -o "Src/DS1307Example.o"
arm-none-eabi-gcc -o "Protocols.elf" @"objects.list"   -mcpu=cortex-m4 -T"C:\Users\ADMIN\Desktop\Protocols\Protocols\STM32F407VGTX_FLASH.ld" --specs=nosys.specs -Wl,-Map="Protocols.map" -Wl,--gc-sections -static --specs=nano.specs -mfpu=fpv4-sp-d16 -mfloat-abi=hard -mthumb -u _printf_float -Wl,--start-group -lc -lm -Wl,--end-group
D:/STM32CubeIDE_1.18.1/STM32CubeIDE/plugins/com.st.stm32cube.ide.mcu.externaltools.gnu-tools-for-stm32.13.3.rel1.win32_1.0.0.202411081344/tools/bin/../lib/gcc/arm-none-eabi/13.3.1/../../../../arm-none-eabi/bin/ld.exe: warning: Protocols.elf has a LOAD segment with RWX permissions
Finished building target: Protocols.elf
 
arm-none-eabi-size  Protocols.elf 
arm-none-eabi-objdump -h -S Protocols.elf  > "Protocols.list"
   text	   data	    bss	    dec	    hex	filename
  19576	    464	   1992	  22032	   5610	Protocols.elf
Finished building: default.size.stdout
 
Finished building: Protocols.list
 
22:34:18 **** Incremental Build of configuration Debug for project Protocols ****
make -j12 all 
arm-none-eabi-gcc "../Src/DS1307Example.c" -mcpu=cortex-m4 -std=gnu11 -g3 -DDEBUG -DSTM32 -DSTM32F407G_DISC1 -DSTM32F4 -DSTM32F407VGTx -c -I../Inc -I"C:/Users/ADMIN/Desktop/Protocols/Protocols/Library" -I"C:/Users/ADMIN/Desktop/Protocols/Protocols/Drivers/inc" -O0 -ffunction-sections -fdata-sections -Wall -fstack-usage -fcyclomatic-complexity -MMD -MP -MF"Src/DS1307Example.d" -MT"Src/DS1307Example.o" --specs=nano.specs -mfpu=fpv4-sp-d16 -mfloat-abi=hard -mthumb -o "Src/DS1307Example.o"
arm-none-eabi-gcc -o "Protocols.elf" @"objects.list"   -mcpu=cortex-m4 -T"C:\Users\ADMIN\Desktop\Protocols\Protocols\STM32F407VGTX_FLASH.ld" --specs=nosys.specs -Wl,-Map="Protocols.map" -Wl,--gc-sections -static --specs=nano.specs -mfpu=fpv4-sp-d16 -mfloat-abi=hard -mthumb -u _printf_float -Wl,--start-group -lc -lm -Wl,--end-group
D:/STM32CubeIDE_1.18.1/STM32CubeIDE/plugins/com.st.stm32cube.ide.mcu.externaltools.gnu-tools-for-stm32.13.3.rel1.win32_1.0.0.202411081344/tools/bin/../lib/gcc/arm-none-eabi/13.3.1/../../../../arm-none-eabi/bin/ld.exe: warning: Protocols.elf has a LOAD segment with RWX permissions
Finished building target: Protocols.elf
 
arm-none-eabi-size  Protocols.elf 
arm-none-eabi-objdump -h -S Protocols.elf  > "Protocols.list"
   text	   data	    bss	    dec	    hex	filename
  20104	    464	   1992	  22560	   5820	Protocols.elf
Finished building: default.size.stdout
 
Finished building: Protocols.list
 
22:34:50 **** Incremental Build of configuration Debug for project Protocols ****
make -j12 all 
arm-none-eabi-gcc "../Src/DS1307Example.c" -mcpu=cortex-m4 -std=gnu11 -g3 -DDEBUG -DSTM32 -DSTM32F407G_DISC1 -DSTM32F4 -DSTM32F407VGTx -c -I../Inc -I"C:/Users/ADMIN/Desktop/Protocols/Protocols/Library" -I"C:/Users/ADMIN/Desktop/Protocols/Protocols/Drivers/inc" -O0 -ffunction-sections -fdata-sections -Wall -fstack-usage -fcyclomatic-complexity -MMD -MP -MF"Src/DS1307Example.d" -MT"Src/DS1307Example.o" --specs=nano.specs -mfpu=fpv4-sp-d16 -mfloat-abi=hard -mthumb -o "Src/DS1307Example.o"
arm-none-eabi-gcc -o "Protocols.elf" @"objects.list"   -mcpu=cortex-m4 -T"C:\Users\ADMIN\Desktop\Protocols\Protocols\STM32F407VGTX_FLASH.ld" --specs=nosys.specs -Wl,-Map="Protocols.map" -Wl,--gc-sections -static --specs=nano.specs -mfpu=fpv4-sp-d16 -mfloat-abi=hard -mthumb -u _printf_float -Wl,--start-group -lc -lm -Wl,--end-group
D:/STM32CubeIDE_1.18.1/STM32CubeIDE/plugins/com.st.stm32cube.ide.mcu.externaltools.gnu-tools-for-stm32.13.3.rel1.win32_1.0.0.202411081344/tools/bin/../lib/gcc/arm-none-eabi/13.3.1/../../../../arm-none-eabi/bin/ld.exe: warning: Protocols.elf has a LOAD segment with RWX permissions
Finished building target: Protocols.elf
 
arm-none-eabi-size  Protocols.elf 
arm-none-eabi-objdump -h -S Protocols.elf  > "Protocols.list"
   text	   data	    bss	    dec	    hex	filename
  19576	    464	   1992	  22032	   5610	Protocols.elf
Finished building: default.size.stdout
 
Finished building: Protocols.list
 
22:37:55 **** Incremental Build of configuration Debug for project Protocols ****
make -j12 all 
arm-none-eabi-gcc "../Src/DS1307Example.c" -mcpu=cortex-m4 -std=gnu11 -g3 -DDEBUG -DSTM32 -DSTM32F407G_DISC1 -DSTM32F4 -DSTM32F407VGTx -c -I../Inc -I"C:/Users/ADMIN/Desktop/Protocols/Protocols/Library" -I"C:/Users/ADMIN/Desktop/Protocols/Protocols/Drivers/inc" -O0 -ffunction-sections -fdata-sections -Wall -fstack-usage -fcyclomatic-complexity -MMD -MP -MF"Src/DS1307Example.d" -MT"Src/DS1307Example.o" --specs=nano.specs -mfpu=fpv4-sp-d16 -mfloat-abi=hard -mthumb -o "Src/DS1307Example.o"
arm-none-eabi-gcc -o "Protocols.elf" @"objects.list"   -mcpu=cortex-m4 -T"C:\Users\ADMIN\Desktop\Protocols\Protocols\STM32F407VGTX_FLASH.ld" --specs=nosys.specs -Wl,-Map="Protocols.map" -Wl,--gc-sections -static --specs=nano.specs -mfpu=fpv4-sp-d16 -mfloat-abi=hard -mthumb -u _printf_float -Wl,--start-group -lc -lm -Wl,--end-group
D:/STM32CubeIDE_1.18.1/STM32CubeIDE/plugins/com.st.stm32cube.ide.mcu.externaltools.gnu-tools-for-stm32.13.3.rel1.win32_1.0.0.202411081344/tools/bin/../lib/gcc/arm-none-eabi/13.3.1/../../../../arm-none-eabi/bin/ld.exe: warning: Protocols.elf has a LOAD segment with RWX permissions
Finished building target: Protocols.elf
 
arm-none-eabi-size  Protocols.elf 
arm-none-eabi-objdump -h -S Protocols.elf  > "Protocols.list"
   text	   data	    bss	    dec	    hex	filename
  19864	    464	   1992	  22320	   5730	Protocols.elf
Finished building: default.size.stdout
 
Finished building: Protocols.list
 
