18:08:54 **** Incremental Build of configuration Debug for project Protocols ****
make -j12 all 
arm-none-eabi-gcc "../Src/spiRx_Tx_IT.c" -mcpu=cortex-m4 -std=gnu11 -g3 -DDEBUG -DSTM32 -DSTM32F407G_DISC1 -DSTM32F4 -DSTM32F407VGTx -c -I../Inc -I"C:/Users/ADMIN/Desktop/Protocols/Protocols/Drivers/inc" -O0 -ffunction-sections -fdata-sections -Wall -fstack-usage -fcyclomatic-complexity -MMD -MP -MF"Src/spiRx_Tx_IT.d" -MT"Src/spiRx_Tx_IT.o" --specs=nano.specs -mfpu=fpv4-sp-d16 -mfloat-abi=hard -mthumb -o "Src/spiRx_Tx_IT.o"
../Src/spiRx_Tx_IT.c: In function 'main':
../Src/spiRx_Tx_IT.c:51:83: warning: passing argument 3 of 'SPI_SendReceive_FullDuplex_IT' discards 'volatile' qualifier from pointer target type [-Wdiscarded-qualifiers]
   51 |                         while (SPI_SendReceive_FullDuplex_IT(&SPI_Handle, &dummy, &ReadByte,
      |                                                                                   ^~~~~~~~~
In file included from C:/Users/ADMIN/Desktop/Protocols/Protocols/Drivers/inc/stm32f4xx_cus.h:195,
                 from ../Src/spiRx_Tx_IT.c:1:
C:/Users/ADMIN/Desktop/Protocols/Protocols/Drivers/inc/stm32f4xx_cus_spi.h:124:45: note: expected 'uint8_t *' {aka 'unsigned char *'} but argument is of type 'volatile char *'
  124 |                 uint8_t *txBuffer, uint8_t *rxBuffer, uint32_t len);
      |                                    ~~~~~~~~~^~~~~~~~
arm-none-eabi-gcc -o "Protocols.elf" @"objects.list"   -mcpu=cortex-m4 -T"C:\Users\ADMIN\Desktop\Protocols\Protocols\STM32F407VGTX_FLASH.ld" --specs=nosys.specs -Wl,-Map="Protocols.map" -Wl,--gc-sections -static --specs=nano.specs -mfpu=fpv4-sp-d16 -mfloat-abi=hard -mthumb -Wl,--start-group -lc -lm -Wl,--end-group
D:/STM32CubeIDE_1.18.1/STM32CubeIDE/plugins/com.st.stm32cube.ide.mcu.externaltools.gnu-tools-for-stm32.13.3.rel1.win32_1.0.0.202411081344/tools/bin/../lib/gcc/arm-none-eabi/13.3.1/../../../../arm-none-eabi/bin/ld.exe: warning: Protocols.elf has a LOAD segment with RWX permissions
Finished building target: Protocols.elf
 
arm-none-eabi-size  Protocols.elf 
arm-none-eabi-objdump -h -S Protocols.elf  > "Protocols.list"
   text	   data	    bss	    dec	    hex	filename
   8248	    104	   2464	  10816	   2a40	Protocols.elf
Finished building: default.size.stdout
 
Finished building: Protocols.list
 

18:08:55 Build Finished. 0 errors, 2 warnings. (took 495ms)

