Archive member included to satisfy reference by file (symbol)

D:/STM32CubeIDE_1.18.1/STM32CubeIDE/plugins/com.st.stm32cube.ide.mcu.externaltools.gnu-tools-for-stm32.13.3.rel1.win32_1.0.0.202411081344/tools/bin/../lib/gcc/arm-none-eabi/13.3.1/../../../../arm-none-eabi/lib/thumb/v7e-m+fp/hard\libc_nano.a(libc_a-exit.o)
                              D:/STM32CubeIDE_1.18.1/STM32CubeIDE/plugins/com.st.stm32cube.ide.mcu.externaltools.gnu-tools-for-stm32.13.3.rel1.win32_1.0.0.202411081344/tools/bin/../lib/gcc/arm-none-eabi/13.3.1/../../../../arm-none-eabi/lib/thumb/v7e-m+fp/hard/crt0.o (exit)
D:/STM32CubeIDE_1.18.1/STM32CubeIDE/plugins/com.st.stm32cube.ide.mcu.externaltools.gnu-tools-for-stm32.13.3.rel1.win32_1.0.0.202411081344/tools/bin/../lib/gcc/arm-none-eabi/13.3.1/../../../../arm-none-eabi/lib/thumb/v7e-m+fp/hard\libc_nano.a(libc_a-findfp.o)
                              D:/STM32CubeIDE_1.18.1/STM32CubeIDE/plugins/com.st.stm32cube.ide.mcu.externaltools.gnu-tools-for-stm32.13.3.rel1.win32_1.0.0.202411081344/tools/bin/../lib/gcc/arm-none-eabi/13.3.1/../../../../arm-none-eabi/lib/thumb/v7e-m+fp/hard\libc_nano.a(libc_a-exit.o) (__stdio_exit_handler)
D:/STM32CubeIDE_1.18.1/STM32CubeIDE/plugins/com.st.stm32cube.ide.mcu.externaltools.gnu-tools-for-stm32.13.3.rel1.win32_1.0.0.202411081344/tools/bin/../lib/gcc/arm-none-eabi/13.3.1/../../../../arm-none-eabi/lib/thumb/v7e-m+fp/hard\libc_nano.a(libc_a-fwalk.o)
                              D:/STM32CubeIDE_1.18.1/STM32CubeIDE/plugins/com.st.stm32cube.ide.mcu.externaltools.gnu-tools-for-stm32.13.3.rel1.win32_1.0.0.202411081344/tools/bin/../lib/gcc/arm-none-eabi/13.3.1/../../../../arm-none-eabi/lib/thumb/v7e-m+fp/hard\libc_nano.a(libc_a-findfp.o) (_fwalk_sglue)
D:/STM32CubeIDE_1.18.1/STM32CubeIDE/plugins/com.st.stm32cube.ide.mcu.externaltools.gnu-tools-for-stm32.13.3.rel1.win32_1.0.0.202411081344/tools/bin/../lib/gcc/arm-none-eabi/13.3.1/../../../../arm-none-eabi/lib/thumb/v7e-m+fp/hard\libc_nano.a(libc_a-stdio.o)
                              D:/STM32CubeIDE_1.18.1/STM32CubeIDE/plugins/com.st.stm32cube.ide.mcu.externaltools.gnu-tools-for-stm32.13.3.rel1.win32_1.0.0.202411081344/tools/bin/../lib/gcc/arm-none-eabi/13.3.1/../../../../arm-none-eabi/lib/thumb/v7e-m+fp/hard\libc_nano.a(libc_a-findfp.o) (__sread)
D:/STM32CubeIDE_1.18.1/STM32CubeIDE/plugins/com.st.stm32cube.ide.mcu.externaltools.gnu-tools-for-stm32.13.3.rel1.win32_1.0.0.202411081344/tools/bin/../lib/gcc/arm-none-eabi/13.3.1/../../../../arm-none-eabi/lib/thumb/v7e-m+fp/hard\libc_nano.a(libc_a-memset.o)
                              D:/STM32CubeIDE_1.18.1/STM32CubeIDE/plugins/com.st.stm32cube.ide.mcu.externaltools.gnu-tools-for-stm32.13.3.rel1.win32_1.0.0.202411081344/tools/bin/../lib/gcc/arm-none-eabi/13.3.1/../../../../arm-none-eabi/lib/thumb/v7e-m+fp/hard/crt0.o (memset)
D:/STM32CubeIDE_1.18.1/STM32CubeIDE/plugins/com.st.stm32cube.ide.mcu.externaltools.gnu-tools-for-stm32.13.3.rel1.win32_1.0.0.202411081344/tools/bin/../lib/gcc/arm-none-eabi/13.3.1/../../../../arm-none-eabi/lib/thumb/v7e-m+fp/hard\libc_nano.a(libc_a-closer.o)
                              D:/STM32CubeIDE_1.18.1/STM32CubeIDE/plugins/com.st.stm32cube.ide.mcu.externaltools.gnu-tools-for-stm32.13.3.rel1.win32_1.0.0.202411081344/tools/bin/../lib/gcc/arm-none-eabi/13.3.1/../../../../arm-none-eabi/lib/thumb/v7e-m+fp/hard\libc_nano.a(libc_a-stdio.o) (_close_r)
D:/STM32CubeIDE_1.18.1/STM32CubeIDE/plugins/com.st.stm32cube.ide.mcu.externaltools.gnu-tools-for-stm32.13.3.rel1.win32_1.0.0.202411081344/tools/bin/../lib/gcc/arm-none-eabi/13.3.1/../../../../arm-none-eabi/lib/thumb/v7e-m+fp/hard\libc_nano.a(libc_a-reent.o)
                              D:/STM32CubeIDE_1.18.1/STM32CubeIDE/plugins/com.st.stm32cube.ide.mcu.externaltools.gnu-tools-for-stm32.13.3.rel1.win32_1.0.0.202411081344/tools/bin/../lib/gcc/arm-none-eabi/13.3.1/../../../../arm-none-eabi/lib/thumb/v7e-m+fp/hard\libc_nano.a(libc_a-closer.o) (errno)
D:/STM32CubeIDE_1.18.1/STM32CubeIDE/plugins/com.st.stm32cube.ide.mcu.externaltools.gnu-tools-for-stm32.13.3.rel1.win32_1.0.0.202411081344/tools/bin/../lib/gcc/arm-none-eabi/13.3.1/../../../../arm-none-eabi/lib/thumb/v7e-m+fp/hard\libc_nano.a(libc_a-impure.o)
                              D:/STM32CubeIDE_1.18.1/STM32CubeIDE/plugins/com.st.stm32cube.ide.mcu.externaltools.gnu-tools-for-stm32.13.3.rel1.win32_1.0.0.202411081344/tools/bin/../lib/gcc/arm-none-eabi/13.3.1/../../../../arm-none-eabi/lib/thumb/v7e-m+fp/hard\libc_nano.a(libc_a-reent.o) (_impure_ptr)
D:/STM32CubeIDE_1.18.1/STM32CubeIDE/plugins/com.st.stm32cube.ide.mcu.externaltools.gnu-tools-for-stm32.13.3.rel1.win32_1.0.0.202411081344/tools/bin/../lib/gcc/arm-none-eabi/13.3.1/../../../../arm-none-eabi/lib/thumb/v7e-m+fp/hard\libc_nano.a(libc_a-lseekr.o)
[...]
Memory Configuration

Name             Origin             Length             Attributes
CCMRAM           0x10000000         0x00010000         xrw
RAM              0x20000000         0x00020000         xrw
FLASH            0x08000000         0x00100000         xr
*default*        0x00000000         0xffffffff

Linker script and memory map

LOAD D:/STM32CubeIDE_1.18.1/STM32CubeIDE/plugins/com.st.stm32cube.ide.mcu.externaltools.gnu-tools-for-stm32.13.3.rel1.win32_1.0.0.202411081344/tools/bin/../lib/gcc/arm-none-eabi/13.3.1/thumb/v7e-m+fp/hard/crti.o
LOAD D:/STM32CubeIDE_1.18.1/STM32CubeIDE/plugins/com.st.stm32cube.ide.mcu.externaltools.gnu-tools-for-stm32.13.3.rel1.win32_1.0.0.202411081344/tools/bin/../lib/gcc/arm-none-eabi/13.3.1/thumb/v7e-m+fp/hard/crtbegin.o
LOAD D:/STM32CubeIDE_1.18.1/STM32CubeIDE/plugins/com.st.stm32cube.ide.mcu.externaltools.gnu-tools-for-stm32.13.3.rel1.win32_1.0.0.202411081344/tools/bin/../lib/gcc/arm-none-eabi/13.3.1/../../../../arm-none-eabi/lib/thumb/v7e-m+fp/hard/crt0.o
LOAD ./Drivers/src/stm32f4xx_cus.o
LOAD ./Drivers/src/stm32f4xx_cus_gpio.o
LOAD ./Drivers/src/stm32f4xx_cus_i2c.o
LOAD ./Src/i2cExample.o
LOAD ./Src/syscalls.o
LOAD ./Src/sysmem.o
LOAD ./Startup/startup_stm32f407vgtx.o
START GROUP
LOAD D:/STM32CubeIDE_1.18.1/STM32CubeIDE/plugins/com.st.stm32cube.ide.mcu.externaltools.gnu-tools-for-stm32.13.3.rel1.win32_1.0.0.202411081344/tools/bin/../lib/gcc/arm-none-eabi/13.3.1/../../../../arm-none-eabi/lib/thumb/v7e-m+fp/hard\libc_nano.a
LOAD D:/STM32CubeIDE_1.18.1/STM32CubeIDE/plugins/com.st.stm32cube.ide.mcu.externaltools.gnu-tools-for-stm32.13.3.rel1.win32_1.0.0.202411081344/tools/bin/../lib/gcc/arm-none-eabi/13.3.1/../../../../arm-none-eabi/lib/thumb/v7e-m+fp/hard\libm.a
END GROUP
START GROUP
LOAD D:/STM32CubeIDE_1.18.1/STM32CubeIDE/plugins/com.st.stm32cube.ide.mcu.externaltools.gnu-tools-for-stm32.13.3.rel1.win32_1.0.0.202411081344/tools/bin/../lib/gcc/arm-none-eabi/13.3.1/thumb/v7e-m+fp/hard\libgcc.a
LOAD D:/STM32CubeIDE_1.18.1/STM32CubeIDE/plugins/com.st.stm32cube.ide.mcu.externaltools.gnu-tools-for-stm32.13.3.rel1.win32_1.0.0.202411081344/tools/bin/../lib/gcc/arm-none-eabi/13.3.1/../../../../arm-none-eabi/lib/thumb/v7e-m+fp/hard\libc_nano.a
END GROUP
START GROUP
LOAD D:/STM32CubeIDE_1.18.1/STM32CubeIDE/plugins/com.st.stm32cube.ide.mcu.externaltools.gnu-tools-for-stm32.13.3.rel1.win32_1.0.0.202411081344/tools/bin/../lib/gcc/arm-none-eabi/13.3.1/thumb/v7e-m+fp/hard\libgcc.a
LOAD D:/STM32CubeIDE_1.18.1/STM32CubeIDE/plugins/com.st.stm32cube.ide.mcu.externaltools.gnu-tools-for-stm32.13.3.rel1.win32_1.0.0.202411081344/tools/bin/../lib/gcc/arm-none-eabi/13.3.1/../../../../arm-none-eabi/lib/thumb/v7e-m+fp/hard\libc_nano.a
LOAD D:/STM32CubeIDE_1.18.1/STM32CubeIDE/plugins/com.st.stm32cube.ide.mcu.externaltools.gnu-tools-for-stm32.13.3.rel1.win32_1.0.0.202411081344/tools/bin/../lib/gcc/arm-none-eabi/13.3.1/../../../../arm-none-eabi/lib/thumb/v7e-m+fp/hard\libnosys.a
END GROUP
START GROUP
LOAD D:/STM32CubeIDE_1.18.1/STM32CubeIDE/plugins/com.st.stm32cube.ide.mcu.externaltools.gnu-tools-for-stm32.13.3.rel1.win32_1.0.0.202411081344/tools/bin/../lib/gcc/arm-none-eabi/13.3.1/thumb/v7e-m+fp/hard\libgcc.a
LOAD D:/STM32CubeIDE_1.18.1/STM32CubeIDE/plugins/com.st.stm32cube.ide.mcu.externaltools.gnu-tools-for-stm32.13.3.rel1.win32_1.0.0.202411081344/tools/bin/../lib/gcc/arm-none-eabi/13.3.1/../../../../arm-none-eabi/lib/thumb/v7e-m+fp/hard\libc_nano.a
LOAD D:/STM32CubeIDE_1.18.1/STM32CubeIDE/plugins/com.st.stm32cube.ide.mcu.externaltools.gnu-tools-for-stm32.13.3.rel1.win32_1.0.0.202411081344/tools/bin/../lib/gcc/arm-none-eabi/13.3.1/../../../../arm-none-eabi/lib/thumb/v7e-m+fp/hard\libnosys.a
END GROUP
LOAD D:/STM32CubeIDE_1.18.1/STM32CubeIDE/plugins/com.st.stm32cube.ide.mcu.externaltools.gnu-tools-for-stm32.13.3.rel1.win32_1.0.0.202411081344/tools/bin/../lib/gcc/arm-none-eabi/13.3.1/thumb/v7e-m+fp/hard/crtend.o
LOAD D:/STM32CubeIDE_1.18.1/STM32CubeIDE/plugins/com.st.stm32cube.ide.mcu.externaltools.gnu-tools-for-stm32.13.3.rel1.win32_1.0.0.202411081344/tools/bin/../lib/gcc/arm-none-eabi/13.3.1/thumb/v7e-m+fp/hard/crtn.o
                0x20020000                        _estack = (ORIGIN (RAM) + LENGTH (RAM))
                0x00000200                        _Min_Heap_Size = 0x200
                0x00000400                        _Min_Stack_Size = 0x400

.isr_vector     0x08000000      0x188
                0x08000000                        . = ALIGN (0x4)
 *(.isr_vector)
 .isr_vector    0x08000000      0x188 ./Startup/startup_stm32f407vgtx.o
                0x08000000                g_pfnVectors
                0x08000188                        . = ALIGN (0x4)

.text           0x08000188      0x9d4
                0x08000188                        . = ALIGN (0x4)
 *(.text)
 .text          0x08000188       0x40 D:/STM32CubeIDE_1.18.1/STM32CubeIDE/plugins/com.st.stm32cube.ide.mcu.externaltools.gnu-tools-for-stm32.13.3.rel1.win32_1.0.0.202411081344/tools/bin/../lib/gcc/arm-none-eabi/13.3.1/thumb/v7e-m+fp/hard/crtbegin.o
 *(.text*)
 .text.Get_APB1_Clock_Speed
                0x080001c8       0xcc ./Drivers/src/stm32f4xx_cus.o
                0x080001c8                Get_APB1_Clock_Speed
 .text.GPIO_INIT
                0x08000294      0x3d4 ./Drivers/src/stm32f4xx_cus_gpio.o
                0x08000294                GPIO_INIT
 .text.GPIO_INPUT
                0x08000668       0x2c ./Drivers/src/stm32f4xx_cus_gpio.o
                0x08000668                GPIO_INPUT
 .text.I2C_INIT
                0x08000694      0x218 ./Drivers/src/stm32f4xx_cus_i2c.o
                0x08000694                I2C_INIT
 .text.I2C_Write
                0x080008ac       0xd4 ./Drivers/src/stm32f4xx_cus_i2c.o
                0x080008ac                I2C_Write
 .text.I2C_Address
                0x08000980       0x2e ./Drivers/src/stm32f4xx_cus_i2c.o
                0x08000980                I2C_Address
 *fill*         0x080009ae        0x2 
 .text.main     0x080009b0       0x44 ./Src/i2cExample.o
                0x080009b0                main
 .text.I2C_USER_INIT
                0x080009f4       0x44 ./Src/i2cExample.o
                0x080009f4                I2C_USER_INIT
 .text.GPIO_USER_INIT
                0x08000a38       0x70 ./Src/i2cExample.o
                0x08000a38                GPIO_USER_INIT
 .text.Reset_Handler
                0x08000aa8       0x50 ./Startup/startup_stm32f407vgtx.o
                0x08000aa8                Reset_Handler
 .text.Default_Handler
                0x08000af8        0x2 ./Startup/startup_stm32f407vgtx.o
                0x08000af8                RTC_Alarm_IRQHandler
                0x08000af8                HASH_RNG_IRQHandler
                0x08000af8                EXTI2_IRQHandler
                0x08000af8                TIM8_CC_IRQHandler
                0x08000af8                DebugMon_Handler
                0x08000af8                TIM1_CC_IRQHandler
                0x08000af8                DMA2_Stream5_IRQHandler
                0x08000af8                HardFault_Handler
                0x08000af8                DMA1_Stream5_IRQHandler
                0x08000af8                SysTick_Handler
                0x08000af8                PVD_IRQHandler
                0x08000af8                SDIO_IRQHandler
                0x08000af8                TAMP_STAMP_IRQHandler
                0x08000af8                PendSV_Handler
                0x08000af8                NMI_Handler
                0x08000af8                CAN2_RX1_IRQHandler
                0x08000af8                EXTI3_IRQHandler
                0x08000af8                TIM8_TRG_COM_TIM14_IRQHandler
                0x08000af8                TIM1_UP_TIM10_IRQHandler
                0x08000af8                TIM8_UP_TIM13_IRQHandler
                0x08000af8                I2C3_ER_IRQHandler
                0x08000af8                EXTI0_IRQHandler
                0x08000af8                I2C2_EV_IRQHandler
                0x08000af8                DMA1_Stream2_IRQHandler
                0x08000af8                CAN1_RX0_IRQHandler
                0x08000af8                FPU_IRQHandler
                0x08000af8                OTG_HS_WKUP_IRQHandler
                0x08000af8                UsageFault_Handler
                0x08000af8                CAN2_SCE_IRQHandler
                0x08000af8                DMA2_Stream2_IRQHandler
                0x08000af8                SPI1_IRQHandler
                0x08000af8                TIM6_DAC_IRQHandler
                0x08000af8                TIM1_BRK_TIM9_IRQHandler
                0x08000af8                DCMI_IRQHandler
                0x08000af8                CAN2_RX0_IRQHandler
                0x08000af8                DMA2_Stream3_IRQHandler
                0x08000af8                USART6_IRQHandler
                0x08000af8                USART3_IRQHandler
                0x08000af8                CRYP_IRQHandler
                0x08000af8                CAN1_RX1_IRQHandler
                0x08000af8                UART5_IRQHandler
                0x08000af8                DMA2_Stream0_IRQHandler
                0x08000af8                TIM4_IRQHandler
                0x08000af8                I2C1_EV_IRQHandler
                0x08000af8                DMA1_Stream6_IRQHandler
                0x08000af8                DMA1_Stream1_IRQHandler
                0x08000af8                UART4_IRQHandler
                0x08000af8                TIM3_IRQHandler
                0x08000af8                RCC_IRQHandler
                0x08000af8                TIM8_BRK_TIM12_IRQHandler
                0x08000af8                Default_Handler
                0x08000af8                EXTI15_10_IRQHandler
                0x08000af8                ADC_IRQHandler
                0x08000af8                DMA1_Stream7_IRQHandler
                0x08000af8                TIM7_IRQHandler
                0x08000af8                CAN2_TX_IRQHandler
                0x08000af8                TIM5_IRQHandler
                0x08000af8                DMA2_Stream7_IRQHandler
                0x08000af8                I2C3_EV_IRQHandler
                0x08000af8                EXTI9_5_IRQHandler
                0x08000af8                RTC_WKUP_IRQHandler
                0x08000af8                ETH_WKUP_IRQHandler
                0x08000af8                SPI2_IRQHandler
                0x08000af8                OTG_HS_EP1_IN_IRQHandler
                0x08000af8                MemManage_Handler
                0x08000af8                DMA1_Stream0_IRQHandler
                0x08000af8                CAN1_TX_IRQHandler
                0x08000af8                SVC_Handler
                0x08000af8                EXTI4_IRQHandler
                0x08000af8                FSMC_IRQHandler
                0x08000af8                ETH_IRQHandler
                0x08000af8                OTG_HS_EP1_OUT_IRQHandler
                0x08000af8                WWDG_IRQHandler
                0x08000af8                TIM2_IRQHandler
                0x08000af8                OTG_FS_WKUP_IRQHandler
                0x08000af8                TIM1_TRG_COM_TIM11_IRQHandler
                0x08000af8                OTG_HS_IRQHandler
                0x08000af8                EXTI1_IRQHandler
                0x08000af8                USART2_IRQHandler
                0x08000af8                I2C2_ER_IRQHandler
                0x08000af8                DMA2_Stream1_IRQHandler
                0x08000af8                CAN1_SCE_IRQHandler
                0x08000af8                DMA2_Stream4_IRQHandler
                0x08000af8                BusFault_Handler
                0x08000af8                USART1_IRQHandler
                0x08000af8                OTG_FS_IRQHandler
                0x08000af8                SPI3_IRQHandler
                0x08000af8                DMA1_Stream4_IRQHandler
                0x08000af8                I2C1_ER_IRQHandler
                0x08000af8                DMA2_Stream6_IRQHandler
                0x08000af8                DMA1_Stream3_IRQHandler
 *fill*         0x08000afa        0x2 
 .text.__libc_init_array
                0x08000afc       0x48 D:/STM32CubeIDE_1.18.1/STM32CubeIDE/plugins/com.st.stm32cube.ide.mcu.externaltools.gnu-tools-for-stm32.13.3.rel1.win32_1.0.0.202411081344/tools/bin/../lib/gcc/arm-none-eabi/13.3.1/../../../../arm-none-eabi/lib/thumb/v7e-m+fp/hard\libc_nano.a(libc_a-init.o)
                0x08000afc                __libc_init_array
 *(.glue_7)
 .glue_7        0x08000b44        0x0 linker stubs
 *(.glue_7t)
 .glue_7t       0x08000b44        0x0 linker stubs
 *(.eh_frame)
 .eh_frame      0x08000b44        0x0 D:/STM32CubeIDE_1.18.1/STM32CubeIDE/plugins/com.st.stm32cube.ide.mcu.externaltools.gnu-tools-for-stm32.13.3.rel1.win32_1.0.0.202411081344/tools/bin/../lib/gcc/arm-none-eabi/13.3.1/thumb/v7e-m+fp/hard/crtbegin.o
 *(.init)
 .init          0x08000b44        0x4 D:/STM32CubeIDE_1.18.1/STM32CubeIDE/plugins/com.st.stm32cube.ide.mcu.externaltools.gnu-tools-for-stm32.13.3.rel1.win32_1.0.0.202411081344/tools/bin/../lib/gcc/arm-none-eabi/13.3.1/thumb/v7e-m+fp/hard/crti.o
                0x08000b44                _init
 .init          0x08000b48        0x8 D:/STM32CubeIDE_1.18.1/STM32CubeIDE/plugins/com.st.stm32cube.ide.mcu.externaltools.gnu-tools-for-stm32.13.3.rel1.win32_1.0.0.202411081344/tools/bin/../lib/gcc/arm-none-eabi/13.3.1/thumb/v7e-m+fp/hard/crtn.o
 *(.fini)
 .fini          0x08000b50        0x4 D:/STM32CubeIDE_1.18.1/STM32CubeIDE/plugins/com.st.stm32cube.ide.mcu.externaltools.gnu-tools-for-stm32.13.3.rel1.win32_1.0.0.202411081344/tools/bin/../lib/gcc/arm-none-eabi/13.3.1/thumb/v7e-m+fp/hard/crti.o
                0x08000b50                _fini
 .fini          0x08000b54        0x8 D:/STM32CubeIDE_1.18.1/STM32CubeIDE/plugins/com.st.stm32cube.ide.mcu.externaltools.gnu-tools-for-stm32.13.3.rel1.win32_1.0.0.202411081344/tools/bin/../lib/gcc/arm-none-eabi/13.3.1/thumb/v7e-m+fp/hard/crtn.o
                0x08000b5c                        . = ALIGN (0x4)
                0x08000b5c                        _etext = .

.vfp11_veneer   0x08000b5c        0x0
 .vfp11_veneer  0x08000b5c        0x0 linker stubs

.v4_bx          0x08000b5c        0x0
 .v4_bx         0x08000b5c        0x0 linker stubs

.iplt           0x08000b5c        0x0
 .iplt          0x08000b5c        0x0 D:/STM32CubeIDE_1.18.1/STM32CubeIDE/plugins/com.st.stm32cube.ide.mcu.externaltools.gnu-tools-for-stm32.13.3.rel1.win32_1.0.0.202411081344/tools/bin/../lib/gcc/arm-none-eabi/13.3.1/thumb/v7e-m+fp/hard/crtbegin.o

.rodata         0x08000b5c       0x30
                0x08000b5c                        . = ALIGN (0x4)
 *(.rodata)
 .rodata        0x08000b5c       0x30 ./Drivers/src/stm32f4xx_cus.o
 *(.rodata*)
                0x08000b8c                        . = ALIGN (0x4)

.rel.dyn        0x08000b8c        0x0
 .rel.iplt      0x08000b8c        0x0 D:/STM32CubeIDE_1.18.1/STM32CubeIDE/plugins/com.st.stm32cube.ide.mcu.externaltools.gnu-tools-for-stm32.13.3.rel1.win32_1.0.0.202411081344/tools/bin/../lib/gcc/arm-none-eabi/13.3.1/thumb/v7e-m+fp/hard/crtbegin.o

.ARM.extab      0x08000b8c        0x0
                0x08000b8c                        . = ALIGN (0x4)
 *(.ARM.extab* .gnu.linkonce.armextab.*)
                0x08000b8c                        . = ALIGN (0x4)

.ARM            0x08000b8c        0x0
                0x08000b8c                        . = ALIGN (0x4)
                0x08000b8c                        __exidx_start = .
 *(.ARM.exidx*)
                0x08000b8c                        __exidx_end = .
                0x08000b8c                        . = ALIGN (0x4)

.preinit_array  0x08000b8c        0x0
                0x08000b8c                        . = ALIGN (0x4)
                0x08000b8c                        PROVIDE (__preinit_array_start = .)
 *(.preinit_array*)
                0x08000b8c                        PROVIDE (__preinit_array_end = .)
                0x08000b8c                        . = ALIGN (0x4)

.init_array     0x08000b8c        0x4
                0x08000b8c                        . = ALIGN (0x4)
                0x08000b8c                        PROVIDE (__init_array_start = .)
 *(SORT_BY_NAME(.init_array.*))
 *(.init_array*)
 .init_array    0x08000b8c        0x4 D:/STM32CubeIDE_1.18.1/STM32CubeIDE/plugins/com.st.stm32cube.ide.mcu.externaltools.gnu-tools-for-stm32.13.3.rel1.win32_1.0.0.202411081344/tools/bin/../lib/gcc/arm-none-eabi/13.3.1/thumb/v7e-m+fp/hard/crtbegin.o
                0x08000b90                        PROVIDE (__init_array_end = .)
                0x08000b90                        . = ALIGN (0x4)

.fini_array     0x08000b90        0x4
                0x08000b90                        . = ALIGN (0x4)
                [!provide]                        PROVIDE (__fini_array_start = .)
 *(SORT_BY_NAME(.fini_array.*))
 *(.fini_array*)
 .fini_array    0x08000b90        0x4 D:/STM32CubeIDE_1.18.1/STM32CubeIDE/plugins/com.st.stm32cube.ide.mcu.externaltools.gnu-tools-for-stm32.13.3.rel1.win32_1.0.0.202411081344/tools/bin/../lib/gcc/arm-none-eabi/13.3.1/thumb/v7e-m+fp/hard/crtbegin.o
                [!provide]                        PROVIDE (__fini_array_end = .)
                0x08000b94                        . = ALIGN (0x4)
                0x08000b94                        _sidata = LOADADDR (.data)

.data           0x20000000       0x1c load address 0x08000b94
                0x20000000                        . = ALIGN (0x4)
                0x20000000                        _sdata = .
 *(.data)
 *(.data*)
 .data.i2c_data
                0x20000000       0x19 ./Src/i2cExample.o
                0x20000000                i2c_data
 *(.RamFunc)
 *(.RamFunc*)
                0x2000001c                        . = ALIGN (0x4)
 *fill*         0x20000019        0x3 
                0x2000001c                        _edata = .
                0x08000bb0                        _siccmram = LOADADDR (.ccmram)

.igot.plt       0x2000001c        0x0 load address 0x08000bb0
 .igot.plt      0x2000001c        0x0 D:/STM32CubeIDE_1.18.1/STM32CubeIDE/plugins/com.st.stm32cube.ide.mcu.externaltools.gnu-tools-for-stm32.13.3.rel1.win32_1.0.0.202411081344/tools/bin/../lib/gcc/arm-none-eabi/13.3.1/thumb/v7e-m+fp/hard/crtbegin.o

.ccmram         0x10000000        0x0 load address 0x08000bb0
                0x10000000                        . = ALIGN (0x4)
                0x10000000                        _sccmram = .
 *(.ccmram)
 *(.ccmram*)
                0x10000000                        . = ALIGN (0x4)
                0x10000000                        _eccmram = .
                0x10000000                        . = ALIGN (0x4)

.bss            0x2000001c       0x40
                0x2000001c                        _sbss = .
                0x2000001c                        __bss_start__ = _sbss
 *(.bss)
 .bss           0x2000001c       0x1c D:/STM32CubeIDE_1.18.1/STM32CubeIDE/plugins/com.st.stm32cube.ide.mcu.externaltools.gnu-tools-for-stm32.13.3.rel1.win32_1.0.0.202411081344/tools/bin/../lib/gcc/arm-none-eabi/13.3.1/thumb/v7e-m+fp/hard/crtbegin.o
 *(.bss*)
 .bss.SystemClockSrc
                0x20000038        0x4 ./Drivers/src/stm32f4xx_cus.o
                0x20000038                SystemClockSrc
 .bss.I2C_Handle
                0x2000003c       0x10 ./Src/i2cExample.o
                0x2000003c                I2C_Handle
 .bss.GPIO_Handle
                0x2000004c        0xc ./Src/i2cExample.o
                0x2000004c                GPIO_Handle
 .bss.readInput
                0x20000058        0x1 ./Src/i2cExample.o
                0x20000058                readInput
 *(COMMON)
                0x2000005c                        . = ALIGN (0x4)
 *fill*         0x20000059        0x3 
                0x2000005c                        _ebss = .
                0x2000005c                        __bss_end__ = _ebss

._user_heap_stack
                0x2000005c      0x604
                0x20000060                        . = ALIGN (0x8)
 *fill*         0x2000005c        0x4 
                [!provide]                        PROVIDE (end = .)
                0x20000060                        PROVIDE (_end = .)
                0x20000260                        . = (. + _Min_Heap_Size)
 *fill*         0x20000060      0x200 
                0x20000660                        . = (. + _Min_Stack_Size)
 *fill*         0x20000260      0x400 
                0x20000660                        . = ALIGN (0x8)

/DISCARD/
 libc.a(*)
 libm.a(*)
 libgcc.a(*)

.ARM.attributes
                0x00000000       0x30
 *(.ARM.attributes)
 .ARM.attributes
                0x00000000       0x22 D:/STM32CubeIDE_1.18.1/STM32CubeIDE/plugins/com.st.stm32cube.ide.mcu.externaltools.gnu-tools-for-stm32.13.3.rel1.win32_1.0.0.202411081344/tools/bin/../lib/gcc/arm-none-eabi/13.3.1/thumb/v7e-m+fp/hard/crti.o
 .ARM.attributes
                0x00000022       0x34 D:/STM32CubeIDE_1.18.1/STM32CubeIDE/plugins/com.st.stm32cube.ide.mcu.externaltools.gnu-tools-for-stm32.13.3.rel1.win32_1.0.0.202411081344/tools/bin/../lib/gcc/arm-none-eabi/13.3.1/thumb/v7e-m+fp/hard/crtbegin.o
 .ARM.attributes
                0x00000056       0x34 ./Drivers/src/stm32f4xx_cus.o
 .ARM.attributes
                0x0000008a       0x34 ./Drivers/src/stm32f4xx_cus_gpio.o
 .ARM.attributes
                0x000000be       0x34 ./Drivers/src/stm32f4xx_cus_i2c.o
 .ARM.attributes
                0x000000f2       0x34 ./Src/i2cExample.o
 .ARM.attributes
                0x00000126       0x21 ./Startup/startup_stm32f407vgtx.o
 .ARM.attributes
                0x00000147       0x34 D:/STM32CubeIDE_1.18.1/STM32CubeIDE/plugins/com.st.stm32cube.ide.mcu.externaltools.gnu-tools-for-stm32.13.3.rel1.win32_1.0.0.202411081344/tools/bin/../lib/gcc/arm-none-eabi/13.3.1/../../../../arm-none-eabi/lib/thumb/v7e-m+fp/hard\libc_nano.a(libc_a-init.o)
 .ARM.attributes
                0x0000017b       0x22 D:/STM32CubeIDE_1.18.1/STM32CubeIDE/plugins/com.st.stm32cube.ide.mcu.externaltools.gnu-tools-for-stm32.13.3.rel1.win32_1.0.0.202411081344/tools/bin/../lib/gcc/arm-none-eabi/13.3.1/thumb/v7e-m+fp/hard/crtn.o
OUTPUT(Protocols.elf elf32-littlearm)
LOAD linker stubs
LOAD D:/STM32CubeIDE_1.18.1/STM32CubeIDE/plugins/com.st.stm32cube.ide.mcu.externaltools.gnu-tools-for-stm32.13.3.rel1.win32_1.0.0.202411081344/tools/bin/../lib/gcc/arm-none-eabi/13.3.1/../../../../arm-none-eabi/lib/thumb/v7e-m+fp/hard\libc.a
LOAD D:/STM32CubeIDE_1.18.1/STM32CubeIDE/plugins/com.st.stm32cube.ide.mcu.externaltools.gnu-tools-for-stm32.13.3.rel1.win32_1.0.0.202411081344/tools/bin/../lib/gcc/arm-none-eabi/13.3.1/../../../../arm-none-eabi/lib/thumb/v7e-m+fp/hard\libm.a
LOAD D:/STM32CubeIDE_1.18.1/STM32CubeIDE/plugins/com.st.stm32cube.ide.mcu.externaltools.gnu-tools-for-stm32.13.3.rel1.win32_1.0.0.202411081344/tools/bin/../lib/gcc/arm-none-eabi/13.3.1/thumb/v7e-m+fp/hard\libgcc.a

.debug_info     0x00000000     0x121b
 .debug_info    0x00000000      0x318 ./Drivers/src/stm32f4xx_cus.o
 .debug_info    0x00000318      0x64d ./Drivers/src/stm32f4xx_cus_gpio.o
 .debug_info    0x00000965      0x4ac ./Drivers/src/stm32f4xx_cus_i2c.o
 .debug_info    0x00000e11      0x3da ./Src/i2cExample.o
 .debug_info    0x000011eb       0x30 ./Startup/startup_stm32f407vgtx.o

.debug_abbrev   0x00000000      0x481
 .debug_abbrev  0x00000000       0xe2 ./Drivers/src/stm32f4xx_cus.o
 .debug_abbrev  0x000000e2      0x126 ./Drivers/src/stm32f4xx_cus_gpio.o
 .debug_abbrev  0x00000208      0x146 ./Drivers/src/stm32f4xx_cus_i2c.o
 .debug_abbrev  0x0000034e      0x10f ./Src/i2cExample.o
 .debug_abbrev  0x0000045d       0x24 ./Startup/startup_stm32f407vgtx.o

.debug_aranges  0x00000000      0x100
 .debug_aranges
                0x00000000       0x20 ./Drivers/src/stm32f4xx_cus.o
 .debug_aranges
                0x00000020       0x50 ./Drivers/src/stm32f4xx_cus_gpio.o
 .debug_aranges
                0x00000070       0x38 ./Drivers/src/stm32f4xx_cus_i2c.o
 .debug_aranges
                0x000000a8       0x30 ./Src/i2cExample.o
 .debug_aranges
                0x000000d8       0x28 ./Startup/startup_stm32f407vgtx.o

.debug_rnglists
                0x00000000       0xab
 .debug_rnglists
                0x00000000       0x14 ./Drivers/src/stm32f4xx_cus.o
 .debug_rnglists
                0x00000014       0x38 ./Drivers/src/stm32f4xx_cus_gpio.o
 .debug_rnglists
                0x0000004c       0x27 ./Drivers/src/stm32f4xx_cus_i2c.o
 .debug_rnglists
                0x00000073       0x1f ./Src/i2cExample.o
 .debug_rnglists
                0x00000092       0x19 ./Startup/startup_stm32f407vgtx.o

.debug_macro    0x00000000     0x25d7
 .debug_macro   0x00000000      0x176 ./Drivers/src/stm32f4xx_cus.o
 .debug_macro   0x00000176      0xae4 ./Drivers/src/stm32f4xx_cus.o
 .debug_macro   0x00000c5a       0x22 ./Drivers/src/stm32f4xx_cus.o
 .debug_macro   0x00000c7c       0x5b ./Drivers/src/stm32f4xx_cus.o
 .debug_macro   0x00000cd7       0x2a ./Drivers/src/stm32f4xx_cus.o
 .debug_macro   0x00000d01       0x94 ./Drivers/src/stm32f4xx_cus.o
 .debug_macro   0x00000d95       0x43 ./Drivers/src/stm32f4xx_cus.o
 .debug_macro   0x00000dd8       0x34 ./Drivers/src/stm32f4xx_cus.o
 .debug_macro   0x00000e0c       0x16 ./Drivers/src/stm32f4xx_cus.o
 .debug_macro   0x00000e22       0x57 ./Drivers/src/stm32f4xx_cus.o
 .debug_macro   0x00000e79       0x9e ./Drivers/src/stm32f4xx_cus.o
 .debug_macro   0x00000f17      0x370 ./Drivers/src/stm32f4xx_cus.o
 .debug_macro   0x00001287      0x112 ./Drivers/src/stm32f4xx_cus.o
 .debug_macro   0x00001399       0x10 ./Drivers/src/stm32f4xx_cus.o
 .debug_macro   0x000013a9       0x16 ./Drivers/src/stm32f4xx_cus.o
 .debug_macro   0x000013bf       0x4a ./Drivers/src/stm32f4xx_cus.o
 .debug_macro   0x00001409       0x34 ./Drivers/src/stm32f4xx_cus.o
 .debug_macro   0x0000143d       0x10 ./Drivers/src/stm32f4xx_cus.o
 .debug_macro   0x0000144d       0x58 ./Drivers/src/stm32f4xx_cus.o
 .debug_macro   0x000014a5       0x8e ./Drivers/src/stm32f4xx_cus.o
 .debug_macro   0x00001533       0x1c ./Drivers/src/stm32f4xx_cus.o
 .debug_macro   0x0000154f      0x185 ./Drivers/src/stm32f4xx_cus.o
 .debug_macro   0x000016d4       0x16 ./Drivers/src/stm32f4xx_cus.o
 .debug_macro   0x000016ea       0x16 ./Drivers/src/stm32f4xx_cus.o
 .debug_macro   0x00001700      0x146 ./Drivers/src/stm32f4xx_cus.o
 .debug_macro   0x00001846      0x103 ./Drivers/src/stm32f4xx_cus.o
 .debug_macro   0x00001949       0x6a ./Drivers/src/stm32f4xx_cus.o
 .debug_macro   0x000019b3      0x1df ./Drivers/src/stm32f4xx_cus.o
 .debug_macro   0x00001b92      0x1eb ./Drivers/src/stm32f4xx_cus.o
 .debug_macro   0x00001d7d      0x1a2 ./Drivers/src/stm32f4xx_cus.o
 .debug_macro   0x00001f1f       0x7c ./Drivers/src/stm32f4xx_cus.o
 .debug_macro   0x00001f9b      0x180 ./Drivers/src/stm32f4xx_cus_gpio.o
 .debug_macro   0x0000211b       0x76 ./Drivers/src/stm32f4xx_cus_gpio.o
 .debug_macro   0x00002191      0x180 ./Drivers/src/stm32f4xx_cus_i2c.o
 .debug_macro   0x00002311      0x186 ./Src/i2cExample.o
 .debug_macro   0x00002497       0x8e ./Src/i2cExample.o
 .debug_macro   0x00002525       0x51 ./Src/i2cExample.o
 .debug_macro   0x00002576       0x61 ./Src/i2cExample.o

.debug_line     0x00000000     0x1f25
 .debug_line    0x00000000      0x642 ./Drivers/src/stm32f4xx_cus.o
 .debug_line    0x00000642      0x95a ./Drivers/src/stm32f4xx_cus_gpio.o
 .debug_line    0x00000f9c      0x892 ./Drivers/src/stm32f4xx_cus_i2c.o
 .debug_line    0x0000182e      0x67c ./Src/i2cExample.o
 .debug_line    0x00001eaa       0x7b ./Startup/startup_stm32f407vgtx.o

.debug_str      0x00000000     0x8dbb
 .debug_str     0x00000000     0x8dbb ./Drivers/src/stm32f4xx_cus.o
                               0x8c41 (size before relaxing)
 .debug_str     0x00008dbb     0x8d78 ./Drivers/src/stm32f4xx_cus_gpio.o
 .debug_str     0x00008dbb     0x8c8d ./Drivers/src/stm32f4xx_cus_i2c.o
 .debug_str     0x00008dbb     0x8c38 ./Src/i2cExample.o
 .debug_str     0x00008dbb       0x70 ./Startup/startup_stm32f407vgtx.o

.comment        0x00000000       0x43
 .comment       0x00000000       0x43 ./Drivers/src/stm32f4xx_cus.o
                                 0x44 (size before relaxing)
 .comment       0x00000043       0x44 ./Drivers/src/stm32f4xx_cus_gpio.o
 .comment       0x00000043       0x44 ./Drivers/src/stm32f4xx_cus_i2c.o
 .comment       0x00000043       0x44 ./Src/i2cExample.o

.debug_frame    0x00000000      0x29c
 .debug_frame   0x00000000       0x3c ./Drivers/src/stm32f4xx_cus.o
 .debug_frame   0x0000003c      0x128 ./Drivers/src/stm32f4xx_cus_gpio.o
 .debug_frame   0x00000164       0xa8 ./Drivers/src/stm32f4xx_cus_i2c.o
 .debug_frame   0x0000020c       0x64 ./Src/i2cExample.o
 .debug_frame   0x00000270       0x2c D:/STM32CubeIDE_1.18.1/STM32CubeIDE/plugins/com.st.stm32cube.ide.mcu.externaltools.gnu-tools-for-stm32.13.3.rel1.win32_1.0.0.202411081344/tools/bin/../lib/gcc/arm-none-eabi/13.3.1/../../../../arm-none-eabi/lib/thumb/v7e-m+fp/hard\libc_nano.a(libc_a-init.o)

.debug_line_str
                0x00000000       0x54
 .debug_line_str
                0x00000000       0x54 ./Startup/startup_stm32f407vgtx.o
