Archive member included to satisfy reference by file (symbol)

D:/STM32CubeIDE_1.18.1/STM32CubeIDE/plugins/com.st.stm32cube.ide.mcu.externaltools.gnu-tools-for-stm32.13.3.rel1.win32_1.0.0.202411081344/tools/bin/../lib/gcc/arm-none-eabi/13.3.1/../../../../arm-none-eabi/lib/thumb/v7e-m+fp/hard\libc_nano.a(libc_a-exit.o)
                              D:/STM32CubeIDE_1.18.1/STM32CubeIDE/plugins/com.st.stm32cube.ide.mcu.externaltools.gnu-tools-for-stm32.13.3.rel1.win32_1.0.0.202411081344/tools/bin/../lib/gcc/arm-none-eabi/13.3.1/../../../../arm-none-eabi/lib/thumb/v7e-m+fp/hard/crt0.o (exit)
D:/STM32CubeIDE_1.18.1/STM32CubeIDE/plugins/com.st.stm32cube.ide.mcu.externaltools.gnu-tools-for-stm32.13.3.rel1.win32_1.0.0.202411081344/tools/bin/../lib/gcc/arm-none-eabi/13.3.1/../../../../arm-none-eabi/lib/thumb/v7e-m+fp/hard\libc_nano.a(libc_a-findfp.o)
                              D:/STM32CubeIDE_1.18.1/STM32CubeIDE/plugins/com.st.stm32cube.ide.mcu.externaltools.gnu-tools-for-stm32.13.3.rel1.win32_1.0.0.202411081344/tools/bin/../lib/gcc/arm-none-eabi/13.3.1/../../../../arm-none-eabi/lib/thumb/v7e-m+fp/hard\libc_nano.a(libc_a-exit.o) (__stdio_exit_handler)
D:/STM32CubeIDE_1.18.1/STM32CubeIDE/plugins/com.st.stm32cube.ide.mcu.externaltools.gnu-tools-for-stm32.13.3.rel1.win32_1.0.0.202411081344/tools/bin/../lib/gcc/arm-none-eabi/13.3.1/../../../../arm-none-eabi/lib/thumb/v7e-m+fp/hard\libc_nano.a(libc_a-fwalk.o)
                              D:/STM32CubeIDE_1.18.1/STM32CubeIDE/plugins/com.st.stm32cube.ide.mcu.externaltools.gnu-tools-for-stm32.13.3.rel1.win32_1.0.0.202411081344/tools/bin/../lib/gcc/arm-none-eabi/13.3.1/../../../../arm-none-eabi/lib/thumb/v7e-m+fp/hard\libc_nano.a(libc_a-findfp.o) (_fwalk_sglue)
D:/STM32CubeIDE_1.18.1/STM32CubeIDE/plugins/com.st.stm32cube.ide.mcu.externaltools.gnu-tools-for-stm32.13.3.rel1.win32_1.0.0.202411081344/tools/bin/../lib/gcc/arm-none-eabi/13.3.1/../../../../arm-none-eabi/lib/thumb/v7e-m+fp/hard\libc_nano.a(libc_a-stdio.o)
                              D:/STM32CubeIDE_1.18.1/STM32CubeIDE/plugins/com.st.stm32cube.ide.mcu.externaltools.gnu-tools-for-stm32.13.3.rel1.win32_1.0.0.202411081344/tools/bin/../lib/gcc/arm-none-eabi/13.3.1/../../../../arm-none-eabi/lib/thumb/v7e-m+fp/hard\libc_nano.a(libc_a-findfp.o) (__sread)
D:/STM32CubeIDE_1.18.1/STM32CubeIDE/plugins/com.st.stm32cube.ide.mcu.externaltools.gnu-tools-for-stm32.13.3.rel1.win32_1.0.0.202411081344/tools/bin/../lib/gcc/arm-none-eabi/13.3.1/../../../../arm-none-eabi/lib/thumb/v7e-m+fp/hard\libc_nano.a(libc_a-memset.o)
                              D:/STM32CubeIDE_1.18.1/STM32CubeIDE/plugins/com.st.stm32cube.ide.mcu.externaltools.gnu-tools-for-stm32.13.3.rel1.win32_1.0.0.202411081344/tools/bin/../lib/gcc/arm-none-eabi/13.3.1/../../../../arm-none-eabi/lib/thumb/v7e-m+fp/hard/crt0.o (memset)
D:/STM32CubeIDE_1.18.1/STM32CubeIDE/plugins/com.st.stm32cube.ide.mcu.externaltools.gnu-tools-for-stm32.13.3.rel1.win32_1.0.0.202411081344/tools/bin/../lib/gcc/arm-none-eabi/13.3.1/../../../../arm-none-eabi/lib/thumb/v7e-m+fp/hard\libc_nano.a(libc_a-closer.o)
                              D:/STM32CubeIDE_1.18.1/STM32CubeIDE/plugins/com.st.stm32cube.ide.mcu.externaltools.gnu-tools-for-stm32.13.3.rel1.win32_1.0.0.202411081344/tools/bin/../lib/gcc/arm-none-eabi/13.3.1/../../../../arm-none-eabi/lib/thumb/v7e-m+fp/hard\libc_nano.a(libc_a-stdio.o) (_close_r)
D:/STM32CubeIDE_1.18.1/STM32CubeIDE/plugins/com.st.stm32cube.ide.mcu.externaltools.gnu-tools-for-stm32.13.3.rel1.win32_1.0.0.202411081344/tools/bin/../lib/gcc/arm-none-eabi/13.3.1/../../../../arm-none-eabi/lib/thumb/v7e-m+fp/hard\libc_nano.a(libc_a-reent.o)
                              D:/STM32CubeIDE_1.18.1/STM32CubeIDE/plugins/com.st.stm32cube.ide.mcu.externaltools.gnu-tools-for-stm32.13.3.rel1.win32_1.0.0.202411081344/tools/bin/../lib/gcc/arm-none-eabi/13.3.1/../../../../arm-none-eabi/lib/thumb/v7e-m+fp/hard\libc_nano.a(libc_a-closer.o) (errno)
D:/STM32CubeIDE_1.18.1/STM32CubeIDE/plugins/com.st.stm32cube.ide.mcu.externaltools.gnu-tools-for-stm32.13.3.rel1.win32_1.0.0.202411081344/tools/bin/../lib/gcc/arm-none-eabi/13.3.1/../../../../arm-none-eabi/lib/thumb/v7e-m+fp/hard\libc_nano.a(libc_a-impure.o)
                              D:/STM32CubeIDE_1.18.1/STM32CubeIDE/plugins/com.st.stm32cube.ide.mcu.externaltools.gnu-tools-for-stm32.13.3.rel1.win32_1.0.0.202411081344/tools/bin/../lib/gcc/arm-none-eabi/13.3.1/../../../../arm-none-eabi/lib/thumb/v7e-m+fp/hard\libc_nano.a(libc_a-reent.o) (_impure_ptr)
D:/STM32CubeIDE_1.18.1/STM32CubeIDE/plugins/com.st.stm32cube.ide.mcu.externaltools.gnu-tools-for-stm32.13.3.rel1.win32_1.0.0.202411081344/tools/bin/../lib/gcc/arm-none-eabi/13.3.1/../../../../arm-none-eabi/lib/thumb/v7e-m+fp/hard\libc_nano.a(libc_a-lseekr.o)
[...]
Memory Configuration

Name             Origin             Length             Attributes
CCMRAM           0x10000000         0x00010000         xrw
RAM              0x20000000         0x00020000         xrw
FLASH            0x08000000         0x00100000         xr
*default*        0x00000000         0xffffffff

Linker script and memory map

LOAD D:/STM32CubeIDE_1.18.1/STM32CubeIDE/plugins/com.st.stm32cube.ide.mcu.externaltools.gnu-tools-for-stm32.13.3.rel1.win32_1.0.0.202411081344/tools/bin/../lib/gcc/arm-none-eabi/13.3.1/thumb/v7e-m+fp/hard/crti.o
LOAD D:/STM32CubeIDE_1.18.1/STM32CubeIDE/plugins/com.st.stm32cube.ide.mcu.externaltools.gnu-tools-for-stm32.13.3.rel1.win32_1.0.0.202411081344/tools/bin/../lib/gcc/arm-none-eabi/13.3.1/thumb/v7e-m+fp/hard/crtbegin.o
LOAD D:/STM32CubeIDE_1.18.1/STM32CubeIDE/plugins/com.st.stm32cube.ide.mcu.externaltools.gnu-tools-for-stm32.13.3.rel1.win32_1.0.0.202411081344/tools/bin/../lib/gcc/arm-none-eabi/13.3.1/../../../../arm-none-eabi/lib/thumb/v7e-m+fp/hard/crt0.o
LOAD ./Drivers/src/stm32f4xx_cus_gpio.o
LOAD ./Src/main.o
LOAD ./Src/syscalls.o
LOAD ./Src/sysmem.o
LOAD ./Startup/startup_stm32f407vgtx.o
START GROUP
LOAD D:/STM32CubeIDE_1.18.1/STM32CubeIDE/plugins/com.st.stm32cube.ide.mcu.externaltools.gnu-tools-for-stm32.13.3.rel1.win32_1.0.0.202411081344/tools/bin/../lib/gcc/arm-none-eabi/13.3.1/../../../../arm-none-eabi/lib/thumb/v7e-m+fp/hard\libc_nano.a
LOAD D:/STM32CubeIDE_1.18.1/STM32CubeIDE/plugins/com.st.stm32cube.ide.mcu.externaltools.gnu-tools-for-stm32.13.3.rel1.win32_1.0.0.202411081344/tools/bin/../lib/gcc/arm-none-eabi/13.3.1/../../../../arm-none-eabi/lib/thumb/v7e-m+fp/hard\libm.a
END GROUP
START GROUP
LOAD D:/STM32CubeIDE_1.18.1/STM32CubeIDE/plugins/com.st.stm32cube.ide.mcu.externaltools.gnu-tools-for-stm32.13.3.rel1.win32_1.0.0.202411081344/tools/bin/../lib/gcc/arm-none-eabi/13.3.1/thumb/v7e-m+fp/hard\libgcc.a
LOAD D:/STM32CubeIDE_1.18.1/STM32CubeIDE/plugins/com.st.stm32cube.ide.mcu.externaltools.gnu-tools-for-stm32.13.3.rel1.win32_1.0.0.202411081344/tools/bin/../lib/gcc/arm-none-eabi/13.3.1/../../../../arm-none-eabi/lib/thumb/v7e-m+fp/hard\libc_nano.a
END GROUP
START GROUP
LOAD D:/STM32CubeIDE_1.18.1/STM32CubeIDE/plugins/com.st.stm32cube.ide.mcu.externaltools.gnu-tools-for-stm32.13.3.rel1.win32_1.0.0.202411081344/tools/bin/../lib/gcc/arm-none-eabi/13.3.1/thumb/v7e-m+fp/hard\libgcc.a
LOAD D:/STM32CubeIDE_1.18.1/STM32CubeIDE/plugins/com.st.stm32cube.ide.mcu.externaltools.gnu-tools-for-stm32.13.3.rel1.win32_1.0.0.202411081344/tools/bin/../lib/gcc/arm-none-eabi/13.3.1/../../../../arm-none-eabi/lib/thumb/v7e-m+fp/hard\libc_nano.a
LOAD D:/STM32CubeIDE_1.18.1/STM32CubeIDE/plugins/com.st.stm32cube.ide.mcu.externaltools.gnu-tools-for-stm32.13.3.rel1.win32_1.0.0.202411081344/tools/bin/../lib/gcc/arm-none-eabi/13.3.1/../../../../arm-none-eabi/lib/thumb/v7e-m+fp/hard\libnosys.a
END GROUP
START GROUP
LOAD D:/STM32CubeIDE_1.18.1/STM32CubeIDE/plugins/com.st.stm32cube.ide.mcu.externaltools.gnu-tools-for-stm32.13.3.rel1.win32_1.0.0.202411081344/tools/bin/../lib/gcc/arm-none-eabi/13.3.1/thumb/v7e-m+fp/hard\libgcc.a
LOAD D:/STM32CubeIDE_1.18.1/STM32CubeIDE/plugins/com.st.stm32cube.ide.mcu.externaltools.gnu-tools-for-stm32.13.3.rel1.win32_1.0.0.202411081344/tools/bin/../lib/gcc/arm-none-eabi/13.3.1/../../../../arm-none-eabi/lib/thumb/v7e-m+fp/hard\libc_nano.a
LOAD D:/STM32CubeIDE_1.18.1/STM32CubeIDE/plugins/com.st.stm32cube.ide.mcu.externaltools.gnu-tools-for-stm32.13.3.rel1.win32_1.0.0.202411081344/tools/bin/../lib/gcc/arm-none-eabi/13.3.1/../../../../arm-none-eabi/lib/thumb/v7e-m+fp/hard\libnosys.a
END GROUP
LOAD D:/STM32CubeIDE_1.18.1/STM32CubeIDE/plugins/com.st.stm32cube.ide.mcu.externaltools.gnu-tools-for-stm32.13.3.rel1.win32_1.0.0.202411081344/tools/bin/../lib/gcc/arm-none-eabi/13.3.1/thumb/v7e-m+fp/hard/crtend.o
LOAD D:/STM32CubeIDE_1.18.1/STM32CubeIDE/plugins/com.st.stm32cube.ide.mcu.externaltools.gnu-tools-for-stm32.13.3.rel1.win32_1.0.0.202411081344/tools/bin/../lib/gcc/arm-none-eabi/13.3.1/thumb/v7e-m+fp/hard/crtn.o
                0x20020000                        _estack = (ORIGIN (RAM) + LENGTH (RAM))
                0x00000200                        _Min_Heap_Size = 0x200
                0x00000400                        _Min_Stack_Size = 0x400

.isr_vector     0x08000000      0x188
                0x08000000                        . = ALIGN (0x4)
 *(.isr_vector)
 .isr_vector    0x08000000      0x188 ./Startup/startup_stm32f407vgtx.o
                0x08000000                g_pfnVectors
                0x08000188                        . = ALIGN (0x4)

.text           0x08000188      0x544
                0x08000188                        . = ALIGN (0x4)
 *(.text)
 .text          0x08000188       0x40 D:/STM32CubeIDE_1.18.1/STM32CubeIDE/plugins/com.st.stm32cube.ide.mcu.externaltools.gnu-tools-for-stm32.13.3.rel1.win32_1.0.0.202411081344/tools/bin/../lib/gcc/arm-none-eabi/13.3.1/thumb/v7e-m+fp/hard/crtbegin.o
 *(.text*)
 .text.GPIO_INIT
                0x080001c8      0x27c ./Drivers/src/stm32f4xx_cus_gpio.o
                0x080001c8                GPIO_INIT
 .text.GPIO_INPUT
                0x08000444       0x2c ./Drivers/src/stm32f4xx_cus_gpio.o
                0x08000444                GPIO_INPUT
 .text.GPIO_TOGGLE
                0x08000470       0x2a ./Drivers/src/stm32f4xx_cus_gpio.o
                0x08000470                GPIO_TOGGLE
 .text.GPIO_OUTPUT
                0x0800049a       0x4a ./Drivers/src/stm32f4xx_cus_gpio.o
                0x0800049a                GPIO_OUTPUT
 .text.main     0x080004e4       0xac ./Src/main.o
                0x080004e4                main
 .text.GPIO_USER_INIT
                0x08000590       0x88 ./Src/main.o
                0x08000590                GPIO_USER_INIT
 .text.Reset_Handler
                0x08000618       0x50 ./Startup/startup_stm32f407vgtx.o
                0x08000618                Reset_Handler
 .text.Default_Handler
                0x08000668        0x2 ./Startup/startup_stm32f407vgtx.o
                0x08000668                RTC_Alarm_IRQHandler
                0x08000668                HASH_RNG_IRQHandler
                0x08000668                EXTI2_IRQHandler
                0x08000668                TIM8_CC_IRQHandler
                0x08000668                DebugMon_Handler
                0x08000668                TIM1_CC_IRQHandler
                0x08000668                DMA2_Stream5_IRQHandler
                0x08000668                HardFault_Handler
                0x08000668                DMA1_Stream5_IRQHandler
                0x08000668                SysTick_Handler
                0x08000668                PVD_IRQHandler
                0x08000668                SDIO_IRQHandler
                0x08000668                TAMP_STAMP_IRQHandler
                0x08000668                PendSV_Handler
                0x08000668                NMI_Handler
                0x08000668                CAN2_RX1_IRQHandler
                0x08000668                EXTI3_IRQHandler
                0x08000668                TIM8_TRG_COM_TIM14_IRQHandler
                0x08000668                TIM1_UP_TIM10_IRQHandler
                0x08000668                TIM8_UP_TIM13_IRQHandler
                0x08000668                I2C3_ER_IRQHandler
                0x08000668                EXTI0_IRQHandler
                0x08000668                I2C2_EV_IRQHandler
                0x08000668                DMA1_Stream2_IRQHandler
                0x08000668                CAN1_RX0_IRQHandler
                0x08000668                FPU_IRQHandler
                0x08000668                OTG_HS_WKUP_IRQHandler
                0x08000668                UsageFault_Handler
                0x08000668                CAN2_SCE_IRQHandler
                0x08000668                DMA2_Stream2_IRQHandler
                0x08000668                SPI1_IRQHandler
                0x08000668                TIM6_DAC_IRQHandler
                0x08000668                TIM1_BRK_TIM9_IRQHandler
                0x08000668                DCMI_IRQHandler
                0x08000668                CAN2_RX0_IRQHandler
                0x08000668                DMA2_Stream3_IRQHandler
                0x08000668                USART6_IRQHandler
                0x08000668                USART3_IRQHandler
                0x08000668                CRYP_IRQHandler
                0x08000668                CAN1_RX1_IRQHandler
                0x08000668                UART5_IRQHandler
                0x08000668                DMA2_Stream0_IRQHandler
                0x08000668                TIM4_IRQHandler
                0x08000668                I2C1_EV_IRQHandler
                0x08000668                DMA1_Stream6_IRQHandler
                0x08000668                DMA1_Stream1_IRQHandler
                0x08000668                UART4_IRQHandler
                0x08000668                TIM3_IRQHandler
                0x08000668                RCC_IRQHandler
                0x08000668                TIM8_BRK_TIM12_IRQHandler
                0x08000668                Default_Handler
                0x08000668                EXTI15_10_IRQHandler
                0x08000668                ADC_IRQHandler
                0x08000668                DMA1_Stream7_IRQHandler
                0x08000668                TIM7_IRQHandler
                0x08000668                CAN2_TX_IRQHandler
                0x08000668                TIM5_IRQHandler
                0x08000668                DMA2_Stream7_IRQHandler
                0x08000668                I2C3_EV_IRQHandler
                0x08000668                EXTI9_5_IRQHandler
                0x08000668                RTC_WKUP_IRQHandler
                0x08000668                ETH_WKUP_IRQHandler
                0x08000668                SPI2_IRQHandler
                0x08000668                OTG_HS_EP1_IN_IRQHandler
                0x08000668                MemManage_Handler
                0x08000668                DMA1_Stream0_IRQHandler
                0x08000668                CAN1_TX_IRQHandler
                0x08000668                SVC_Handler
                0x08000668                EXTI4_IRQHandler
                0x08000668                FSMC_IRQHandler
                0x08000668                ETH_IRQHandler
                0x08000668                OTG_HS_EP1_OUT_IRQHandler
                0x08000668                WWDG_IRQHandler
                0x08000668                TIM2_IRQHandler
                0x08000668                OTG_FS_WKUP_IRQHandler
                0x08000668                TIM1_TRG_COM_TIM11_IRQHandler
                0x08000668                OTG_HS_IRQHandler
                0x08000668                EXTI1_IRQHandler
                0x08000668                USART2_IRQHandler
                0x08000668                I2C2_ER_IRQHandler
                0x08000668                DMA2_Stream1_IRQHandler
                0x08000668                CAN1_SCE_IRQHandler
                0x08000668                DMA2_Stream4_IRQHandler
                0x08000668                BusFault_Handler
                0x08000668                USART1_IRQHandler
                0x08000668                OTG_FS_IRQHandler
                0x08000668                SPI3_IRQHandler
                0x08000668                DMA1_Stream4_IRQHandler
                0x08000668                I2C1_ER_IRQHandler
                0x08000668                DMA2_Stream6_IRQHandler
                0x08000668                DMA1_Stream3_IRQHandler
 *fill*         0x0800066a        0x2 
 .text.__libc_init_array
                0x0800066c       0x48 D:/STM32CubeIDE_1.18.1/STM32CubeIDE/plugins/com.st.stm32cube.ide.mcu.externaltools.gnu-tools-for-stm32.13.3.rel1.win32_1.0.0.202411081344/tools/bin/../lib/gcc/arm-none-eabi/13.3.1/../../../../arm-none-eabi/lib/thumb/v7e-m+fp/hard\libc_nano.a(libc_a-init.o)
                0x0800066c                __libc_init_array
 *(.glue_7)
 .glue_7        0x080006b4        0x0 linker stubs
 *(.glue_7t)
 .glue_7t       0x080006b4        0x0 linker stubs
 *(.eh_frame)
 .eh_frame      0x080006b4        0x0 D:/STM32CubeIDE_1.18.1/STM32CubeIDE/plugins/com.st.stm32cube.ide.mcu.externaltools.gnu-tools-for-stm32.13.3.rel1.win32_1.0.0.202411081344/tools/bin/../lib/gcc/arm-none-eabi/13.3.1/thumb/v7e-m+fp/hard/crtbegin.o
 *(.init)
 .init          0x080006b4        0x4 D:/STM32CubeIDE_1.18.1/STM32CubeIDE/plugins/com.st.stm32cube.ide.mcu.externaltools.gnu-tools-for-stm32.13.3.rel1.win32_1.0.0.202411081344/tools/bin/../lib/gcc/arm-none-eabi/13.3.1/thumb/v7e-m+fp/hard/crti.o
                0x080006b4                _init
 .init          0x080006b8        0x8 D:/STM32CubeIDE_1.18.1/STM32CubeIDE/plugins/com.st.stm32cube.ide.mcu.externaltools.gnu-tools-for-stm32.13.3.rel1.win32_1.0.0.202411081344/tools/bin/../lib/gcc/arm-none-eabi/13.3.1/thumb/v7e-m+fp/hard/crtn.o
 *(.fini)
 .fini          0x080006c0        0x4 D:/STM32CubeIDE_1.18.1/STM32CubeIDE/plugins/com.st.stm32cube.ide.mcu.externaltools.gnu-tools-for-stm32.13.3.rel1.win32_1.0.0.202411081344/tools/bin/../lib/gcc/arm-none-eabi/13.3.1/thumb/v7e-m+fp/hard/crti.o
                0x080006c0                _fini
 .fini          0x080006c4        0x8 D:/STM32CubeIDE_1.18.1/STM32CubeIDE/plugins/com.st.stm32cube.ide.mcu.externaltools.gnu-tools-for-stm32.13.3.rel1.win32_1.0.0.202411081344/tools/bin/../lib/gcc/arm-none-eabi/13.3.1/thumb/v7e-m+fp/hard/crtn.o
                0x080006cc                        . = ALIGN (0x4)
                0x080006cc                        _etext = .

.vfp11_veneer   0x080006cc        0x0
 .vfp11_veneer  0x080006cc        0x0 linker stubs

.v4_bx          0x080006cc        0x0
 .v4_bx         0x080006cc        0x0 linker stubs

.iplt           0x080006cc        0x0
 .iplt          0x080006cc        0x0 D:/STM32CubeIDE_1.18.1/STM32CubeIDE/plugins/com.st.stm32cube.ide.mcu.externaltools.gnu-tools-for-stm32.13.3.rel1.win32_1.0.0.202411081344/tools/bin/../lib/gcc/arm-none-eabi/13.3.1/thumb/v7e-m+fp/hard/crtbegin.o

.rel.dyn        0x080006cc        0x0
 .rel.iplt      0x080006cc        0x0 D:/STM32CubeIDE_1.18.1/STM32CubeIDE/plugins/com.st.stm32cube.ide.mcu.externaltools.gnu-tools-for-stm32.13.3.rel1.win32_1.0.0.202411081344/tools/bin/../lib/gcc/arm-none-eabi/13.3.1/thumb/v7e-m+fp/hard/crtbegin.o

.rodata         0x080006cc        0x0
                0x080006cc                        . = ALIGN (0x4)
 *(.rodata)
 *(.rodata*)
                0x080006cc                        . = ALIGN (0x4)

.ARM.extab      0x080006cc        0x0
                0x080006cc                        . = ALIGN (0x4)
 *(.ARM.extab* .gnu.linkonce.armextab.*)
                0x080006cc                        . = ALIGN (0x4)

.ARM            0x080006cc        0x0
                0x080006cc                        . = ALIGN (0x4)
                0x080006cc                        __exidx_start = .
 *(.ARM.exidx*)
                0x080006cc                        __exidx_end = .
                0x080006cc                        . = ALIGN (0x4)

.preinit_array  0x080006cc        0x0
                0x080006cc                        . = ALIGN (0x4)
                0x080006cc                        PROVIDE (__preinit_array_start = .)
 *(.preinit_array*)
                0x080006cc                        PROVIDE (__preinit_array_end = .)
                0x080006cc                        . = ALIGN (0x4)

.init_array     0x080006cc        0x4
                0x080006cc                        . = ALIGN (0x4)
                0x080006cc                        PROVIDE (__init_array_start = .)
 *(SORT_BY_NAME(.init_array.*))
 *(.init_array*)
 .init_array    0x080006cc        0x4 D:/STM32CubeIDE_1.18.1/STM32CubeIDE/plugins/com.st.stm32cube.ide.mcu.externaltools.gnu-tools-for-stm32.13.3.rel1.win32_1.0.0.202411081344/tools/bin/../lib/gcc/arm-none-eabi/13.3.1/thumb/v7e-m+fp/hard/crtbegin.o
                0x080006d0                        PROVIDE (__init_array_end = .)
                0x080006d0                        . = ALIGN (0x4)

.fini_array     0x080006d0        0x4
                0x080006d0                        . = ALIGN (0x4)
                [!provide]                        PROVIDE (__fini_array_start = .)
 *(SORT_BY_NAME(.fini_array.*))
 *(.fini_array*)
 .fini_array    0x080006d0        0x4 D:/STM32CubeIDE_1.18.1/STM32CubeIDE/plugins/com.st.stm32cube.ide.mcu.externaltools.gnu-tools-for-stm32.13.3.rel1.win32_1.0.0.202411081344/tools/bin/../lib/gcc/arm-none-eabi/13.3.1/thumb/v7e-m+fp/hard/crtbegin.o
                [!provide]                        PROVIDE (__fini_array_end = .)
                0x080006d4                        . = ALIGN (0x4)
                0x080006d4                        _sidata = LOADADDR (.data)

.data           0x20000000        0x0 load address 0x080006d4
                0x20000000                        . = ALIGN (0x4)
                0x20000000                        _sdata = .
 *(.data)
 *(.data*)
 *(.RamFunc)
 *(.RamFunc*)
                0x20000000                        . = ALIGN (0x4)
                0x20000000                        _edata = .
                0x080006d4                        _siccmram = LOADADDR (.ccmram)

.igot.plt       0x20000000        0x0 load address 0x080006d4
 .igot.plt      0x20000000        0x0 D:/STM32CubeIDE_1.18.1/STM32CubeIDE/plugins/com.st.stm32cube.ide.mcu.externaltools.gnu-tools-for-stm32.13.3.rel1.win32_1.0.0.202411081344/tools/bin/../lib/gcc/arm-none-eabi/13.3.1/thumb/v7e-m+fp/hard/crtbegin.o

.ccmram         0x10000000        0x0 load address 0x080006d4
                0x10000000                        . = ALIGN (0x4)
                0x10000000                        _sccmram = .
 *(.ccmram)
 *(.ccmram*)
                0x10000000                        . = ALIGN (0x4)
                0x10000000                        _eccmram = .
                0x10000000                        . = ALIGN (0x4)

.bss            0x20000000       0x2c
                0x20000000                        _sbss = .
                0x20000000                        __bss_start__ = _sbss
 *(.bss)
 .bss           0x20000000       0x1c D:/STM32CubeIDE_1.18.1/STM32CubeIDE/plugins/com.st.stm32cube.ide.mcu.externaltools.gnu-tools-for-stm32.13.3.rel1.win32_1.0.0.202411081344/tools/bin/../lib/gcc/arm-none-eabi/13.3.1/thumb/v7e-m+fp/hard/crtbegin.o
 *(.bss*)
 .bss.gpio_handle
                0x2000001c        0xc ./Src/main.o
                0x2000001c                gpio_handle
 .bss.read_input
                0x20000028        0x1 ./Src/main.o
                0x20000028                read_input
 *(COMMON)
                0x2000002c                        . = ALIGN (0x4)
 *fill*         0x20000029        0x3 
                0x2000002c                        _ebss = .
                0x2000002c                        __bss_end__ = _ebss

._user_heap_stack
                0x2000002c      0x604
                0x20000030                        . = ALIGN (0x8)
 *fill*         0x2000002c        0x4 
                [!provide]                        PROVIDE (end = .)
                0x20000030                        PROVIDE (_end = .)
                0x20000230                        . = (. + _Min_Heap_Size)
 *fill*         0x20000030      0x200 
                0x20000630                        . = (. + _Min_Stack_Size)
 *fill*         0x20000230      0x400 
                0x20000630                        . = ALIGN (0x8)

/DISCARD/
 libc.a(*)
 libm.a(*)
 libgcc.a(*)

.ARM.attributes
                0x00000000       0x30
 *(.ARM.attributes)
 .ARM.attributes
                0x00000000       0x22 D:/STM32CubeIDE_1.18.1/STM32CubeIDE/plugins/com.st.stm32cube.ide.mcu.externaltools.gnu-tools-for-stm32.13.3.rel1.win32_1.0.0.202411081344/tools/bin/../lib/gcc/arm-none-eabi/13.3.1/thumb/v7e-m+fp/hard/crti.o
 .ARM.attributes
                0x00000022       0x34 D:/STM32CubeIDE_1.18.1/STM32CubeIDE/plugins/com.st.stm32cube.ide.mcu.externaltools.gnu-tools-for-stm32.13.3.rel1.win32_1.0.0.202411081344/tools/bin/../lib/gcc/arm-none-eabi/13.3.1/thumb/v7e-m+fp/hard/crtbegin.o
 .ARM.attributes
                0x00000056       0x34 ./Drivers/src/stm32f4xx_cus_gpio.o
 .ARM.attributes
                0x0000008a       0x34 ./Src/main.o
 .ARM.attributes
                0x000000be       0x21 ./Startup/startup_stm32f407vgtx.o
 .ARM.attributes
                0x000000df       0x34 D:/STM32CubeIDE_1.18.1/STM32CubeIDE/plugins/com.st.stm32cube.ide.mcu.externaltools.gnu-tools-for-stm32.13.3.rel1.win32_1.0.0.202411081344/tools/bin/../lib/gcc/arm-none-eabi/13.3.1/../../../../arm-none-eabi/lib/thumb/v7e-m+fp/hard\libc_nano.a(libc_a-init.o)
 .ARM.attributes
                0x00000113       0x22 D:/STM32CubeIDE_1.18.1/STM32CubeIDE/plugins/com.st.stm32cube.ide.mcu.externaltools.gnu-tools-for-stm32.13.3.rel1.win32_1.0.0.202411081344/tools/bin/../lib/gcc/arm-none-eabi/13.3.1/thumb/v7e-m+fp/hard/crtn.o
OUTPUT(Protocols.elf elf32-littlearm)
LOAD linker stubs
LOAD D:/STM32CubeIDE_1.18.1/STM32CubeIDE/plugins/com.st.stm32cube.ide.mcu.externaltools.gnu-tools-for-stm32.13.3.rel1.win32_1.0.0.202411081344/tools/bin/../lib/gcc/arm-none-eabi/13.3.1/../../../../arm-none-eabi/lib/thumb/v7e-m+fp/hard\libc.a
LOAD D:/STM32CubeIDE_1.18.1/STM32CubeIDE/plugins/com.st.stm32cube.ide.mcu.externaltools.gnu-tools-for-stm32.13.3.rel1.win32_1.0.0.202411081344/tools/bin/../lib/gcc/arm-none-eabi/13.3.1/../../../../arm-none-eabi/lib/thumb/v7e-m+fp/hard\libm.a
LOAD D:/STM32CubeIDE_1.18.1/STM32CubeIDE/plugins/com.st.stm32cube.ide.mcu.externaltools.gnu-tools-for-stm32.13.3.rel1.win32_1.0.0.202411081344/tools/bin/../lib/gcc/arm-none-eabi/13.3.1/thumb/v7e-m+fp/hard\libgcc.a

.debug_info     0x00000000      0x741
 .debug_info    0x00000000      0x46d ./Drivers/src/stm32f4xx_cus_gpio.o
 .debug_info    0x0000046d      0x2a4 ./Src/main.o
 .debug_info    0x00000711       0x30 ./Startup/startup_stm32f407vgtx.o

.debug_abbrev   0x00000000      0x278
 .debug_abbrev  0x00000000      0x11c ./Drivers/src/stm32f4xx_cus_gpio.o
 .debug_abbrev  0x0000011c      0x138 ./Src/main.o
 .debug_abbrev  0x00000254       0x24 ./Startup/startup_stm32f407vgtx.o

.debug_aranges  0x00000000       0x88
 .debug_aranges
                0x00000000       0x38 ./Drivers/src/stm32f4xx_cus_gpio.o
 .debug_aranges
                0x00000038       0x28 ./Src/main.o
 .debug_aranges
                0x00000060       0x28 ./Startup/startup_stm32f407vgtx.o

.debug_rnglists
                0x00000000       0x5a
 .debug_rnglists
                0x00000000       0x26 ./Drivers/src/stm32f4xx_cus_gpio.o
 .debug_rnglists
                0x00000026       0x1b ./Src/main.o
 .debug_rnglists
                0x00000041       0x19 ./Startup/startup_stm32f407vgtx.o

.debug_macro    0x00000000     0x2070
 .debug_macro   0x00000000      0x16a ./Drivers/src/stm32f4xx_cus_gpio.o
 .debug_macro   0x0000016a      0xae4 ./Drivers/src/stm32f4xx_cus_gpio.o
 .debug_macro   0x00000c4e       0x22 ./Drivers/src/stm32f4xx_cus_gpio.o
 .debug_macro   0x00000c70       0x5b ./Drivers/src/stm32f4xx_cus_gpio.o
 .debug_macro   0x00000ccb       0x2a ./Drivers/src/stm32f4xx_cus_gpio.o
 .debug_macro   0x00000cf5       0x94 ./Drivers/src/stm32f4xx_cus_gpio.o
 .debug_macro   0x00000d89       0x43 ./Drivers/src/stm32f4xx_cus_gpio.o
 .debug_macro   0x00000dcc       0x34 ./Drivers/src/stm32f4xx_cus_gpio.o
 .debug_macro   0x00000e00       0x16 ./Drivers/src/stm32f4xx_cus_gpio.o
 .debug_macro   0x00000e16       0x57 ./Drivers/src/stm32f4xx_cus_gpio.o
 .debug_macro   0x00000e6d       0x9e ./Drivers/src/stm32f4xx_cus_gpio.o
 .debug_macro   0x00000f0b      0x370 ./Drivers/src/stm32f4xx_cus_gpio.o
 .debug_macro   0x0000127b      0x112 ./Drivers/src/stm32f4xx_cus_gpio.o
 .debug_macro   0x0000138d       0x10 ./Drivers/src/stm32f4xx_cus_gpio.o
 .debug_macro   0x0000139d       0x16 ./Drivers/src/stm32f4xx_cus_gpio.o
 .debug_macro   0x000013b3       0x4a ./Drivers/src/stm32f4xx_cus_gpio.o
 .debug_macro   0x000013fd       0x34 ./Drivers/src/stm32f4xx_cus_gpio.o
 .debug_macro   0x00001431       0x10 ./Drivers/src/stm32f4xx_cus_gpio.o
 .debug_macro   0x00001441       0x58 ./Drivers/src/stm32f4xx_cus_gpio.o
 .debug_macro   0x00001499       0x8e ./Drivers/src/stm32f4xx_cus_gpio.o
 .debug_macro   0x00001527       0x1c ./Drivers/src/stm32f4xx_cus_gpio.o
 .debug_macro   0x00001543      0x185 ./Drivers/src/stm32f4xx_cus_gpio.o
 .debug_macro   0x000016c8       0x16 ./Drivers/src/stm32f4xx_cus_gpio.o
 .debug_macro   0x000016de       0x16 ./Drivers/src/stm32f4xx_cus_gpio.o
 .debug_macro   0x000016f4      0x146 ./Drivers/src/stm32f4xx_cus_gpio.o
 .debug_macro   0x0000183a      0x103 ./Drivers/src/stm32f4xx_cus_gpio.o
 .debug_macro   0x0000193d       0x6a ./Drivers/src/stm32f4xx_cus_gpio.o
 .debug_macro   0x000019a7      0x1df ./Drivers/src/stm32f4xx_cus_gpio.o
 .debug_macro   0x00001b86       0xd6 ./Drivers/src/stm32f4xx_cus_gpio.o
 .debug_macro   0x00001c5c      0x160 ./Drivers/src/stm32f4xx_cus_gpio.o
 .debug_macro   0x00001dbc      0x174 ./Src/main.o
 .debug_macro   0x00001f30       0x8e ./Src/main.o
 .debug_macro   0x00001fbe       0x51 ./Src/main.o
 .debug_macro   0x0000200f       0x61 ./Src/main.o

.debug_line     0x00000000      0xea6
 .debug_line    0x00000000      0x7aa ./Drivers/src/stm32f4xx_cus_gpio.o
 .debug_line    0x000007aa      0x681 ./Src/main.o
 .debug_line    0x00000e2b       0x7b ./Startup/startup_stm32f407vgtx.o

.debug_str      0x00000000     0x8418
 .debug_str     0x00000000     0x8418 ./Drivers/src/stm32f4xx_cus_gpio.o
                               0x8598 (size before relaxing)
 .debug_str     0x00008418     0x8481 ./Src/main.o
 .debug_str     0x00008418       0x70 ./Startup/startup_stm32f407vgtx.o

.comment        0x00000000       0x43
 .comment       0x00000000       0x43 ./Drivers/src/stm32f4xx_cus_gpio.o
                                 0x44 (size before relaxing)
 .comment       0x00000043       0x44 ./Src/main.o

.debug_frame    0x00000000      0x128
 .debug_frame   0x00000000       0xb0 ./Drivers/src/stm32f4xx_cus_gpio.o
 .debug_frame   0x000000b0       0x4c ./Src/main.o
 .debug_frame   0x000000fc       0x2c D:/STM32CubeIDE_1.18.1/STM32CubeIDE/plugins/com.st.stm32cube.ide.mcu.externaltools.gnu-tools-for-stm32.13.3.rel1.win32_1.0.0.202411081344/tools/bin/../lib/gcc/arm-none-eabi/13.3.1/../../../../arm-none-eabi/lib/thumb/v7e-m+fp/hard\libc_nano.a(libc_a-init.o)

.debug_line_str
                0x00000000       0x54
 .debug_line_str
                0x00000000       0x54 ./Startup/startup_stm32f407vgtx.o
