Archive member included to satisfy reference by file (symbol)

D:/STM32CubeIDE_1.18.1/STM32CubeIDE/plugins/com.st.stm32cube.ide.mcu.externaltools.gnu-tools-for-stm32.13.3.rel1.win32_1.0.0.202411081344/tools/bin/../lib/gcc/arm-none-eabi/13.3.1/../../../../arm-none-eabi/lib/thumb/v7e-m+fp/hard\libc_nano.a(libc_a-exit.o)
                              D:/STM32CubeIDE_1.18.1/STM32CubeIDE/plugins/com.st.stm32cube.ide.mcu.externaltools.gnu-tools-for-stm32.13.3.rel1.win32_1.0.0.202411081344/tools/bin/../lib/gcc/arm-none-eabi/13.3.1/../../../../arm-none-eabi/lib/thumb/v7e-m+fp/hard/crt0.o (exit)
D:/STM32CubeIDE_1.18.1/STM32CubeIDE/plugins/com.st.stm32cube.ide.mcu.externaltools.gnu-tools-for-stm32.13.3.rel1.win32_1.0.0.202411081344/tools/bin/../lib/gcc/arm-none-eabi/13.3.1/../../../../arm-none-eabi/lib/thumb/v7e-m+fp/hard\libc_nano.a(libc_a-findfp.o)
                              D:/STM32CubeIDE_1.18.1/STM32CubeIDE/plugins/com.st.stm32cube.ide.mcu.externaltools.gnu-tools-for-stm32.13.3.rel1.win32_1.0.0.202411081344/tools/bin/../lib/gcc/arm-none-eabi/13.3.1/../../../../arm-none-eabi/lib/thumb/v7e-m+fp/hard\libc_nano.a(libc_a-exit.o) (__stdio_exit_handler)
D:/STM32CubeIDE_1.18.1/STM32CubeIDE/plugins/com.st.stm32cube.ide.mcu.externaltools.gnu-tools-for-stm32.13.3.rel1.win32_1.0.0.202411081344/tools/bin/../lib/gcc/arm-none-eabi/13.3.1/../../../../arm-none-eabi/lib/thumb/v7e-m+fp/hard\libc_nano.a(libc_a-fwalk.o)
                              D:/STM32CubeIDE_1.18.1/STM32CubeIDE/plugins/com.st.stm32cube.ide.mcu.externaltools.gnu-tools-for-stm32.13.3.rel1.win32_1.0.0.202411081344/tools/bin/../lib/gcc/arm-none-eabi/13.3.1/../../../../arm-none-eabi/lib/thumb/v7e-m+fp/hard\libc_nano.a(libc_a-findfp.o) (_fwalk_sglue)
D:/STM32CubeIDE_1.18.1/STM32CubeIDE/plugins/com.st.stm32cube.ide.mcu.externaltools.gnu-tools-for-stm32.13.3.rel1.win32_1.0.0.202411081344/tools/bin/../lib/gcc/arm-none-eabi/13.3.1/../../../../arm-none-eabi/lib/thumb/v7e-m+fp/hard\libc_nano.a(libc_a-stdio.o)
                              D:/STM32CubeIDE_1.18.1/STM32CubeIDE/plugins/com.st.stm32cube.ide.mcu.externaltools.gnu-tools-for-stm32.13.3.rel1.win32_1.0.0.202411081344/tools/bin/../lib/gcc/arm-none-eabi/13.3.1/../../../../arm-none-eabi/lib/thumb/v7e-m+fp/hard\libc_nano.a(libc_a-findfp.o) (__sread)
D:/STM32CubeIDE_1.18.1/STM32CubeIDE/plugins/com.st.stm32cube.ide.mcu.externaltools.gnu-tools-for-stm32.13.3.rel1.win32_1.0.0.202411081344/tools/bin/../lib/gcc/arm-none-eabi/13.3.1/../../../../arm-none-eabi/lib/thumb/v7e-m+fp/hard\libc_nano.a(libc_a-memset.o)
                              D:/STM32CubeIDE_1.18.1/STM32CubeIDE/plugins/com.st.stm32cube.ide.mcu.externaltools.gnu-tools-for-stm32.13.3.rel1.win32_1.0.0.202411081344/tools/bin/../lib/gcc/arm-none-eabi/13.3.1/../../../../arm-none-eabi/lib/thumb/v7e-m+fp/hard/crt0.o (memset)
D:/STM32CubeIDE_1.18.1/STM32CubeIDE/plugins/com.st.stm32cube.ide.mcu.externaltools.gnu-tools-for-stm32.13.3.rel1.win32_1.0.0.202411081344/tools/bin/../lib/gcc/arm-none-eabi/13.3.1/../../../../arm-none-eabi/lib/thumb/v7e-m+fp/hard\libc_nano.a(libc_a-closer.o)
                              D:/STM32CubeIDE_1.18.1/STM32CubeIDE/plugins/com.st.stm32cube.ide.mcu.externaltools.gnu-tools-for-stm32.13.3.rel1.win32_1.0.0.202411081344/tools/bin/../lib/gcc/arm-none-eabi/13.3.1/../../../../arm-none-eabi/lib/thumb/v7e-m+fp/hard\libc_nano.a(libc_a-stdio.o) (_close_r)
D:/STM32CubeIDE_1.18.1/STM32CubeIDE/plugins/com.st.stm32cube.ide.mcu.externaltools.gnu-tools-for-stm32.13.3.rel1.win32_1.0.0.202411081344/tools/bin/../lib/gcc/arm-none-eabi/13.3.1/../../../../arm-none-eabi/lib/thumb/v7e-m+fp/hard\libc_nano.a(libc_a-reent.o)
                              D:/STM32CubeIDE_1.18.1/STM32CubeIDE/plugins/com.st.stm32cube.ide.mcu.externaltools.gnu-tools-for-stm32.13.3.rel1.win32_1.0.0.202411081344/tools/bin/../lib/gcc/arm-none-eabi/13.3.1/../../../../arm-none-eabi/lib/thumb/v7e-m+fp/hard\libc_nano.a(libc_a-closer.o) (errno)
D:/STM32CubeIDE_1.18.1/STM32CubeIDE/plugins/com.st.stm32cube.ide.mcu.externaltools.gnu-tools-for-stm32.13.3.rel1.win32_1.0.0.202411081344/tools/bin/../lib/gcc/arm-none-eabi/13.3.1/../../../../arm-none-eabi/lib/thumb/v7e-m+fp/hard\libc_nano.a(libc_a-impure.o)
                              D:/STM32CubeIDE_1.18.1/STM32CubeIDE/plugins/com.st.stm32cube.ide.mcu.externaltools.gnu-tools-for-stm32.13.3.rel1.win32_1.0.0.202411081344/tools/bin/../lib/gcc/arm-none-eabi/13.3.1/../../../../arm-none-eabi/lib/thumb/v7e-m+fp/hard\libc_nano.a(libc_a-reent.o) (_impure_ptr)
D:/STM32CubeIDE_1.18.1/STM32CubeIDE/plugins/com.st.stm32cube.ide.mcu.externaltools.gnu-tools-for-stm32.13.3.rel1.win32_1.0.0.202411081344/tools/bin/../lib/gcc/arm-none-eabi/13.3.1/../../../../arm-none-eabi/lib/thumb/v7e-m+fp/hard\libc_nano.a(libc_a-lseekr.o)
[...]
Memory Configuration

Name             Origin             Length             Attributes
CCMRAM           0x10000000         0x00010000         xrw
RAM              0x20000000         0x00020000         xrw
FLASH            0x08000000         0x00100000         xr
*default*        0x00000000         0xffffffff

Linker script and memory map

LOAD D:/STM32CubeIDE_1.18.1/STM32CubeIDE/plugins/com.st.stm32cube.ide.mcu.externaltools.gnu-tools-for-stm32.13.3.rel1.win32_1.0.0.202411081344/tools/bin/../lib/gcc/arm-none-eabi/13.3.1/thumb/v7e-m+fp/hard/crti.o
LOAD D:/STM32CubeIDE_1.18.1/STM32CubeIDE/plugins/com.st.stm32cube.ide.mcu.externaltools.gnu-tools-for-stm32.13.3.rel1.win32_1.0.0.202411081344/tools/bin/../lib/gcc/arm-none-eabi/13.3.1/thumb/v7e-m+fp/hard/crtbegin.o
LOAD D:/STM32CubeIDE_1.18.1/STM32CubeIDE/plugins/com.st.stm32cube.ide.mcu.externaltools.gnu-tools-for-stm32.13.3.rel1.win32_1.0.0.202411081344/tools/bin/../lib/gcc/arm-none-eabi/13.3.1/../../../../arm-none-eabi/lib/thumb/v7e-m+fp/hard/crt0.o
LOAD ./Drivers/src/stm32f4xx_cus.o
LOAD ./Drivers/src/stm32f4xx_cus_can.o
LOAD ./Drivers/src/stm32f4xx_cus_gpio.o
LOAD ./Drivers/src/stm32f4xx_cus_i2c.o
LOAD ./Drivers/src/stm32f4xx_cus_spi.o
LOAD ./Drivers/src/stm32f4xx_cus_timer.o
LOAD ./Drivers/src/stm32f4xx_cus_uart.o
LOAD ./Src/syscalls.o
LOAD ./Src/sysmem.o
LOAD ./Src/timerMillis.o
LOAD ./Startup/startup_stm32f407vgtx.o
START GROUP
LOAD D:/STM32CubeIDE_1.18.1/STM32CubeIDE/plugins/com.st.stm32cube.ide.mcu.externaltools.gnu-tools-for-stm32.13.3.rel1.win32_1.0.0.202411081344/tools/bin/../lib/gcc/arm-none-eabi/13.3.1/../../../../arm-none-eabi/lib/thumb/v7e-m+fp/hard\libc_nano.a
LOAD D:/STM32CubeIDE_1.18.1/STM32CubeIDE/plugins/com.st.stm32cube.ide.mcu.externaltools.gnu-tools-for-stm32.13.3.rel1.win32_1.0.0.202411081344/tools/bin/../lib/gcc/arm-none-eabi/13.3.1/../../../../arm-none-eabi/lib/thumb/v7e-m+fp/hard\libm.a
END GROUP
START GROUP
LOAD D:/STM32CubeIDE_1.18.1/STM32CubeIDE/plugins/com.st.stm32cube.ide.mcu.externaltools.gnu-tools-for-stm32.13.3.rel1.win32_1.0.0.202411081344/tools/bin/../lib/gcc/arm-none-eabi/13.3.1/thumb/v7e-m+fp/hard\libgcc.a
LOAD D:/STM32CubeIDE_1.18.1/STM32CubeIDE/plugins/com.st.stm32cube.ide.mcu.externaltools.gnu-tools-for-stm32.13.3.rel1.win32_1.0.0.202411081344/tools/bin/../lib/gcc/arm-none-eabi/13.3.1/../../../../arm-none-eabi/lib/thumb/v7e-m+fp/hard\libc_nano.a
END GROUP
START GROUP
LOAD D:/STM32CubeIDE_1.18.1/STM32CubeIDE/plugins/com.st.stm32cube.ide.mcu.externaltools.gnu-tools-for-stm32.13.3.rel1.win32_1.0.0.202411081344/tools/bin/../lib/gcc/arm-none-eabi/13.3.1/thumb/v7e-m+fp/hard\libgcc.a
LOAD D:/STM32CubeIDE_1.18.1/STM32CubeIDE/plugins/com.st.stm32cube.ide.mcu.externaltools.gnu-tools-for-stm32.13.3.rel1.win32_1.0.0.202411081344/tools/bin/../lib/gcc/arm-none-eabi/13.3.1/../../../../arm-none-eabi/lib/thumb/v7e-m+fp/hard\libc_nano.a
LOAD D:/STM32CubeIDE_1.18.1/STM32CubeIDE/plugins/com.st.stm32cube.ide.mcu.externaltools.gnu-tools-for-stm32.13.3.rel1.win32_1.0.0.202411081344/tools/bin/../lib/gcc/arm-none-eabi/13.3.1/../../../../arm-none-eabi/lib/thumb/v7e-m+fp/hard\libnosys.a
END GROUP
START GROUP
LOAD D:/STM32CubeIDE_1.18.1/STM32CubeIDE/plugins/com.st.stm32cube.ide.mcu.externaltools.gnu-tools-for-stm32.13.3.rel1.win32_1.0.0.202411081344/tools/bin/../lib/gcc/arm-none-eabi/13.3.1/thumb/v7e-m+fp/hard\libgcc.a
LOAD D:/STM32CubeIDE_1.18.1/STM32CubeIDE/plugins/com.st.stm32cube.ide.mcu.externaltools.gnu-tools-for-stm32.13.3.rel1.win32_1.0.0.202411081344/tools/bin/../lib/gcc/arm-none-eabi/13.3.1/../../../../arm-none-eabi/lib/thumb/v7e-m+fp/hard\libc_nano.a
LOAD D:/STM32CubeIDE_1.18.1/STM32CubeIDE/plugins/com.st.stm32cube.ide.mcu.externaltools.gnu-tools-for-stm32.13.3.rel1.win32_1.0.0.202411081344/tools/bin/../lib/gcc/arm-none-eabi/13.3.1/../../../../arm-none-eabi/lib/thumb/v7e-m+fp/hard\libnosys.a
END GROUP
LOAD D:/STM32CubeIDE_1.18.1/STM32CubeIDE/plugins/com.st.stm32cube.ide.mcu.externaltools.gnu-tools-for-stm32.13.3.rel1.win32_1.0.0.202411081344/tools/bin/../lib/gcc/arm-none-eabi/13.3.1/thumb/v7e-m+fp/hard/crtend.o
LOAD D:/STM32CubeIDE_1.18.1/STM32CubeIDE/plugins/com.st.stm32cube.ide.mcu.externaltools.gnu-tools-for-stm32.13.3.rel1.win32_1.0.0.202411081344/tools/bin/../lib/gcc/arm-none-eabi/13.3.1/thumb/v7e-m+fp/hard/crtn.o
                0x20020000                        _estack = (ORIGIN (RAM) + LENGTH (RAM))
                0x00000200                        _Min_Heap_Size = 0x200
                0x00000400                        _Min_Stack_Size = 0x400

.isr_vector     0x08000000      0x188
                0x08000000                        . = ALIGN (0x4)
 *(.isr_vector)
 .isr_vector    0x08000000      0x188 ./Startup/startup_stm32f407vgtx.o
                0x08000000                g_pfnVectors
                0x08000188                        . = ALIGN (0x4)

.text           0x08000188      0x900
                0x08000188                        . = ALIGN (0x4)
 *(.text)
 .text          0x08000188       0x40 D:/STM32CubeIDE_1.18.1/STM32CubeIDE/plugins/com.st.stm32cube.ide.mcu.externaltools.gnu-tools-for-stm32.13.3.rel1.win32_1.0.0.202411081344/tools/bin/../lib/gcc/arm-none-eabi/13.3.1/thumb/v7e-m+fp/hard/crtbegin.o
 *(.text*)
 .text.Get_APB1_Clock_Speed
                0x080001c8       0xcc ./Drivers/src/stm32f4xx_cus.o
                0x080001c8                Get_APB1_Clock_Speed
 .text.GPIO_INIT
                0x08000294      0x3d8 ./Drivers/src/stm32f4xx_cus_gpio.o
                0x08000294                GPIO_INIT
 .text.GPIO_TOGGLE
                0x0800066c       0x2a ./Drivers/src/stm32f4xx_cus_gpio.o
                0x0800066c                GPIO_TOGGLE
 *fill*         0x08000696        0x2 
 .text.IRQ_Config
                0x08000698       0x78 ./Drivers/src/stm32f4xx_cus_gpio.o
                0x08000698                IRQ_Config
 .text.TIM_ENABLE
                0x08000710       0x44 ./Drivers/src/stm32f4xx_cus_timer.o
                0x08000710                TIM_ENABLE
 .text.TIM_DELAY_INIT
                0x08000754       0xfc ./Drivers/src/stm32f4xx_cus_timer.o
                0x08000754                TIM_DELAY_INIT
 .text.TIM_MILLIS_INIT
                0x08000850       0x80 ./Drivers/src/stm32f4xx_cus_timer.o
                0x08000850                TIM_MILLIS_INIT
 .text.millis   0x080008d0       0x18 ./Drivers/src/stm32f4xx_cus_timer.o
                0x080008d0                millis
 .text.TIM_Handling
                0x080008e8       0x40 ./Drivers/src/stm32f4xx_cus_timer.o
                0x080008e8                TIM_Handling
 .text.main     0x08000928       0x3c ./Src/timerMillis.o
                0x08000928                main
 .text.GPIO_USER_INIT
                0x08000964       0x3c ./Src/timerMillis.o
                0x08000964                GPIO_USER_INIT
 .text.TIMER_USER_INIT
                0x080009a0       0x20 ./Src/timerMillis.o
                0x080009a0                TIMER_USER_INIT
 .text.TIM2_IRQHandler
                0x080009c0       0x14 ./Src/timerMillis.o
                0x080009c0                TIM2_IRQHandler
 .text.Reset_Handler
                0x080009d4       0x50 ./Startup/startup_stm32f407vgtx.o
                0x080009d4                Reset_Handler
 .text.Default_Handler
                0x08000a24        0x2 ./Startup/startup_stm32f407vgtx.o
                0x08000a24                RTC_Alarm_IRQHandler
                0x08000a24                HASH_RNG_IRQHandler
                0x08000a24                EXTI2_IRQHandler
                0x08000a24                TIM8_CC_IRQHandler
                0x08000a24                DebugMon_Handler
                0x08000a24                TIM1_CC_IRQHandler
                0x08000a24                DMA2_Stream5_IRQHandler
                0x08000a24                HardFault_Handler
                0x08000a24                DMA1_Stream5_IRQHandler
                0x08000a24                SysTick_Handler
                0x08000a24                PVD_IRQHandler
                0x08000a24                SDIO_IRQHandler
                0x08000a24                TAMP_STAMP_IRQHandler
                0x08000a24                PendSV_Handler
                0x08000a24                NMI_Handler
                0x08000a24                CAN2_RX1_IRQHandler
                0x08000a24                EXTI3_IRQHandler
                0x08000a24                TIM8_TRG_COM_TIM14_IRQHandler
                0x08000a24                TIM1_UP_TIM10_IRQHandler
                0x08000a24                TIM8_UP_TIM13_IRQHandler
                0x08000a24                I2C3_ER_IRQHandler
                0x08000a24                EXTI0_IRQHandler
                0x08000a24                I2C2_EV_IRQHandler
                0x08000a24                DMA1_Stream2_IRQHandler
                0x08000a24                CAN1_RX0_IRQHandler
                0x08000a24                FPU_IRQHandler
                0x08000a24                OTG_HS_WKUP_IRQHandler
                0x08000a24                UsageFault_Handler
                0x08000a24                CAN2_SCE_IRQHandler
                0x08000a24                DMA2_Stream2_IRQHandler
                0x08000a24                SPI1_IRQHandler
                0x08000a24                TIM6_DAC_IRQHandler
                0x08000a24                TIM1_BRK_TIM9_IRQHandler
                0x08000a24                DCMI_IRQHandler
                0x08000a24                CAN2_RX0_IRQHandler
                0x08000a24                DMA2_Stream3_IRQHandler
                0x08000a24                USART6_IRQHandler
                0x08000a24                USART3_IRQHandler
                0x08000a24                CRYP_IRQHandler
                0x08000a24                CAN1_RX1_IRQHandler
                0x08000a24                UART5_IRQHandler
                0x08000a24                DMA2_Stream0_IRQHandler
                0x08000a24                TIM4_IRQHandler
                0x08000a24                I2C1_EV_IRQHandler
                0x08000a24                DMA1_Stream6_IRQHandler
                0x08000a24                DMA1_Stream1_IRQHandler
                0x08000a24                UART4_IRQHandler
                0x08000a24                TIM3_IRQHandler
                0x08000a24                RCC_IRQHandler
                0x08000a24                TIM8_BRK_TIM12_IRQHandler
                0x08000a24                Default_Handler
                0x08000a24                EXTI15_10_IRQHandler
                0x08000a24                ADC_IRQHandler
                0x08000a24                DMA1_Stream7_IRQHandler
                0x08000a24                TIM7_IRQHandler
                0x08000a24                CAN2_TX_IRQHandler
                0x08000a24                TIM5_IRQHandler
                0x08000a24                DMA2_Stream7_IRQHandler
                0x08000a24                I2C3_EV_IRQHandler
                0x08000a24                EXTI9_5_IRQHandler
                0x08000a24                RTC_WKUP_IRQHandler
                0x08000a24                ETH_WKUP_IRQHandler
                0x08000a24                SPI2_IRQHandler
                0x08000a24                OTG_HS_EP1_IN_IRQHandler
                0x08000a24                MemManage_Handler
                0x08000a24                DMA1_Stream0_IRQHandler
                0x08000a24                CAN1_TX_IRQHandler
                0x08000a24                SVC_Handler
                0x08000a24                EXTI4_IRQHandler
                0x08000a24                FSMC_IRQHandler
                0x08000a24                ETH_IRQHandler
                0x08000a24                OTG_HS_EP1_OUT_IRQHandler
                0x08000a24                WWDG_IRQHandler
                0x08000a24                OTG_FS_WKUP_IRQHandler
                0x08000a24                TIM1_TRG_COM_TIM11_IRQHandler
                0x08000a24                OTG_HS_IRQHandler
                0x08000a24                EXTI1_IRQHandler
                0x08000a24                USART2_IRQHandler
                0x08000a24                I2C2_ER_IRQHandler
                0x08000a24                DMA2_Stream1_IRQHandler
                0x08000a24                CAN1_SCE_IRQHandler
                0x08000a24                DMA2_Stream4_IRQHandler
                0x08000a24                BusFault_Handler
                0x08000a24                USART1_IRQHandler
                0x08000a24                OTG_FS_IRQHandler
                0x08000a24                SPI3_IRQHandler
                0x08000a24                DMA1_Stream4_IRQHandler
                0x08000a24                I2C1_ER_IRQHandler
                0x08000a24                DMA2_Stream6_IRQHandler
                0x08000a24                DMA1_Stream3_IRQHandler
 *fill*         0x08000a26        0x2 
 .text.__libc_init_array
                0x08000a28       0x48 D:/STM32CubeIDE_1.18.1/STM32CubeIDE/plugins/com.st.stm32cube.ide.mcu.externaltools.gnu-tools-for-stm32.13.3.rel1.win32_1.0.0.202411081344/tools/bin/../lib/gcc/arm-none-eabi/13.3.1/../../../../arm-none-eabi/lib/thumb/v7e-m+fp/hard\libc_nano.a(libc_a-init.o)
                0x08000a28                __libc_init_array
 *(.glue_7)
 .glue_7        0x08000a70        0x0 linker stubs
 *(.glue_7t)
 .glue_7t       0x08000a70        0x0 linker stubs
 *(.eh_frame)
 .eh_frame      0x08000a70        0x0 D:/STM32CubeIDE_1.18.1/STM32CubeIDE/plugins/com.st.stm32cube.ide.mcu.externaltools.gnu-tools-for-stm32.13.3.rel1.win32_1.0.0.202411081344/tools/bin/../lib/gcc/arm-none-eabi/13.3.1/thumb/v7e-m+fp/hard/crtbegin.o
 *(.init)
 .init          0x08000a70        0x4 D:/STM32CubeIDE_1.18.1/STM32CubeIDE/plugins/com.st.stm32cube.ide.mcu.externaltools.gnu-tools-for-stm32.13.3.rel1.win32_1.0.0.202411081344/tools/bin/../lib/gcc/arm-none-eabi/13.3.1/thumb/v7e-m+fp/hard/crti.o
                0x08000a70                _init
 .init          0x08000a74        0x8 D:/STM32CubeIDE_1.18.1/STM32CubeIDE/plugins/com.st.stm32cube.ide.mcu.externaltools.gnu-tools-for-stm32.13.3.rel1.win32_1.0.0.202411081344/tools/bin/../lib/gcc/arm-none-eabi/13.3.1/thumb/v7e-m+fp/hard/crtn.o
 *(.fini)
 .fini          0x08000a7c        0x4 D:/STM32CubeIDE_1.18.1/STM32CubeIDE/plugins/com.st.stm32cube.ide.mcu.externaltools.gnu-tools-for-stm32.13.3.rel1.win32_1.0.0.202411081344/tools/bin/../lib/gcc/arm-none-eabi/13.3.1/thumb/v7e-m+fp/hard/crti.o
                0x08000a7c                _fini
 .fini          0x08000a80        0x8 D:/STM32CubeIDE_1.18.1/STM32CubeIDE/plugins/com.st.stm32cube.ide.mcu.externaltools.gnu-tools-for-stm32.13.3.rel1.win32_1.0.0.202411081344/tools/bin/../lib/gcc/arm-none-eabi/13.3.1/thumb/v7e-m+fp/hard/crtn.o
                0x08000a88                        . = ALIGN (0x4)
                0x08000a88                        _etext = .

.vfp11_veneer   0x08000a88        0x0
 .vfp11_veneer  0x08000a88        0x0 linker stubs

.v4_bx          0x08000a88        0x0
 .v4_bx         0x08000a88        0x0 linker stubs

.iplt           0x08000a88        0x0
 .iplt          0x08000a88        0x0 D:/STM32CubeIDE_1.18.1/STM32CubeIDE/plugins/com.st.stm32cube.ide.mcu.externaltools.gnu-tools-for-stm32.13.3.rel1.win32_1.0.0.202411081344/tools/bin/../lib/gcc/arm-none-eabi/13.3.1/thumb/v7e-m+fp/hard/crtbegin.o

.rodata         0x08000a88       0x30
                0x08000a88                        . = ALIGN (0x4)
 *(.rodata)
 .rodata        0x08000a88       0x30 ./Drivers/src/stm32f4xx_cus.o
 *(.rodata*)
                0x08000ab8                        . = ALIGN (0x4)

.rel.dyn        0x08000ab8        0x0
 .rel.iplt      0x08000ab8        0x0 D:/STM32CubeIDE_1.18.1/STM32CubeIDE/plugins/com.st.stm32cube.ide.mcu.externaltools.gnu-tools-for-stm32.13.3.rel1.win32_1.0.0.202411081344/tools/bin/../lib/gcc/arm-none-eabi/13.3.1/thumb/v7e-m+fp/hard/crtbegin.o

.ARM.extab      0x08000ab8        0x0
                0x08000ab8                        . = ALIGN (0x4)
 *(.ARM.extab* .gnu.linkonce.armextab.*)
                0x08000ab8                        . = ALIGN (0x4)

.ARM            0x08000ab8        0x0
                0x08000ab8                        . = ALIGN (0x4)
                0x08000ab8                        __exidx_start = .
 *(.ARM.exidx*)
                0x08000ab8                        __exidx_end = .
                0x08000ab8                        . = ALIGN (0x4)

.preinit_array  0x08000ab8        0x0
                0x08000ab8                        . = ALIGN (0x4)
                0x08000ab8                        PROVIDE (__preinit_array_start = .)
 *(.preinit_array*)
                0x08000ab8                        PROVIDE (__preinit_array_end = .)
                0x08000ab8                        . = ALIGN (0x4)

.init_array     0x08000ab8        0x4
                0x08000ab8                        . = ALIGN (0x4)
                0x08000ab8                        PROVIDE (__init_array_start = .)
 *(SORT_BY_NAME(.init_array.*))
 *(.init_array*)
 .init_array    0x08000ab8        0x4 D:/STM32CubeIDE_1.18.1/STM32CubeIDE/plugins/com.st.stm32cube.ide.mcu.externaltools.gnu-tools-for-stm32.13.3.rel1.win32_1.0.0.202411081344/tools/bin/../lib/gcc/arm-none-eabi/13.3.1/thumb/v7e-m+fp/hard/crtbegin.o
                0x08000abc                        PROVIDE (__init_array_end = .)
                0x08000abc                        . = ALIGN (0x4)

.fini_array     0x08000abc        0x4
                0x08000abc                        . = ALIGN (0x4)
                [!provide]                        PROVIDE (__fini_array_start = .)
 *(SORT_BY_NAME(.fini_array.*))
 *(.fini_array*)
 .fini_array    0x08000abc        0x4 D:/STM32CubeIDE_1.18.1/STM32CubeIDE/plugins/com.st.stm32cube.ide.mcu.externaltools.gnu-tools-for-stm32.13.3.rel1.win32_1.0.0.202411081344/tools/bin/../lib/gcc/arm-none-eabi/13.3.1/thumb/v7e-m+fp/hard/crtbegin.o
                [!provide]                        PROVIDE (__fini_array_end = .)
                0x08000ac0                        . = ALIGN (0x4)
                0x08000ac0                        _sidata = LOADADDR (.data)

.data           0x20000000        0x0 load address 0x08000ac0
                0x20000000                        . = ALIGN (0x4)
                0x20000000                        _sdata = .
 *(.data)
 *(.data*)
 *(.RamFunc)
 *(.RamFunc*)
                0x20000000                        . = ALIGN (0x4)
                0x20000000                        _edata = .
                0x08000ac0                        _siccmram = LOADADDR (.ccmram)

.igot.plt       0x20000000        0x0 load address 0x08000ac0
 .igot.plt      0x20000000        0x0 D:/STM32CubeIDE_1.18.1/STM32CubeIDE/plugins/com.st.stm32cube.ide.mcu.externaltools.gnu-tools-for-stm32.13.3.rel1.win32_1.0.0.202411081344/tools/bin/../lib/gcc/arm-none-eabi/13.3.1/thumb/v7e-m+fp/hard/crtbegin.o

.ccmram         0x10000000        0x0 load address 0x08000ac0
                0x10000000                        . = ALIGN (0x4)
                0x10000000                        _sccmram = .
 *(.ccmram)
 *(.ccmram*)
                0x10000000                        . = ALIGN (0x4)
                0x10000000                        _eccmram = .
                0x10000000                        . = ALIGN (0x4)

.bss            0x20000000       0x48
                0x20000000                        _sbss = .
                0x20000000                        __bss_start__ = _sbss
 *(.bss)
 .bss           0x20000000       0x1c D:/STM32CubeIDE_1.18.1/STM32CubeIDE/plugins/com.st.stm32cube.ide.mcu.externaltools.gnu-tools-for-stm32.13.3.rel1.win32_1.0.0.202411081344/tools/bin/../lib/gcc/arm-none-eabi/13.3.1/thumb/v7e-m+fp/hard/crtbegin.o
 *(.bss*)
 .bss.SystemClockSrc
                0x2000001c        0x4 ./Drivers/src/stm32f4xx_cus.o
                0x2000001c                SystemClockSrc
 .bss.mil       0x20000020        0x4 ./Drivers/src/stm32f4xx_cus_timer.o
                0x20000020                mil
 .bss.gpio_handle
                0x20000024        0xc ./Src/timerMillis.o
                0x20000024                gpio_handle
 .bss.tim_millis_handle
                0x20000030       0x18 ./Src/timerMillis.o
                0x20000030                tim_millis_handle
 *(COMMON)
                0x20000048                        . = ALIGN (0x4)
                0x20000048                        _ebss = .
                0x20000048                        __bss_end__ = _ebss

._user_heap_stack
                0x20000048      0x600
                0x20000048                        . = ALIGN (0x8)
                [!provide]                        PROVIDE (end = .)
                0x20000048                        PROVIDE (_end = .)
                0x20000248                        . = (. + _Min_Heap_Size)
 *fill*         0x20000048      0x200 
                0x20000648                        . = (. + _Min_Stack_Size)
 *fill*         0x20000248      0x400 
                0x20000648                        . = ALIGN (0x8)

/DISCARD/
 libc.a(*)
 libm.a(*)
 libgcc.a(*)

.ARM.attributes
                0x00000000       0x30
 *(.ARM.attributes)
 .ARM.attributes
                0x00000000       0x22 D:/STM32CubeIDE_1.18.1/STM32CubeIDE/plugins/com.st.stm32cube.ide.mcu.externaltools.gnu-tools-for-stm32.13.3.rel1.win32_1.0.0.202411081344/tools/bin/../lib/gcc/arm-none-eabi/13.3.1/thumb/v7e-m+fp/hard/crti.o
 .ARM.attributes
                0x00000022       0x34 D:/STM32CubeIDE_1.18.1/STM32CubeIDE/plugins/com.st.stm32cube.ide.mcu.externaltools.gnu-tools-for-stm32.13.3.rel1.win32_1.0.0.202411081344/tools/bin/../lib/gcc/arm-none-eabi/13.3.1/thumb/v7e-m+fp/hard/crtbegin.o
 .ARM.attributes
                0x00000056       0x34 ./Drivers/src/stm32f4xx_cus.o
 .ARM.attributes
                0x0000008a       0x34 ./Drivers/src/stm32f4xx_cus_gpio.o
 .ARM.attributes
                0x000000be       0x34 ./Drivers/src/stm32f4xx_cus_timer.o
 .ARM.attributes
                0x000000f2       0x34 ./Src/timerMillis.o
 .ARM.attributes
                0x00000126       0x21 ./Startup/startup_stm32f407vgtx.o
 .ARM.attributes
                0x00000147       0x34 D:/STM32CubeIDE_1.18.1/STM32CubeIDE/plugins/com.st.stm32cube.ide.mcu.externaltools.gnu-tools-for-stm32.13.3.rel1.win32_1.0.0.202411081344/tools/bin/../lib/gcc/arm-none-eabi/13.3.1/../../../../arm-none-eabi/lib/thumb/v7e-m+fp/hard\libc_nano.a(libc_a-init.o)
 .ARM.attributes
                0x0000017b       0x22 D:/STM32CubeIDE_1.18.1/STM32CubeIDE/plugins/com.st.stm32cube.ide.mcu.externaltools.gnu-tools-for-stm32.13.3.rel1.win32_1.0.0.202411081344/tools/bin/../lib/gcc/arm-none-eabi/13.3.1/thumb/v7e-m+fp/hard/crtn.o
OUTPUT(Protocols.elf elf32-littlearm)
LOAD linker stubs
LOAD D:/STM32CubeIDE_1.18.1/STM32CubeIDE/plugins/com.st.stm32cube.ide.mcu.externaltools.gnu-tools-for-stm32.13.3.rel1.win32_1.0.0.202411081344/tools/bin/../lib/gcc/arm-none-eabi/13.3.1/../../../../arm-none-eabi/lib/thumb/v7e-m+fp/hard\libc.a
LOAD D:/STM32CubeIDE_1.18.1/STM32CubeIDE/plugins/com.st.stm32cube.ide.mcu.externaltools.gnu-tools-for-stm32.13.3.rel1.win32_1.0.0.202411081344/tools/bin/../lib/gcc/arm-none-eabi/13.3.1/../../../../arm-none-eabi/lib/thumb/v7e-m+fp/hard\libm.a
LOAD D:/STM32CubeIDE_1.18.1/STM32CubeIDE/plugins/com.st.stm32cube.ide.mcu.externaltools.gnu-tools-for-stm32.13.3.rel1.win32_1.0.0.202411081344/tools/bin/../lib/gcc/arm-none-eabi/13.3.1/thumb/v7e-m+fp/hard\libgcc.a

.debug_info     0x00000000     0x144b
 .debug_info    0x00000000      0x3a8 ./Drivers/src/stm32f4xx_cus.o
 .debug_info    0x000003a8      0x64d ./Drivers/src/stm32f4xx_cus_gpio.o
 .debug_info    0x000009f5      0x593 ./Drivers/src/stm32f4xx_cus_timer.o
 .debug_info    0x00000f88      0x493 ./Src/timerMillis.o
 .debug_info    0x0000141b       0x30 ./Startup/startup_stm32f407vgtx.o

.debug_abbrev   0x00000000      0x511
 .debug_abbrev  0x00000000       0xf4 ./Drivers/src/stm32f4xx_cus.o
 .debug_abbrev  0x000000f4      0x126 ./Drivers/src/stm32f4xx_cus_gpio.o
 .debug_abbrev  0x0000021a      0x1a0 ./Drivers/src/stm32f4xx_cus_timer.o
 .debug_abbrev  0x000003ba      0x133 ./Src/timerMillis.o
 .debug_abbrev  0x000004ed       0x24 ./Startup/startup_stm32f407vgtx.o

.debug_aranges  0x00000000      0x130
 .debug_aranges
                0x00000000       0x28 ./Drivers/src/stm32f4xx_cus.o
 .debug_aranges
                0x00000028       0x50 ./Drivers/src/stm32f4xx_cus_gpio.o
 .debug_aranges
                0x00000078       0x58 ./Drivers/src/stm32f4xx_cus_timer.o
 .debug_aranges
                0x000000d0       0x38 ./Src/timerMillis.o
 .debug_aranges
                0x00000108       0x28 ./Startup/startup_stm32f407vgtx.o

.debug_rnglists
                0x00000000       0xd1
 .debug_rnglists
                0x00000000       0x1b ./Drivers/src/stm32f4xx_cus.o
 .debug_rnglists
                0x0000001b       0x38 ./Drivers/src/stm32f4xx_cus_gpio.o
 .debug_rnglists
                0x00000053       0x40 ./Drivers/src/stm32f4xx_cus_timer.o
 .debug_rnglists
                0x00000093       0x25 ./Src/timerMillis.o
 .debug_rnglists
                0x000000b8       0x19 ./Startup/startup_stm32f407vgtx.o

.debug_macro    0x00000000     0x2d0d
 .debug_macro   0x00000000      0x1a8 ./Drivers/src/stm32f4xx_cus.o
 .debug_macro   0x000001a8      0xae4 ./Drivers/src/stm32f4xx_cus.o
 .debug_macro   0x00000c8c       0x22 ./Drivers/src/stm32f4xx_cus.o
 .debug_macro   0x00000cae       0x5b ./Drivers/src/stm32f4xx_cus.o
 .debug_macro   0x00000d09       0x2a ./Drivers/src/stm32f4xx_cus.o
 .debug_macro   0x00000d33       0x94 ./Drivers/src/stm32f4xx_cus.o
 .debug_macro   0x00000dc7       0x43 ./Drivers/src/stm32f4xx_cus.o
 .debug_macro   0x00000e0a       0x34 ./Drivers/src/stm32f4xx_cus.o
 .debug_macro   0x00000e3e       0x16 ./Drivers/src/stm32f4xx_cus.o
 .debug_macro   0x00000e54       0x57 ./Drivers/src/stm32f4xx_cus.o
 .debug_macro   0x00000eab       0x9e ./Drivers/src/stm32f4xx_cus.o
 .debug_macro   0x00000f49      0x370 ./Drivers/src/stm32f4xx_cus.o
 .debug_macro   0x000012b9      0x112 ./Drivers/src/stm32f4xx_cus.o
 .debug_macro   0x000013cb       0x10 ./Drivers/src/stm32f4xx_cus.o
 .debug_macro   0x000013db       0x16 ./Drivers/src/stm32f4xx_cus.o
 .debug_macro   0x000013f1       0x4a ./Drivers/src/stm32f4xx_cus.o
 .debug_macro   0x0000143b       0x34 ./Drivers/src/stm32f4xx_cus.o
 .debug_macro   0x0000146f       0x10 ./Drivers/src/stm32f4xx_cus.o
 .debug_macro   0x0000147f       0x58 ./Drivers/src/stm32f4xx_cus.o
 .debug_macro   0x000014d7       0x8e ./Drivers/src/stm32f4xx_cus.o
 .debug_macro   0x00001565       0x1c ./Drivers/src/stm32f4xx_cus.o
 .debug_macro   0x00001581      0x185 ./Drivers/src/stm32f4xx_cus.o
 .debug_macro   0x00001706       0x16 ./Drivers/src/stm32f4xx_cus.o
 .debug_macro   0x0000171c       0x16 ./Drivers/src/stm32f4xx_cus.o
 .debug_macro   0x00001732      0x146 ./Drivers/src/stm32f4xx_cus.o
 .debug_macro   0x00001878      0x103 ./Drivers/src/stm32f4xx_cus.o
 .debug_macro   0x0000197b       0x6a ./Drivers/src/stm32f4xx_cus.o
 .debug_macro   0x000019e5      0x1df ./Drivers/src/stm32f4xx_cus.o
 .debug_macro   0x00001bc4      0x357 ./Drivers/src/stm32f4xx_cus.o
 .debug_macro   0x00001f1b      0x1a2 ./Drivers/src/stm32f4xx_cus.o
 .debug_macro   0x000020bd       0xbe ./Drivers/src/stm32f4xx_cus.o
 .debug_macro   0x0000217b       0xfa ./Drivers/src/stm32f4xx_cus.o
 .debug_macro   0x00002275      0x148 ./Drivers/src/stm32f4xx_cus.o
 .debug_macro   0x000023bd       0xd6 ./Drivers/src/stm32f4xx_cus.o
 .debug_macro   0x00002493       0xaa ./Drivers/src/stm32f4xx_cus.o
 .debug_macro   0x0000253d       0x64 ./Drivers/src/stm32f4xx_cus.o
 .debug_macro   0x000025a1      0x1b2 ./Drivers/src/stm32f4xx_cus_gpio.o
 .debug_macro   0x00002753       0xb8 ./Drivers/src/stm32f4xx_cus_gpio.o
 .debug_macro   0x0000280b      0x1b2 ./Drivers/src/stm32f4xx_cus_timer.o
 .debug_macro   0x000029bd       0x5e ./Drivers/src/stm32f4xx_cus_timer.o
 .debug_macro   0x00002a1b      0x1b2 ./Src/timerMillis.o
 .debug_macro   0x00002bcd       0x8e ./Src/timerMillis.o
 .debug_macro   0x00002c5b       0x51 ./Src/timerMillis.o
 .debug_macro   0x00002cac       0x61 ./Src/timerMillis.o

.debug_line     0x00000000     0x215d
 .debug_line    0x00000000      0x71e ./Drivers/src/stm32f4xx_cus.o
 .debug_line    0x0000071e      0x9d3 ./Drivers/src/stm32f4xx_cus_gpio.o
 .debug_line    0x000010f1      0x90c ./Drivers/src/stm32f4xx_cus_timer.o
 .debug_line    0x000019fd      0x6e5 ./Src/timerMillis.o
 .debug_line    0x000020e2       0x7b ./Startup/startup_stm32f407vgtx.o

.debug_str      0x00000000     0xa777
 .debug_str     0x00000000     0xa777 ./Drivers/src/stm32f4xx_cus.o
                               0xa5c4 (size before relaxing)
 .debug_str     0x0000a777     0xa69e ./Drivers/src/stm32f4xx_cus_gpio.o
 .debug_str     0x0000a777     0xa61a ./Drivers/src/stm32f4xx_cus_timer.o
 .debug_str     0x0000a777     0xa5f3 ./Src/timerMillis.o
 .debug_str     0x0000a777       0x70 ./Startup/startup_stm32f407vgtx.o

.comment        0x00000000       0x43
 .comment       0x00000000       0x43 ./Drivers/src/stm32f4xx_cus.o
                                 0x44 (size before relaxing)
 .comment       0x00000043       0x44 ./Drivers/src/stm32f4xx_cus_gpio.o
 .comment       0x00000043       0x44 ./Drivers/src/stm32f4xx_cus_timer.o
 .comment       0x00000043       0x44 ./Src/timerMillis.o

.debug_frame    0x00000000      0x37c
 .debug_frame   0x00000000       0x68 ./Drivers/src/stm32f4xx_cus.o
 .debug_frame   0x00000068      0x128 ./Drivers/src/stm32f4xx_cus_gpio.o
 .debug_frame   0x00000190      0x13c ./Drivers/src/stm32f4xx_cus_timer.o
 .debug_frame   0x000002cc       0x84 ./Src/timerMillis.o
 .debug_frame   0x00000350       0x2c D:/STM32CubeIDE_1.18.1/STM32CubeIDE/plugins/com.st.stm32cube.ide.mcu.externaltools.gnu-tools-for-stm32.13.3.rel1.win32_1.0.0.202411081344/tools/bin/../lib/gcc/arm-none-eabi/13.3.1/../../../../arm-none-eabi/lib/thumb/v7e-m+fp/hard\libc_nano.a(libc_a-init.o)

.debug_line_str
                0x00000000       0x54
 .debug_line_str
                0x00000000       0x54 ./Startup/startup_stm32f407vgtx.o
