Archive member included to satisfy reference by file (symbol)

D:/STM32CubeIDE_1.18.1/STM32CubeIDE/plugins/com.st.stm32cube.ide.mcu.externaltools.gnu-tools-for-stm32.13.3.rel1.win32_1.0.0.202411081344/tools/bin/../lib/gcc/arm-none-eabi/13.3.1/../../../../arm-none-eabi/lib/thumb/v7e-m+fp/hard\librdimon_nano.a(arm_librdimon_a-syscalls.o)
                              D:/STM32CubeIDE_1.18.1/STM32CubeIDE/plugins/com.st.stm32cube.ide.mcu.externaltools.gnu-tools-for-stm32.13.3.rel1.win32_1.0.0.202411081344/tools/bin/../lib/gcc/arm-none-eabi/13.3.1/../../../../arm-none-eabi/lib/thumb/v7e-m+fp/hard/rdimon-crt0.o (__heap_limit)
D:/STM32CubeIDE_1.18.1/STM32CubeIDE/plugins/com.st.stm32cube.ide.mcu.externaltools.gnu-tools-for-stm32.13.3.rel1.win32_1.0.0.202411081344/tools/bin/../lib/gcc/arm-none-eabi/13.3.1/../../../../arm-none-eabi/lib/thumb/v7e-m+fp/hard\libc_nano.a(libc_a-exit.o)
                              D:/STM32CubeIDE_1.18.1/STM32CubeIDE/plugins/com.st.stm32cube.ide.mcu.externaltools.gnu-tools-for-stm32.13.3.rel1.win32_1.0.0.202411081344/tools/bin/../lib/gcc/arm-none-eabi/13.3.1/../../../../arm-none-eabi/lib/thumb/v7e-m+fp/hard/rdimon-crt0.o (exit)
D:/STM32CubeIDE_1.18.1/STM32CubeIDE/plugins/com.st.stm32cube.ide.mcu.externaltools.gnu-tools-for-stm32.13.3.rel1.win32_1.0.0.202411081344/tools/bin/../lib/gcc/arm-none-eabi/13.3.1/../../../../arm-none-eabi/lib/thumb/v7e-m+fp/hard\libc_nano.a(libc_a-findfp.o)
                              D:/STM32CubeIDE_1.18.1/STM32CubeIDE/plugins/com.st.stm32cube.ide.mcu.externaltools.gnu-tools-for-stm32.13.3.rel1.win32_1.0.0.202411081344/tools/bin/../lib/gcc/arm-none-eabi/13.3.1/../../../../arm-none-eabi/lib/thumb/v7e-m+fp/hard\libc_nano.a(libc_a-exit.o) (__stdio_exit_handler)
D:/STM32CubeIDE_1.18.1/STM32CubeIDE/plugins/com.st.stm32cube.ide.mcu.externaltools.gnu-tools-for-stm32.13.3.rel1.win32_1.0.0.202411081344/tools/bin/../lib/gcc/arm-none-eabi/13.3.1/../../../../arm-none-eabi/lib/thumb/v7e-m+fp/hard\libc_nano.a(libc_a-fwalk.o)
                              D:/STM32CubeIDE_1.18.1/STM32CubeIDE/plugins/com.st.stm32cube.ide.mcu.externaltools.gnu-tools-for-stm32.13.3.rel1.win32_1.0.0.202411081344/tools/bin/../lib/gcc/arm-none-eabi/13.3.1/../../../../arm-none-eabi/lib/thumb/v7e-m+fp/hard\libc_nano.a(libc_a-findfp.o) (_fwalk_sglue)
D:/STM32CubeIDE_1.18.1/STM32CubeIDE/plugins/com.st.stm32cube.ide.mcu.externaltools.gnu-tools-for-stm32.13.3.rel1.win32_1.0.0.202411081344/tools/bin/../lib/gcc/arm-none-eabi/13.3.1/../../../../arm-none-eabi/lib/thumb/v7e-m+fp/hard\libc_nano.a(libc_a-stdio.o)
                              D:/STM32CubeIDE_1.18.1/STM32CubeIDE/plugins/com.st.stm32cube.ide.mcu.externaltools.gnu-tools-for-stm32.13.3.rel1.win32_1.0.0.202411081344/tools/bin/../lib/gcc/arm-none-eabi/13.3.1/../../../../arm-none-eabi/lib/thumb/v7e-m+fp/hard\libc_nano.a(libc_a-findfp.o) (__sread)
D:/STM32CubeIDE_1.18.1/STM32CubeIDE/plugins/com.st.stm32cube.ide.mcu.externaltools.gnu-tools-for-stm32.13.3.rel1.win32_1.0.0.202411081344/tools/bin/../lib/gcc/arm-none-eabi/13.3.1/../../../../arm-none-eabi/lib/thumb/v7e-m+fp/hard\libc_nano.a(libc_a-memset.o)
                              D:/STM32CubeIDE_1.18.1/STM32CubeIDE/plugins/com.st.stm32cube.ide.mcu.externaltools.gnu-tools-for-stm32.13.3.rel1.win32_1.0.0.202411081344/tools/bin/../lib/gcc/arm-none-eabi/13.3.1/../../../../arm-none-eabi/lib/thumb/v7e-m+fp/hard/rdimon-crt0.o (memset)
D:/STM32CubeIDE_1.18.1/STM32CubeIDE/plugins/com.st.stm32cube.ide.mcu.externaltools.gnu-tools-for-stm32.13.3.rel1.win32_1.0.0.202411081344/tools/bin/../lib/gcc/arm-none-eabi/13.3.1/../../../../arm-none-eabi/lib/thumb/v7e-m+fp/hard\libc_nano.a(libc_a-closer.o)
                              D:/STM32CubeIDE_1.18.1/STM32CubeIDE/plugins/com.st.stm32cube.ide.mcu.externaltools.gnu-tools-for-stm32.13.3.rel1.win32_1.0.0.202411081344/tools/bin/../lib/gcc/arm-none-eabi/13.3.1/../../../../arm-none-eabi/lib/thumb/v7e-m+fp/hard\libc_nano.a(libc_a-stdio.o) (_close_r)
D:/STM32CubeIDE_1.18.1/STM32CubeIDE/plugins/com.st.stm32cube.ide.mcu.externaltools.gnu-tools-for-stm32.13.3.rel1.win32_1.0.0.202411081344/tools/bin/../lib/gcc/arm-none-eabi/13.3.1/../../../../arm-none-eabi/lib/thumb/v7e-m+fp/hard\libc_nano.a(libc_a-reent.o)
                              D:/STM32CubeIDE_1.18.1/STM32CubeIDE/plugins/com.st.stm32cube.ide.mcu.externaltools.gnu-tools-for-stm32.13.3.rel1.win32_1.0.0.202411081344/tools/bin/../lib/gcc/arm-none-eabi/13.3.1/../../../../arm-none-eabi/lib/thumb/v7e-m+fp/hard\libc_nano.a(libc_a-closer.o) (errno)
D:/STM32CubeIDE_1.18.1/STM32CubeIDE/plugins/com.st.stm32cube.ide.mcu.externaltools.gnu-tools-for-stm32.13.3.rel1.win32_1.0.0.202411081344/tools/bin/../lib/gcc/arm-none-eabi/13.3.1/../../../../arm-none-eabi/lib/thumb/v7e-m+fp/hard\libc_nano.a(libc_a-impure.o)
[...]
Memory Configuration

Name             Origin             Length             Attributes
CCMRAM           0x10000000         0x00010000         xrw
RAM              0x20000000         0x00020000         xrw
FLASH            0x08000000         0x00100000         xr
*default*        0x00000000         0xffffffff

Linker script and memory map

LOAD D:/STM32CubeIDE_1.18.1/STM32CubeIDE/plugins/com.st.stm32cube.ide.mcu.externaltools.gnu-tools-for-stm32.13.3.rel1.win32_1.0.0.202411081344/tools/bin/../lib/gcc/arm-none-eabi/13.3.1/thumb/v7e-m+fp/hard/crti.o
LOAD D:/STM32CubeIDE_1.18.1/STM32CubeIDE/plugins/com.st.stm32cube.ide.mcu.externaltools.gnu-tools-for-stm32.13.3.rel1.win32_1.0.0.202411081344/tools/bin/../lib/gcc/arm-none-eabi/13.3.1/thumb/v7e-m+fp/hard/crtbegin.o
LOAD D:/STM32CubeIDE_1.18.1/STM32CubeIDE/plugins/com.st.stm32cube.ide.mcu.externaltools.gnu-tools-for-stm32.13.3.rel1.win32_1.0.0.202411081344/tools/bin/../lib/gcc/arm-none-eabi/13.3.1/../../../../arm-none-eabi/lib/thumb/v7e-m+fp/hard/rdimon-crt0.o
LOAD ./Drivers/src/stm32f4xx_cus.o
LOAD ./Drivers/src/stm32f4xx_cus_gpio.o
LOAD ./Drivers/src/stm32f4xx_cus_i2c.o
LOAD ./Src/i2cMasterWriteIT.o
LOAD ./Src/sysmem.o
LOAD ./Startup/startup_stm32f407vgtx.o
LOAD D:/STM32CubeIDE_1.18.1/STM32CubeIDE/plugins/com.st.stm32cube.ide.mcu.externaltools.gnu-tools-for-stm32.13.3.rel1.win32_1.0.0.202411081344/tools/bin/../lib/gcc/arm-none-eabi/13.3.1/../../../../arm-none-eabi/lib/thumb/v7e-m+fp/hard\librdimon_nano.a
START GROUP
LOAD D:/STM32CubeIDE_1.18.1/STM32CubeIDE/plugins/com.st.stm32cube.ide.mcu.externaltools.gnu-tools-for-stm32.13.3.rel1.win32_1.0.0.202411081344/tools/bin/../lib/gcc/arm-none-eabi/13.3.1/../../../../arm-none-eabi/lib/thumb/v7e-m+fp/hard\libc_nano.a
LOAD D:/STM32CubeIDE_1.18.1/STM32CubeIDE/plugins/com.st.stm32cube.ide.mcu.externaltools.gnu-tools-for-stm32.13.3.rel1.win32_1.0.0.202411081344/tools/bin/../lib/gcc/arm-none-eabi/13.3.1/../../../../arm-none-eabi/lib/thumb/v7e-m+fp/hard\libm.a
END GROUP
START GROUP
LOAD D:/STM32CubeIDE_1.18.1/STM32CubeIDE/plugins/com.st.stm32cube.ide.mcu.externaltools.gnu-tools-for-stm32.13.3.rel1.win32_1.0.0.202411081344/tools/bin/../lib/gcc/arm-none-eabi/13.3.1/thumb/v7e-m+fp/hard\libgcc.a
LOAD D:/STM32CubeIDE_1.18.1/STM32CubeIDE/plugins/com.st.stm32cube.ide.mcu.externaltools.gnu-tools-for-stm32.13.3.rel1.win32_1.0.0.202411081344/tools/bin/../lib/gcc/arm-none-eabi/13.3.1/../../../../arm-none-eabi/lib/thumb/v7e-m+fp/hard\libc_nano.a
END GROUP
START GROUP
LOAD D:/STM32CubeIDE_1.18.1/STM32CubeIDE/plugins/com.st.stm32cube.ide.mcu.externaltools.gnu-tools-for-stm32.13.3.rel1.win32_1.0.0.202411081344/tools/bin/../lib/gcc/arm-none-eabi/13.3.1/thumb/v7e-m+fp/hard\libgcc.a
LOAD D:/STM32CubeIDE_1.18.1/STM32CubeIDE/plugins/com.st.stm32cube.ide.mcu.externaltools.gnu-tools-for-stm32.13.3.rel1.win32_1.0.0.202411081344/tools/bin/../lib/gcc/arm-none-eabi/13.3.1/../../../../arm-none-eabi/lib/thumb/v7e-m+fp/hard\libc_nano.a
LOAD D:/STM32CubeIDE_1.18.1/STM32CubeIDE/plugins/com.st.stm32cube.ide.mcu.externaltools.gnu-tools-for-stm32.13.3.rel1.win32_1.0.0.202411081344/tools/bin/../lib/gcc/arm-none-eabi/13.3.1/../../../../arm-none-eabi/lib/thumb/v7e-m+fp/hard\libnosys.a
END GROUP
START GROUP
LOAD D:/STM32CubeIDE_1.18.1/STM32CubeIDE/plugins/com.st.stm32cube.ide.mcu.externaltools.gnu-tools-for-stm32.13.3.rel1.win32_1.0.0.202411081344/tools/bin/../lib/gcc/arm-none-eabi/13.3.1/thumb/v7e-m+fp/hard\libgcc.a
LOAD D:/STM32CubeIDE_1.18.1/STM32CubeIDE/plugins/com.st.stm32cube.ide.mcu.externaltools.gnu-tools-for-stm32.13.3.rel1.win32_1.0.0.202411081344/tools/bin/../lib/gcc/arm-none-eabi/13.3.1/../../../../arm-none-eabi/lib/thumb/v7e-m+fp/hard\libc_nano.a
LOAD D:/STM32CubeIDE_1.18.1/STM32CubeIDE/plugins/com.st.stm32cube.ide.mcu.externaltools.gnu-tools-for-stm32.13.3.rel1.win32_1.0.0.202411081344/tools/bin/../lib/gcc/arm-none-eabi/13.3.1/../../../../arm-none-eabi/lib/thumb/v7e-m+fp/hard\librdimon_nano.a
END GROUP
START GROUP
LOAD D:/STM32CubeIDE_1.18.1/STM32CubeIDE/plugins/com.st.stm32cube.ide.mcu.externaltools.gnu-tools-for-stm32.13.3.rel1.win32_1.0.0.202411081344/tools/bin/../lib/gcc/arm-none-eabi/13.3.1/thumb/v7e-m+fp/hard\libgcc.a
LOAD D:/STM32CubeIDE_1.18.1/STM32CubeIDE/plugins/com.st.stm32cube.ide.mcu.externaltools.gnu-tools-for-stm32.13.3.rel1.win32_1.0.0.202411081344/tools/bin/../lib/gcc/arm-none-eabi/13.3.1/../../../../arm-none-eabi/lib/thumb/v7e-m+fp/hard\libc_nano.a
LOAD D:/STM32CubeIDE_1.18.1/STM32CubeIDE/plugins/com.st.stm32cube.ide.mcu.externaltools.gnu-tools-for-stm32.13.3.rel1.win32_1.0.0.202411081344/tools/bin/../lib/gcc/arm-none-eabi/13.3.1/../../../../arm-none-eabi/lib/thumb/v7e-m+fp/hard\librdimon_nano.a
LOAD D:/STM32CubeIDE_1.18.1/STM32CubeIDE/plugins/com.st.stm32cube.ide.mcu.externaltools.gnu-tools-for-stm32.13.3.rel1.win32_1.0.0.202411081344/tools/bin/../lib/gcc/arm-none-eabi/13.3.1/../../../../arm-none-eabi/lib/thumb/v7e-m+fp/hard\libnosys.a
END GROUP
LOAD D:/STM32CubeIDE_1.18.1/STM32CubeIDE/plugins/com.st.stm32cube.ide.mcu.externaltools.gnu-tools-for-stm32.13.3.rel1.win32_1.0.0.202411081344/tools/bin/../lib/gcc/arm-none-eabi/13.3.1/thumb/v7e-m+fp/hard/crtend.o
LOAD D:/STM32CubeIDE_1.18.1/STM32CubeIDE/plugins/com.st.stm32cube.ide.mcu.externaltools.gnu-tools-for-stm32.13.3.rel1.win32_1.0.0.202411081344/tools/bin/../lib/gcc/arm-none-eabi/13.3.1/thumb/v7e-m+fp/hard/crtn.o
                0x20020000                        _estack = (ORIGIN (RAM) + LENGTH (RAM))
                0x00000200                        _Min_Heap_Size = 0x200
                0x00000400                        _Min_Stack_Size = 0x400

.isr_vector     0x08000000      0x188
                0x08000000                        . = ALIGN (0x4)
 *(.isr_vector)
 .isr_vector    0x08000000      0x188 ./Startup/startup_stm32f407vgtx.o
                0x08000000                g_pfnVectors
                0x08000188                        . = ALIGN (0x4)

.text           0x08000188      0xbd8
                0x08000188                        . = ALIGN (0x4)
 *(.text)
 .text          0x08000188       0x40 D:/STM32CubeIDE_1.18.1/STM32CubeIDE/plugins/com.st.stm32cube.ide.mcu.externaltools.gnu-tools-for-stm32.13.3.rel1.win32_1.0.0.202411081344/tools/bin/../lib/gcc/arm-none-eabi/13.3.1/thumb/v7e-m+fp/hard/crtbegin.o
 *(.text*)
 .text.Get_APB1_Clock_Speed
                0x080001c8       0xcc ./Drivers/src/stm32f4xx_cus.o
                0x080001c8                Get_APB1_Clock_Speed
 .text.GPIO_INIT
                0x08000294      0x3d4 ./Drivers/src/stm32f4xx_cus_gpio.o
                0x08000294                GPIO_INIT
 .text.GPIO_INPUT
                0x08000668       0x2c ./Drivers/src/stm32f4xx_cus_gpio.o
                0x08000668                GPIO_INPUT
 .text.IRQ_Config
                0x08000694       0x78 ./Drivers/src/stm32f4xx_cus_gpio.o
                0x08000694                IRQ_Config
 .text.I2C_Close_Communicate
                0x0800070c       0x6c ./Drivers/src/stm32f4xx_cus_i2c.o
 .text.I2C_Send_DataIT
                0x08000778       0x40 ./Drivers/src/stm32f4xx_cus_i2c.o
 .text.I2C_INIT
                0x080007b8      0x218 ./Drivers/src/stm32f4xx_cus_i2c.o
                0x080007b8                I2C_INIT
 .text.I2C_Master_Write_IT
                0x080009d0       0x88 ./Drivers/src/stm32f4xx_cus_i2c.o
                0x080009d0                I2C_Master_Write_IT
 .text.I2C_EV_IRQ_Handling
                0x08000a58       0xe4 ./Drivers/src/stm32f4xx_cus_i2c.o
                0x08000a58                I2C_EV_IRQ_Handling
 .text.I2C_Address
                0x08000b3c       0x48 ./Drivers/src/stm32f4xx_cus_i2c.o
                0x08000b3c                I2C_Address
 .text.main     0x08000b84       0x60 ./Src/i2cMasterWriteIT.o
                0x08000b84                main
 .text.I2C_USER_INIT
                0x08000be4       0x44 ./Src/i2cMasterWriteIT.o
                0x08000be4                I2C_USER_INIT
 .text.GPIO_USER_INIT
                0x08000c28       0x70 ./Src/i2cMasterWriteIT.o
                0x08000c28                GPIO_USER_INIT
 .text.I2C1_EV_IRQHandler
                0x08000c98       0x14 ./Src/i2cMasterWriteIT.o
                0x08000c98                I2C1_EV_IRQHandler
 .text.Reset_Handler
                0x08000cac       0x50 ./Startup/startup_stm32f407vgtx.o
                0x08000cac                Reset_Handler
 .text.Default_Handler
                0x08000cfc        0x2 ./Startup/startup_stm32f407vgtx.o
                0x08000cfc                RTC_Alarm_IRQHandler
                0x08000cfc                HASH_RNG_IRQHandler
                0x08000cfc                EXTI2_IRQHandler
                0x08000cfc                TIM8_CC_IRQHandler
                0x08000cfc                DebugMon_Handler
                0x08000cfc                TIM1_CC_IRQHandler
                0x08000cfc                DMA2_Stream5_IRQHandler
                0x08000cfc                HardFault_Handler
                0x08000cfc                DMA1_Stream5_IRQHandler
                0x08000cfc                SysTick_Handler
                0x08000cfc                PVD_IRQHandler
                0x08000cfc                SDIO_IRQHandler
                0x08000cfc                TAMP_STAMP_IRQHandler
                0x08000cfc                PendSV_Handler
                0x08000cfc                NMI_Handler
                0x08000cfc                CAN2_RX1_IRQHandler
                0x08000cfc                EXTI3_IRQHandler
                0x08000cfc                TIM8_TRG_COM_TIM14_IRQHandler
                0x08000cfc                TIM1_UP_TIM10_IRQHandler
                0x08000cfc                TIM8_UP_TIM13_IRQHandler
                0x08000cfc                I2C3_ER_IRQHandler
                0x08000cfc                EXTI0_IRQHandler
                0x08000cfc                I2C2_EV_IRQHandler
                0x08000cfc                DMA1_Stream2_IRQHandler
                0x08000cfc                CAN1_RX0_IRQHandler
                0x08000cfc                FPU_IRQHandler
                0x08000cfc                OTG_HS_WKUP_IRQHandler
                0x08000cfc                UsageFault_Handler
                0x08000cfc                CAN2_SCE_IRQHandler
                0x08000cfc                DMA2_Stream2_IRQHandler
                0x08000cfc                SPI1_IRQHandler
                0x08000cfc                TIM6_DAC_IRQHandler
                0x08000cfc                TIM1_BRK_TIM9_IRQHandler
                0x08000cfc                DCMI_IRQHandler
                0x08000cfc                CAN2_RX0_IRQHandler
                0x08000cfc                DMA2_Stream3_IRQHandler
                0x08000cfc                USART6_IRQHandler
                0x08000cfc                USART3_IRQHandler
                0x08000cfc                CRYP_IRQHandler
                0x08000cfc                CAN1_RX1_IRQHandler
                0x08000cfc                UART5_IRQHandler
                0x08000cfc                DMA2_Stream0_IRQHandler
                0x08000cfc                TIM4_IRQHandler
                0x08000cfc                DMA1_Stream6_IRQHandler
                0x08000cfc                DMA1_Stream1_IRQHandler
                0x08000cfc                UART4_IRQHandler
                0x08000cfc                TIM3_IRQHandler
                0x08000cfc                RCC_IRQHandler
                0x08000cfc                TIM8_BRK_TIM12_IRQHandler
                0x08000cfc                Default_Handler
                0x08000cfc                EXTI15_10_IRQHandler
                0x08000cfc                ADC_IRQHandler
                0x08000cfc                DMA1_Stream7_IRQHandler
                0x08000cfc                TIM7_IRQHandler
                0x08000cfc                CAN2_TX_IRQHandler
                0x08000cfc                TIM5_IRQHandler
                0x08000cfc                DMA2_Stream7_IRQHandler
                0x08000cfc                I2C3_EV_IRQHandler
                0x08000cfc                EXTI9_5_IRQHandler
                0x08000cfc                RTC_WKUP_IRQHandler
                0x08000cfc                ETH_WKUP_IRQHandler
                0x08000cfc                SPI2_IRQHandler
                0x08000cfc                OTG_HS_EP1_IN_IRQHandler
                0x08000cfc                MemManage_Handler
                0x08000cfc                DMA1_Stream0_IRQHandler
                0x08000cfc                CAN1_TX_IRQHandler
                0x08000cfc                SVC_Handler
                0x08000cfc                EXTI4_IRQHandler
                0x08000cfc                FSMC_IRQHandler
                0x08000cfc                ETH_IRQHandler
                0x08000cfc                OTG_HS_EP1_OUT_IRQHandler
                0x08000cfc                WWDG_IRQHandler
                0x08000cfc                TIM2_IRQHandler
                0x08000cfc                OTG_FS_WKUP_IRQHandler
                0x08000cfc                TIM1_TRG_COM_TIM11_IRQHandler
                0x08000cfc                OTG_HS_IRQHandler
                0x08000cfc                EXTI1_IRQHandler
                0x08000cfc                USART2_IRQHandler
                0x08000cfc                I2C2_ER_IRQHandler
                0x08000cfc                DMA2_Stream1_IRQHandler
                0x08000cfc                CAN1_SCE_IRQHandler
                0x08000cfc                DMA2_Stream4_IRQHandler
                0x08000cfc                BusFault_Handler
                0x08000cfc                USART1_IRQHandler
                0x08000cfc                OTG_FS_IRQHandler
                0x08000cfc                SPI3_IRQHandler
                0x08000cfc                DMA1_Stream4_IRQHandler
                0x08000cfc                I2C1_ER_IRQHandler
                0x08000cfc                DMA2_Stream6_IRQHandler
                0x08000cfc                DMA1_Stream3_IRQHandler
 *fill*         0x08000cfe        0x2 
 .text.__libc_init_array
                0x08000d00       0x48 D:/STM32CubeIDE_1.18.1/STM32CubeIDE/plugins/com.st.stm32cube.ide.mcu.externaltools.gnu-tools-for-stm32.13.3.rel1.win32_1.0.0.202411081344/tools/bin/../lib/gcc/arm-none-eabi/13.3.1/../../../../arm-none-eabi/lib/thumb/v7e-m+fp/hard\libc_nano.a(libc_a-init.o)
                0x08000d00                __libc_init_array
 *(.glue_7)
 .glue_7        0x08000d48        0x0 linker stubs
 *(.glue_7t)
 .glue_7t       0x08000d48        0x0 linker stubs
 *(.eh_frame)
 .eh_frame      0x08000d48        0x0 D:/STM32CubeIDE_1.18.1/STM32CubeIDE/plugins/com.st.stm32cube.ide.mcu.externaltools.gnu-tools-for-stm32.13.3.rel1.win32_1.0.0.202411081344/tools/bin/../lib/gcc/arm-none-eabi/13.3.1/thumb/v7e-m+fp/hard/crtbegin.o
 *(.init)
 .init          0x08000d48        0x4 D:/STM32CubeIDE_1.18.1/STM32CubeIDE/plugins/com.st.stm32cube.ide.mcu.externaltools.gnu-tools-for-stm32.13.3.rel1.win32_1.0.0.202411081344/tools/bin/../lib/gcc/arm-none-eabi/13.3.1/thumb/v7e-m+fp/hard/crti.o
                0x08000d48                _init
 .init          0x08000d4c        0x8 D:/STM32CubeIDE_1.18.1/STM32CubeIDE/plugins/com.st.stm32cube.ide.mcu.externaltools.gnu-tools-for-stm32.13.3.rel1.win32_1.0.0.202411081344/tools/bin/../lib/gcc/arm-none-eabi/13.3.1/thumb/v7e-m+fp/hard/crtn.o
 *(.fini)
 .fini          0x08000d54        0x4 D:/STM32CubeIDE_1.18.1/STM32CubeIDE/plugins/com.st.stm32cube.ide.mcu.externaltools.gnu-tools-for-stm32.13.3.rel1.win32_1.0.0.202411081344/tools/bin/../lib/gcc/arm-none-eabi/13.3.1/thumb/v7e-m+fp/hard/crti.o
                0x08000d54                _fini
 .fini          0x08000d58        0x8 D:/STM32CubeIDE_1.18.1/STM32CubeIDE/plugins/com.st.stm32cube.ide.mcu.externaltools.gnu-tools-for-stm32.13.3.rel1.win32_1.0.0.202411081344/tools/bin/../lib/gcc/arm-none-eabi/13.3.1/thumb/v7e-m+fp/hard/crtn.o
                0x08000d60                        . = ALIGN (0x4)
                0x08000d60                        _etext = .

.vfp11_veneer   0x08000d60        0x0
 .vfp11_veneer  0x08000d60        0x0 linker stubs

.v4_bx          0x08000d60        0x0
 .v4_bx         0x08000d60        0x0 linker stubs

.iplt           0x08000d60        0x0
 .iplt          0x08000d60        0x0 D:/STM32CubeIDE_1.18.1/STM32CubeIDE/plugins/com.st.stm32cube.ide.mcu.externaltools.gnu-tools-for-stm32.13.3.rel1.win32_1.0.0.202411081344/tools/bin/../lib/gcc/arm-none-eabi/13.3.1/thumb/v7e-m+fp/hard/crtbegin.o

.rodata         0x08000d60       0x30
                0x08000d60                        . = ALIGN (0x4)
 *(.rodata)
 .rodata        0x08000d60       0x30 ./Drivers/src/stm32f4xx_cus.o
 *(.rodata*)
                0x08000d90                        . = ALIGN (0x4)

.rel.dyn        0x08000d90        0x0
 .rel.iplt      0x08000d90        0x0 D:/STM32CubeIDE_1.18.1/STM32CubeIDE/plugins/com.st.stm32cube.ide.mcu.externaltools.gnu-tools-for-stm32.13.3.rel1.win32_1.0.0.202411081344/tools/bin/../lib/gcc/arm-none-eabi/13.3.1/thumb/v7e-m+fp/hard/crtbegin.o

.ARM.extab      0x08000d90        0x0
                0x08000d90                        . = ALIGN (0x4)
 *(.ARM.extab* .gnu.linkonce.armextab.*)
                0x08000d90                        . = ALIGN (0x4)

.ARM            0x08000d90        0x0
                0x08000d90                        . = ALIGN (0x4)
                0x08000d90                        __exidx_start = .
 *(.ARM.exidx*)
                0x08000d90                        __exidx_end = .
                0x08000d90                        . = ALIGN (0x4)

.preinit_array  0x08000d90        0x0
                0x08000d90                        . = ALIGN (0x4)
                0x08000d90                        PROVIDE (__preinit_array_start = .)
 *(.preinit_array*)
                0x08000d90                        PROVIDE (__preinit_array_end = .)
                0x08000d90                        . = ALIGN (0x4)

.init_array     0x08000d90        0x4
                0x08000d90                        . = ALIGN (0x4)
                0x08000d90                        PROVIDE (__init_array_start = .)
 *(SORT_BY_NAME(.init_array.*))
 *(.init_array*)
 .init_array    0x08000d90        0x4 D:/STM32CubeIDE_1.18.1/STM32CubeIDE/plugins/com.st.stm32cube.ide.mcu.externaltools.gnu-tools-for-stm32.13.3.rel1.win32_1.0.0.202411081344/tools/bin/../lib/gcc/arm-none-eabi/13.3.1/thumb/v7e-m+fp/hard/crtbegin.o
                0x08000d94                        PROVIDE (__init_array_end = .)
                0x08000d94                        . = ALIGN (0x4)

.fini_array     0x08000d94        0x4
                0x08000d94                        . = ALIGN (0x4)
                [!provide]                        PROVIDE (__fini_array_start = .)
 *(SORT_BY_NAME(.fini_array.*))
 *(.fini_array*)
 .fini_array    0x08000d94        0x4 D:/STM32CubeIDE_1.18.1/STM32CubeIDE/plugins/com.st.stm32cube.ide.mcu.externaltools.gnu-tools-for-stm32.13.3.rel1.win32_1.0.0.202411081344/tools/bin/../lib/gcc/arm-none-eabi/13.3.1/thumb/v7e-m+fp/hard/crtbegin.o
                [!provide]                        PROVIDE (__fini_array_end = .)
                0x08000d98                        . = ALIGN (0x4)
                0x08000d98                        _sidata = LOADADDR (.data)

.data           0x20000000       0x1c load address 0x08000d98
                0x20000000                        . = ALIGN (0x4)
                0x20000000                        _sdata = .
 *(.data)
 *(.data*)
 .data.i2c_data
                0x20000000       0x19 ./Src/i2cMasterWriteIT.o
                0x20000000                i2c_data
 *(.RamFunc)
 *(.RamFunc*)
                0x2000001c                        . = ALIGN (0x4)
 *fill*         0x20000019        0x3 
                0x2000001c                        _edata = .
                0x08000db4                        _siccmram = LOADADDR (.ccmram)

.igot.plt       0x2000001c        0x0 load address 0x08000db4
 .igot.plt      0x2000001c        0x0 D:/STM32CubeIDE_1.18.1/STM32CubeIDE/plugins/com.st.stm32cube.ide.mcu.externaltools.gnu-tools-for-stm32.13.3.rel1.win32_1.0.0.202411081344/tools/bin/../lib/gcc/arm-none-eabi/13.3.1/thumb/v7e-m+fp/hard/crtbegin.o

.ccmram         0x10000000        0x0 load address 0x08000db4
                0x10000000                        . = ALIGN (0x4)
                0x10000000                        _sccmram = .
 *(.ccmram)
 *(.ccmram*)
                0x10000000                        . = ALIGN (0x4)
                0x10000000                        _eccmram = .
                0x10000000                        . = ALIGN (0x4)

.bss            0x2000001c       0x58
                0x2000001c                        _sbss = .
                0x2000001c                        __bss_start__ = _sbss
 *(.bss)
 .bss           0x2000001c       0x1c D:/STM32CubeIDE_1.18.1/STM32CubeIDE/plugins/com.st.stm32cube.ide.mcu.externaltools.gnu-tools-for-stm32.13.3.rel1.win32_1.0.0.202411081344/tools/bin/../lib/gcc/arm-none-eabi/13.3.1/thumb/v7e-m+fp/hard/crtbegin.o
 *(.bss*)
 .bss.SystemClockSrc
                0x20000038        0x4 ./Drivers/src/stm32f4xx_cus.o
                0x20000038                SystemClockSrc
 .bss.I2C_Handle_it
                0x2000003c       0x18 ./Drivers/src/stm32f4xx_cus_i2c.o
                0x2000003c                I2C_Handle_it
 .bss.I2C_Handle
                0x20000054       0x10 ./Src/i2cMasterWriteIT.o
                0x20000054                I2C_Handle
 .bss.GPIO_Handle
                0x20000064        0xc ./Src/i2cMasterWriteIT.o
                0x20000064                GPIO_Handle
 .bss.readInput
                0x20000070        0x1 ./Src/i2cMasterWriteIT.o
                0x20000070                readInput
 *(COMMON)
                0x20000074                        . = ALIGN (0x4)
 *fill*         0x20000071        0x3 
                0x20000074                        _ebss = .
                0x20000074                        __bss_end__ = _ebss

._user_heap_stack
                0x20000074      0x604
                0x20000078                        . = ALIGN (0x8)
 *fill*         0x20000074        0x4 
                0x20000078                        PROVIDE (end = .)
                0x20000078                        PROVIDE (_end = .)
                0x20000278                        . = (. + _Min_Heap_Size)
 *fill*         0x20000078      0x200 
                0x20000678                        . = (. + _Min_Stack_Size)
 *fill*         0x20000278      0x400 
                0x20000678                        . = ALIGN (0x8)

/DISCARD/
 libc.a(*)
 libm.a(*)
 libgcc.a(*)

.ARM.attributes
                0x00000000       0x30
 *(.ARM.attributes)
 .ARM.attributes
                0x00000000       0x22 D:/STM32CubeIDE_1.18.1/STM32CubeIDE/plugins/com.st.stm32cube.ide.mcu.externaltools.gnu-tools-for-stm32.13.3.rel1.win32_1.0.0.202411081344/tools/bin/../lib/gcc/arm-none-eabi/13.3.1/thumb/v7e-m+fp/hard/crti.o
 .ARM.attributes
                0x00000022       0x34 D:/STM32CubeIDE_1.18.1/STM32CubeIDE/plugins/com.st.stm32cube.ide.mcu.externaltools.gnu-tools-for-stm32.13.3.rel1.win32_1.0.0.202411081344/tools/bin/../lib/gcc/arm-none-eabi/13.3.1/thumb/v7e-m+fp/hard/crtbegin.o
 .ARM.attributes
                0x00000056       0x34 ./Drivers/src/stm32f4xx_cus.o
 .ARM.attributes
                0x0000008a       0x34 ./Drivers/src/stm32f4xx_cus_gpio.o
 .ARM.attributes
                0x000000be       0x34 ./Drivers/src/stm32f4xx_cus_i2c.o
 .ARM.attributes
                0x000000f2       0x34 ./Src/i2cMasterWriteIT.o
 .ARM.attributes
                0x00000126       0x21 ./Startup/startup_stm32f407vgtx.o
 .ARM.attributes
                0x00000147       0x34 D:/STM32CubeIDE_1.18.1/STM32CubeIDE/plugins/com.st.stm32cube.ide.mcu.externaltools.gnu-tools-for-stm32.13.3.rel1.win32_1.0.0.202411081344/tools/bin/../lib/gcc/arm-none-eabi/13.3.1/../../../../arm-none-eabi/lib/thumb/v7e-m+fp/hard\libc_nano.a(libc_a-init.o)
 .ARM.attributes
                0x0000017b       0x22 D:/STM32CubeIDE_1.18.1/STM32CubeIDE/plugins/com.st.stm32cube.ide.mcu.externaltools.gnu-tools-for-stm32.13.3.rel1.win32_1.0.0.202411081344/tools/bin/../lib/gcc/arm-none-eabi/13.3.1/thumb/v7e-m+fp/hard/crtn.o
OUTPUT(Protocols.elf elf32-littlearm)
LOAD linker stubs
LOAD D:/STM32CubeIDE_1.18.1/STM32CubeIDE/plugins/com.st.stm32cube.ide.mcu.externaltools.gnu-tools-for-stm32.13.3.rel1.win32_1.0.0.202411081344/tools/bin/../lib/gcc/arm-none-eabi/13.3.1/../../../../arm-none-eabi/lib/thumb/v7e-m+fp/hard\libc.a
LOAD D:/STM32CubeIDE_1.18.1/STM32CubeIDE/plugins/com.st.stm32cube.ide.mcu.externaltools.gnu-tools-for-stm32.13.3.rel1.win32_1.0.0.202411081344/tools/bin/../lib/gcc/arm-none-eabi/13.3.1/../../../../arm-none-eabi/lib/thumb/v7e-m+fp/hard\libm.a
LOAD D:/STM32CubeIDE_1.18.1/STM32CubeIDE/plugins/com.st.stm32cube.ide.mcu.externaltools.gnu-tools-for-stm32.13.3.rel1.win32_1.0.0.202411081344/tools/bin/../lib/gcc/arm-none-eabi/13.3.1/thumb/v7e-m+fp/hard\libgcc.a

.debug_info     0x00000000     0x14a7
 .debug_info    0x00000000      0x318 ./Drivers/src/stm32f4xx_cus.o
 .debug_info    0x00000318      0x64d ./Drivers/src/stm32f4xx_cus_gpio.o
 .debug_info    0x00000965      0x6f7 ./Drivers/src/stm32f4xx_cus_i2c.o
 .debug_info    0x0000105c      0x41b ./Src/i2cMasterWriteIT.o
 .debug_info    0x00001477       0x30 ./Startup/startup_stm32f407vgtx.o

.debug_abbrev   0x00000000      0x531
 .debug_abbrev  0x00000000       0xe2 ./Drivers/src/stm32f4xx_cus.o
 .debug_abbrev  0x000000e2      0x126 ./Drivers/src/stm32f4xx_cus_gpio.o
 .debug_abbrev  0x00000208      0x1de ./Drivers/src/stm32f4xx_cus_i2c.o
 .debug_abbrev  0x000003e6      0x127 ./Src/i2cMasterWriteIT.o
 .debug_abbrev  0x0000050d       0x24 ./Startup/startup_stm32f407vgtx.o

.debug_aranges  0x00000000      0x130
 .debug_aranges
                0x00000000       0x20 ./Drivers/src/stm32f4xx_cus.o
 .debug_aranges
                0x00000020       0x50 ./Drivers/src/stm32f4xx_cus_gpio.o
 .debug_aranges
                0x00000070       0x60 ./Drivers/src/stm32f4xx_cus_i2c.o
 .debug_aranges
                0x000000d0       0x38 ./Src/i2cMasterWriteIT.o
 .debug_aranges
                0x00000108       0x28 ./Startup/startup_stm32f407vgtx.o

.debug_rnglists
                0x00000000       0xd2
 .debug_rnglists
                0x00000000       0x14 ./Drivers/src/stm32f4xx_cus.o
 .debug_rnglists
                0x00000014       0x38 ./Drivers/src/stm32f4xx_cus_gpio.o
 .debug_rnglists
                0x0000004c       0x48 ./Drivers/src/stm32f4xx_cus_i2c.o
 .debug_rnglists
                0x00000094       0x25 ./Src/i2cMasterWriteIT.o
 .debug_rnglists
                0x000000b9       0x19 ./Startup/startup_stm32f407vgtx.o

.debug_macro    0x00000000     0x2655
 .debug_macro   0x00000000      0x176 ./Drivers/src/stm32f4xx_cus.o
 .debug_macro   0x00000176      0xae4 ./Drivers/src/stm32f4xx_cus.o
 .debug_macro   0x00000c5a       0x22 ./Drivers/src/stm32f4xx_cus.o
 .debug_macro   0x00000c7c       0x5b ./Drivers/src/stm32f4xx_cus.o
 .debug_macro   0x00000cd7       0x2a ./Drivers/src/stm32f4xx_cus.o
 .debug_macro   0x00000d01       0x94 ./Drivers/src/stm32f4xx_cus.o
 .debug_macro   0x00000d95       0x43 ./Drivers/src/stm32f4xx_cus.o
 .debug_macro   0x00000dd8       0x34 ./Drivers/src/stm32f4xx_cus.o
 .debug_macro   0x00000e0c       0x16 ./Drivers/src/stm32f4xx_cus.o
 .debug_macro   0x00000e22       0x57 ./Drivers/src/stm32f4xx_cus.o
 .debug_macro   0x00000e79       0x9e ./Drivers/src/stm32f4xx_cus.o
 .debug_macro   0x00000f17      0x370 ./Drivers/src/stm32f4xx_cus.o
 .debug_macro   0x00001287      0x112 ./Drivers/src/stm32f4xx_cus.o
 .debug_macro   0x00001399       0x10 ./Drivers/src/stm32f4xx_cus.o
 .debug_macro   0x000013a9       0x16 ./Drivers/src/stm32f4xx_cus.o
 .debug_macro   0x000013bf       0x4a ./Drivers/src/stm32f4xx_cus.o
 .debug_macro   0x00001409       0x34 ./Drivers/src/stm32f4xx_cus.o
 .debug_macro   0x0000143d       0x10 ./Drivers/src/stm32f4xx_cus.o
 .debug_macro   0x0000144d       0x58 ./Drivers/src/stm32f4xx_cus.o
 .debug_macro   0x000014a5       0x8e ./Drivers/src/stm32f4xx_cus.o
 .debug_macro   0x00001533       0x1c ./Drivers/src/stm32f4xx_cus.o
 .debug_macro   0x0000154f      0x185 ./Drivers/src/stm32f4xx_cus.o
 .debug_macro   0x000016d4       0x16 ./Drivers/src/stm32f4xx_cus.o
 .debug_macro   0x000016ea       0x16 ./Drivers/src/stm32f4xx_cus.o
 .debug_macro   0x00001700      0x146 ./Drivers/src/stm32f4xx_cus.o
 .debug_macro   0x00001846      0x103 ./Drivers/src/stm32f4xx_cus.o
 .debug_macro   0x00001949       0x6a ./Drivers/src/stm32f4xx_cus.o
 .debug_macro   0x000019b3      0x1df ./Drivers/src/stm32f4xx_cus.o
 .debug_macro   0x00001b92      0x215 ./Drivers/src/stm32f4xx_cus.o
 .debug_macro   0x00001da7      0x1a2 ./Drivers/src/stm32f4xx_cus.o
 .debug_macro   0x00001f49       0xa6 ./Drivers/src/stm32f4xx_cus.o
 .debug_macro   0x00001fef      0x180 ./Drivers/src/stm32f4xx_cus_gpio.o
 .debug_macro   0x0000216f       0xa0 ./Drivers/src/stm32f4xx_cus_gpio.o
 .debug_macro   0x0000220f      0x180 ./Drivers/src/stm32f4xx_cus_i2c.o
 .debug_macro   0x0000238f      0x186 ./Src/i2cMasterWriteIT.o
 .debug_macro   0x00002515       0x8e ./Src/i2cMasterWriteIT.o
 .debug_macro   0x000025a3       0x51 ./Src/i2cMasterWriteIT.o
 .debug_macro   0x000025f4       0x61 ./Src/i2cMasterWriteIT.o

.debug_line     0x00000000     0x2226
 .debug_line    0x00000000      0x642 ./Drivers/src/stm32f4xx_cus.o
 .debug_line    0x00000642      0x95a ./Drivers/src/stm32f4xx_cus_gpio.o
 .debug_line    0x00000f9c      0xb6a ./Drivers/src/stm32f4xx_cus_i2c.o
 .debug_line    0x00001b06      0x6a5 ./Src/i2cMasterWriteIT.o
 .debug_line    0x000021ab       0x7b ./Startup/startup_stm32f407vgtx.o

.debug_str      0x00000000     0x8f3b
 .debug_str     0x00000000     0x8f3b ./Drivers/src/stm32f4xx_cus.o
                               0x8d07 (size before relaxing)
 .debug_str     0x00008f3b     0x8e34 ./Drivers/src/stm32f4xx_cus_gpio.o
 .debug_str     0x00008f3b     0x8e04 ./Drivers/src/stm32f4xx_cus_i2c.o
 .debug_str     0x00008f3b     0x8d40 ./Src/i2cMasterWriteIT.o
 .debug_str     0x00008f3b       0x70 ./Startup/startup_stm32f407vgtx.o

.comment        0x00000000       0x43
 .comment       0x00000000       0x43 ./Drivers/src/stm32f4xx_cus.o
                                 0x44 (size before relaxing)
 .comment       0x00000043       0x44 ./Drivers/src/stm32f4xx_cus_gpio.o
 .comment       0x00000043       0x44 ./Drivers/src/stm32f4xx_cus_i2c.o
 .comment       0x00000043       0x44 ./Src/i2cMasterWriteIT.o

.debug_frame    0x00000000      0x37c
 .debug_frame   0x00000000       0x3c ./Drivers/src/stm32f4xx_cus.o
 .debug_frame   0x0000003c      0x128 ./Drivers/src/stm32f4xx_cus_gpio.o
 .debug_frame   0x00000164      0x168 ./Drivers/src/stm32f4xx_cus_i2c.o
 .debug_frame   0x000002cc       0x84 ./Src/i2cMasterWriteIT.o
 .debug_frame   0x00000350       0x2c D:/STM32CubeIDE_1.18.1/STM32CubeIDE/plugins/com.st.stm32cube.ide.mcu.externaltools.gnu-tools-for-stm32.13.3.rel1.win32_1.0.0.202411081344/tools/bin/../lib/gcc/arm-none-eabi/13.3.1/../../../../arm-none-eabi/lib/thumb/v7e-m+fp/hard\libc_nano.a(libc_a-init.o)

.debug_line_str
                0x00000000       0x54
 .debug_line_str
                0x00000000       0x54 ./Startup/startup_stm32f407vgtx.o
