Archive member included to satisfy reference by file (symbol)

D:/STM32CubeIDE_1.18.1/STM32CubeIDE/plugins/com.st.stm32cube.ide.mcu.externaltools.gnu-tools-for-stm32.13.3.rel1.win32_1.0.0.202411081344/tools/bin/../lib/gcc/arm-none-eabi/13.3.1/../../../../arm-none-eabi/lib/thumb/v7e-m+fp/hard\libc_nano.a(libc_a-exit.o)
                              D:/STM32CubeIDE_1.18.1/STM32CubeIDE/plugins/com.st.stm32cube.ide.mcu.externaltools.gnu-tools-for-stm32.13.3.rel1.win32_1.0.0.202411081344/tools/bin/../lib/gcc/arm-none-eabi/13.3.1/../../../../arm-none-eabi/lib/thumb/v7e-m+fp/hard/crt0.o (exit)
D:/STM32CubeIDE_1.18.1/STM32CubeIDE/plugins/com.st.stm32cube.ide.mcu.externaltools.gnu-tools-for-stm32.13.3.rel1.win32_1.0.0.202411081344/tools/bin/../lib/gcc/arm-none-eabi/13.3.1/../../../../arm-none-eabi/lib/thumb/v7e-m+fp/hard\libc_nano.a(libc_a-findfp.o)
                              D:/STM32CubeIDE_1.18.1/STM32CubeIDE/plugins/com.st.stm32cube.ide.mcu.externaltools.gnu-tools-for-stm32.13.3.rel1.win32_1.0.0.202411081344/tools/bin/../lib/gcc/arm-none-eabi/13.3.1/../../../../arm-none-eabi/lib/thumb/v7e-m+fp/hard\libc_nano.a(libc_a-exit.o) (__stdio_exit_handler)
D:/STM32CubeIDE_1.18.1/STM32CubeIDE/plugins/com.st.stm32cube.ide.mcu.externaltools.gnu-tools-for-stm32.13.3.rel1.win32_1.0.0.202411081344/tools/bin/../lib/gcc/arm-none-eabi/13.3.1/../../../../arm-none-eabi/lib/thumb/v7e-m+fp/hard\libc_nano.a(libc_a-fwalk.o)
                              D:/STM32CubeIDE_1.18.1/STM32CubeIDE/plugins/com.st.stm32cube.ide.mcu.externaltools.gnu-tools-for-stm32.13.3.rel1.win32_1.0.0.202411081344/tools/bin/../lib/gcc/arm-none-eabi/13.3.1/../../../../arm-none-eabi/lib/thumb/v7e-m+fp/hard\libc_nano.a(libc_a-findfp.o) (_fwalk_sglue)
D:/STM32CubeIDE_1.18.1/STM32CubeIDE/plugins/com.st.stm32cube.ide.mcu.externaltools.gnu-tools-for-stm32.13.3.rel1.win32_1.0.0.202411081344/tools/bin/../lib/gcc/arm-none-eabi/13.3.1/../../../../arm-none-eabi/lib/thumb/v7e-m+fp/hard\libc_nano.a(libc_a-stdio.o)
                              D:/STM32CubeIDE_1.18.1/STM32CubeIDE/plugins/com.st.stm32cube.ide.mcu.externaltools.gnu-tools-for-stm32.13.3.rel1.win32_1.0.0.202411081344/tools/bin/../lib/gcc/arm-none-eabi/13.3.1/../../../../arm-none-eabi/lib/thumb/v7e-m+fp/hard\libc_nano.a(libc_a-findfp.o) (__sread)
D:/STM32CubeIDE_1.18.1/STM32CubeIDE/plugins/com.st.stm32cube.ide.mcu.externaltools.gnu-tools-for-stm32.13.3.rel1.win32_1.0.0.202411081344/tools/bin/../lib/gcc/arm-none-eabi/13.3.1/../../../../arm-none-eabi/lib/thumb/v7e-m+fp/hard\libc_nano.a(libc_a-memset.o)
                              D:/STM32CubeIDE_1.18.1/STM32CubeIDE/plugins/com.st.stm32cube.ide.mcu.externaltools.gnu-tools-for-stm32.13.3.rel1.win32_1.0.0.202411081344/tools/bin/../lib/gcc/arm-none-eabi/13.3.1/../../../../arm-none-eabi/lib/thumb/v7e-m+fp/hard/crt0.o (memset)
D:/STM32CubeIDE_1.18.1/STM32CubeIDE/plugins/com.st.stm32cube.ide.mcu.externaltools.gnu-tools-for-stm32.13.3.rel1.win32_1.0.0.202411081344/tools/bin/../lib/gcc/arm-none-eabi/13.3.1/../../../../arm-none-eabi/lib/thumb/v7e-m+fp/hard\libc_nano.a(libc_a-closer.o)
                              D:/STM32CubeIDE_1.18.1/STM32CubeIDE/plugins/com.st.stm32cube.ide.mcu.externaltools.gnu-tools-for-stm32.13.3.rel1.win32_1.0.0.202411081344/tools/bin/../lib/gcc/arm-none-eabi/13.3.1/../../../../arm-none-eabi/lib/thumb/v7e-m+fp/hard\libc_nano.a(libc_a-stdio.o) (_close_r)
D:/STM32CubeIDE_1.18.1/STM32CubeIDE/plugins/com.st.stm32cube.ide.mcu.externaltools.gnu-tools-for-stm32.13.3.rel1.win32_1.0.0.202411081344/tools/bin/../lib/gcc/arm-none-eabi/13.3.1/../../../../arm-none-eabi/lib/thumb/v7e-m+fp/hard\libc_nano.a(libc_a-reent.o)
                              D:/STM32CubeIDE_1.18.1/STM32CubeIDE/plugins/com.st.stm32cube.ide.mcu.externaltools.gnu-tools-for-stm32.13.3.rel1.win32_1.0.0.202411081344/tools/bin/../lib/gcc/arm-none-eabi/13.3.1/../../../../arm-none-eabi/lib/thumb/v7e-m+fp/hard\libc_nano.a(libc_a-closer.o) (errno)
D:/STM32CubeIDE_1.18.1/STM32CubeIDE/plugins/com.st.stm32cube.ide.mcu.externaltools.gnu-tools-for-stm32.13.3.rel1.win32_1.0.0.202411081344/tools/bin/../lib/gcc/arm-none-eabi/13.3.1/../../../../arm-none-eabi/lib/thumb/v7e-m+fp/hard\libc_nano.a(libc_a-impure.o)
                              D:/STM32CubeIDE_1.18.1/STM32CubeIDE/plugins/com.st.stm32cube.ide.mcu.externaltools.gnu-tools-for-stm32.13.3.rel1.win32_1.0.0.202411081344/tools/bin/../lib/gcc/arm-none-eabi/13.3.1/../../../../arm-none-eabi/lib/thumb/v7e-m+fp/hard\libc_nano.a(libc_a-reent.o) (_impure_ptr)
D:/STM32CubeIDE_1.18.1/STM32CubeIDE/plugins/com.st.stm32cube.ide.mcu.externaltools.gnu-tools-for-stm32.13.3.rel1.win32_1.0.0.202411081344/tools/bin/../lib/gcc/arm-none-eabi/13.3.1/../../../../arm-none-eabi/lib/thumb/v7e-m+fp/hard\libc_nano.a(libc_a-lseekr.o)
[...]
Memory Configuration

Name             Origin             Length             Attributes
CCMRAM           0x10000000         0x00010000         xrw
RAM              0x20000000         0x00020000         xrw
FLASH            0x08000000         0x00100000         xr
*default*        0x00000000         0xffffffff

Linker script and memory map

LOAD D:/STM32CubeIDE_1.18.1/STM32CubeIDE/plugins/com.st.stm32cube.ide.mcu.externaltools.gnu-tools-for-stm32.13.3.rel1.win32_1.0.0.202411081344/tools/bin/../lib/gcc/arm-none-eabi/13.3.1/thumb/v7e-m+fp/hard/crti.o
LOAD D:/STM32CubeIDE_1.18.1/STM32CubeIDE/plugins/com.st.stm32cube.ide.mcu.externaltools.gnu-tools-for-stm32.13.3.rel1.win32_1.0.0.202411081344/tools/bin/../lib/gcc/arm-none-eabi/13.3.1/thumb/v7e-m+fp/hard/crtbegin.o
LOAD D:/STM32CubeIDE_1.18.1/STM32CubeIDE/plugins/com.st.stm32cube.ide.mcu.externaltools.gnu-tools-for-stm32.13.3.rel1.win32_1.0.0.202411081344/tools/bin/../lib/gcc/arm-none-eabi/13.3.1/../../../../arm-none-eabi/lib/thumb/v7e-m+fp/hard/crt0.o
LOAD ./Drivers/src/stm32f4xx_cus.o
LOAD ./Drivers/src/stm32f4xx_cus_gpio.o
LOAD ./Drivers/src/stm32f4xx_cus_i2c.o
LOAD ./Drivers/src/stm32f4xx_cus_spi.o
LOAD ./Drivers/src/stm32f4xx_cus_uart.o
LOAD ./Src/UART_Send.o
LOAD ./Src/syscalls.o
LOAD ./Src/sysmem.o
LOAD ./Startup/startup_stm32f407vgtx.o
START GROUP
LOAD D:/STM32CubeIDE_1.18.1/STM32CubeIDE/plugins/com.st.stm32cube.ide.mcu.externaltools.gnu-tools-for-stm32.13.3.rel1.win32_1.0.0.202411081344/tools/bin/../lib/gcc/arm-none-eabi/13.3.1/../../../../arm-none-eabi/lib/thumb/v7e-m+fp/hard\libc_nano.a
LOAD D:/STM32CubeIDE_1.18.1/STM32CubeIDE/plugins/com.st.stm32cube.ide.mcu.externaltools.gnu-tools-for-stm32.13.3.rel1.win32_1.0.0.202411081344/tools/bin/../lib/gcc/arm-none-eabi/13.3.1/../../../../arm-none-eabi/lib/thumb/v7e-m+fp/hard\libm.a
END GROUP
START GROUP
LOAD D:/STM32CubeIDE_1.18.1/STM32CubeIDE/plugins/com.st.stm32cube.ide.mcu.externaltools.gnu-tools-for-stm32.13.3.rel1.win32_1.0.0.202411081344/tools/bin/../lib/gcc/arm-none-eabi/13.3.1/thumb/v7e-m+fp/hard\libgcc.a
LOAD D:/STM32CubeIDE_1.18.1/STM32CubeIDE/plugins/com.st.stm32cube.ide.mcu.externaltools.gnu-tools-for-stm32.13.3.rel1.win32_1.0.0.202411081344/tools/bin/../lib/gcc/arm-none-eabi/13.3.1/../../../../arm-none-eabi/lib/thumb/v7e-m+fp/hard\libc_nano.a
END GROUP
START GROUP
LOAD D:/STM32CubeIDE_1.18.1/STM32CubeIDE/plugins/com.st.stm32cube.ide.mcu.externaltools.gnu-tools-for-stm32.13.3.rel1.win32_1.0.0.202411081344/tools/bin/../lib/gcc/arm-none-eabi/13.3.1/thumb/v7e-m+fp/hard\libgcc.a
LOAD D:/STM32CubeIDE_1.18.1/STM32CubeIDE/plugins/com.st.stm32cube.ide.mcu.externaltools.gnu-tools-for-stm32.13.3.rel1.win32_1.0.0.202411081344/tools/bin/../lib/gcc/arm-none-eabi/13.3.1/../../../../arm-none-eabi/lib/thumb/v7e-m+fp/hard\libc_nano.a
LOAD D:/STM32CubeIDE_1.18.1/STM32CubeIDE/plugins/com.st.stm32cube.ide.mcu.externaltools.gnu-tools-for-stm32.13.3.rel1.win32_1.0.0.202411081344/tools/bin/../lib/gcc/arm-none-eabi/13.3.1/../../../../arm-none-eabi/lib/thumb/v7e-m+fp/hard\libnosys.a
END GROUP
START GROUP
LOAD D:/STM32CubeIDE_1.18.1/STM32CubeIDE/plugins/com.st.stm32cube.ide.mcu.externaltools.gnu-tools-for-stm32.13.3.rel1.win32_1.0.0.202411081344/tools/bin/../lib/gcc/arm-none-eabi/13.3.1/thumb/v7e-m+fp/hard\libgcc.a
LOAD D:/STM32CubeIDE_1.18.1/STM32CubeIDE/plugins/com.st.stm32cube.ide.mcu.externaltools.gnu-tools-for-stm32.13.3.rel1.win32_1.0.0.202411081344/tools/bin/../lib/gcc/arm-none-eabi/13.3.1/../../../../arm-none-eabi/lib/thumb/v7e-m+fp/hard\libc_nano.a
LOAD D:/STM32CubeIDE_1.18.1/STM32CubeIDE/plugins/com.st.stm32cube.ide.mcu.externaltools.gnu-tools-for-stm32.13.3.rel1.win32_1.0.0.202411081344/tools/bin/../lib/gcc/arm-none-eabi/13.3.1/../../../../arm-none-eabi/lib/thumb/v7e-m+fp/hard\libnosys.a
END GROUP
LOAD D:/STM32CubeIDE_1.18.1/STM32CubeIDE/plugins/com.st.stm32cube.ide.mcu.externaltools.gnu-tools-for-stm32.13.3.rel1.win32_1.0.0.202411081344/tools/bin/../lib/gcc/arm-none-eabi/13.3.1/thumb/v7e-m+fp/hard/crtend.o
LOAD D:/STM32CubeIDE_1.18.1/STM32CubeIDE/plugins/com.st.stm32cube.ide.mcu.externaltools.gnu-tools-for-stm32.13.3.rel1.win32_1.0.0.202411081344/tools/bin/../lib/gcc/arm-none-eabi/13.3.1/thumb/v7e-m+fp/hard/crtn.o
                0x20020000                        _estack = (ORIGIN (RAM) + LENGTH (RAM))
                0x00000200                        _Min_Heap_Size = 0x200
                0x00000400                        _Min_Stack_Size = 0x400

.isr_vector     0x08000000      0x188
                0x08000000                        . = ALIGN (0x4)
 *(.isr_vector)
 .isr_vector    0x08000000      0x188 ./Startup/startup_stm32f407vgtx.o
                0x08000000                g_pfnVectors
                0x08000188                        . = ALIGN (0x4)

.text           0x08000188      0xba0
                0x08000188                        . = ALIGN (0x4)
 *(.text)
 .text          0x08000188       0x40 D:/STM32CubeIDE_1.18.1/STM32CubeIDE/plugins/com.st.stm32cube.ide.mcu.externaltools.gnu-tools-for-stm32.13.3.rel1.win32_1.0.0.202411081344/tools/bin/../lib/gcc/arm-none-eabi/13.3.1/thumb/v7e-m+fp/hard/crtbegin.o
 .text          0x080001c8       0x10 D:/STM32CubeIDE_1.18.1/STM32CubeIDE/plugins/com.st.stm32cube.ide.mcu.externaltools.gnu-tools-for-stm32.13.3.rel1.win32_1.0.0.202411081344/tools/bin/../lib/gcc/arm-none-eabi/13.3.1/../../../../arm-none-eabi/lib/thumb/v7e-m+fp/hard\libc_nano.a(libc_a-strlen.o)
                0x080001c8                strlen
 *(.text*)
 .text.Get_APB1_Clock_Speed
                0x080001d8       0xcc ./Drivers/src/stm32f4xx_cus.o
                0x080001d8                Get_APB1_Clock_Speed
 .text.GPIO_INIT
                0x080002a4      0x3d8 ./Drivers/src/stm32f4xx_cus_gpio.o
                0x080002a4                GPIO_INIT
 .text.GPIO_INPUT
                0x0800067c       0x2c ./Drivers/src/stm32f4xx_cus_gpio.o
                0x0800067c                GPIO_INPUT
 .text.USART_INIT
                0x080006a8      0x354 ./Drivers/src/stm32f4xx_cus_uart.o
                0x080006a8                USART_INIT
 .text.USART_ENABLE
                0x080009fc       0x42 ./Drivers/src/stm32f4xx_cus_uart.o
                0x080009fc                USART_ENABLE
 .text.UART_TRANSMIT_ENABLE
                0x08000a3e       0x42 ./Drivers/src/stm32f4xx_cus_uart.o
                0x08000a3e                UART_TRANSMIT_ENABLE
 .text.USART_write
                0x08000a80       0xa6 ./Drivers/src/stm32f4xx_cus_uart.o
                0x08000a80                USART_write
 *fill*         0x08000b26        0x2 
 .text.delay    0x08000b28       0x2c ./Src/UART_Send.o
                0x08000b28                delay
 .text.main     0x08000b54       0x44 ./Src/UART_Send.o
                0x08000b54                main
 .text.USART_USER_INIT
                0x08000b98       0x48 ./Src/UART_Send.o
                0x08000b98                USART_USER_INIT
 .text.GPIO_USER_INIT
                0x08000be0       0x94 ./Src/UART_Send.o
                0x08000be0                GPIO_USER_INIT
 .text.Reset_Handler
                0x08000c74       0x50 ./Startup/startup_stm32f407vgtx.o
                0x08000c74                Reset_Handler
 .text.Default_Handler
                0x08000cc4        0x2 ./Startup/startup_stm32f407vgtx.o
                0x08000cc4                RTC_Alarm_IRQHandler
                0x08000cc4                HASH_RNG_IRQHandler
                0x08000cc4                EXTI2_IRQHandler
                0x08000cc4                TIM8_CC_IRQHandler
                0x08000cc4                DebugMon_Handler
                0x08000cc4                TIM1_CC_IRQHandler
                0x08000cc4                DMA2_Stream5_IRQHandler
                0x08000cc4                HardFault_Handler
                0x08000cc4                DMA1_Stream5_IRQHandler
                0x08000cc4                SysTick_Handler
                0x08000cc4                PVD_IRQHandler
                0x08000cc4                SDIO_IRQHandler
                0x08000cc4                TAMP_STAMP_IRQHandler
                0x08000cc4                PendSV_Handler
                0x08000cc4                NMI_Handler
                0x08000cc4                CAN2_RX1_IRQHandler
                0x08000cc4                EXTI3_IRQHandler
                0x08000cc4                TIM8_TRG_COM_TIM14_IRQHandler
                0x08000cc4                TIM1_UP_TIM10_IRQHandler
                0x08000cc4                TIM8_UP_TIM13_IRQHandler
                0x08000cc4                I2C3_ER_IRQHandler
                0x08000cc4                EXTI0_IRQHandler
                0x08000cc4                I2C2_EV_IRQHandler
                0x08000cc4                DMA1_Stream2_IRQHandler
                0x08000cc4                CAN1_RX0_IRQHandler
                0x08000cc4                FPU_IRQHandler
                0x08000cc4                OTG_HS_WKUP_IRQHandler
                0x08000cc4                UsageFault_Handler
                0x08000cc4                CAN2_SCE_IRQHandler
                0x08000cc4                DMA2_Stream2_IRQHandler
                0x08000cc4                SPI1_IRQHandler
                0x08000cc4                TIM6_DAC_IRQHandler
                0x08000cc4                TIM1_BRK_TIM9_IRQHandler
                0x08000cc4                DCMI_IRQHandler
                0x08000cc4                CAN2_RX0_IRQHandler
                0x08000cc4                DMA2_Stream3_IRQHandler
                0x08000cc4                USART6_IRQHandler
                0x08000cc4                USART3_IRQHandler
                0x08000cc4                CRYP_IRQHandler
                0x08000cc4                CAN1_RX1_IRQHandler
                0x08000cc4                UART5_IRQHandler
                0x08000cc4                DMA2_Stream0_IRQHandler
                0x08000cc4                TIM4_IRQHandler
                0x08000cc4                I2C1_EV_IRQHandler
                0x08000cc4                DMA1_Stream6_IRQHandler
                0x08000cc4                DMA1_Stream1_IRQHandler
                0x08000cc4                UART4_IRQHandler
                0x08000cc4                TIM3_IRQHandler
                0x08000cc4                RCC_IRQHandler
                0x08000cc4                TIM8_BRK_TIM12_IRQHandler
                0x08000cc4                Default_Handler
                0x08000cc4                EXTI15_10_IRQHandler
                0x08000cc4                ADC_IRQHandler
                0x08000cc4                DMA1_Stream7_IRQHandler
                0x08000cc4                TIM7_IRQHandler
                0x08000cc4                CAN2_TX_IRQHandler
                0x08000cc4                TIM5_IRQHandler
                0x08000cc4                DMA2_Stream7_IRQHandler
                0x08000cc4                I2C3_EV_IRQHandler
                0x08000cc4                EXTI9_5_IRQHandler
                0x08000cc4                RTC_WKUP_IRQHandler
                0x08000cc4                ETH_WKUP_IRQHandler
                0x08000cc4                SPI2_IRQHandler
                0x08000cc4                OTG_HS_EP1_IN_IRQHandler
                0x08000cc4                MemManage_Handler
                0x08000cc4                DMA1_Stream0_IRQHandler
                0x08000cc4                CAN1_TX_IRQHandler
                0x08000cc4                SVC_Handler
                0x08000cc4                EXTI4_IRQHandler
                0x08000cc4                FSMC_IRQHandler
                0x08000cc4                ETH_IRQHandler
                0x08000cc4                OTG_HS_EP1_OUT_IRQHandler
                0x08000cc4                WWDG_IRQHandler
                0x08000cc4                TIM2_IRQHandler
                0x08000cc4                OTG_FS_WKUP_IRQHandler
                0x08000cc4                TIM1_TRG_COM_TIM11_IRQHandler
                0x08000cc4                OTG_HS_IRQHandler
                0x08000cc4                EXTI1_IRQHandler
                0x08000cc4                USART2_IRQHandler
                0x08000cc4                I2C2_ER_IRQHandler
                0x08000cc4                DMA2_Stream1_IRQHandler
                0x08000cc4                CAN1_SCE_IRQHandler
                0x08000cc4                DMA2_Stream4_IRQHandler
                0x08000cc4                BusFault_Handler
                0x08000cc4                USART1_IRQHandler
                0x08000cc4                OTG_FS_IRQHandler
                0x08000cc4                SPI3_IRQHandler
                0x08000cc4                DMA1_Stream4_IRQHandler
                0x08000cc4                I2C1_ER_IRQHandler
                0x08000cc4                DMA2_Stream6_IRQHandler
                0x08000cc4                DMA1_Stream3_IRQHandler
 *fill*         0x08000cc6        0x2 
 .text.__libc_init_array
                0x08000cc8       0x48 D:/STM32CubeIDE_1.18.1/STM32CubeIDE/plugins/com.st.stm32cube.ide.mcu.externaltools.gnu-tools-for-stm32.13.3.rel1.win32_1.0.0.202411081344/tools/bin/../lib/gcc/arm-none-eabi/13.3.1/../../../../arm-none-eabi/lib/thumb/v7e-m+fp/hard\libc_nano.a(libc_a-init.o)
                0x08000cc8                __libc_init_array
 *(.glue_7)
 .glue_7        0x08000d10        0x0 linker stubs
 *(.glue_7t)
 .glue_7t       0x08000d10        0x0 linker stubs
 *(.eh_frame)
 .eh_frame      0x08000d10        0x0 D:/STM32CubeIDE_1.18.1/STM32CubeIDE/plugins/com.st.stm32cube.ide.mcu.externaltools.gnu-tools-for-stm32.13.3.rel1.win32_1.0.0.202411081344/tools/bin/../lib/gcc/arm-none-eabi/13.3.1/thumb/v7e-m+fp/hard/crtbegin.o
 *(.init)
 .init          0x08000d10        0x4 D:/STM32CubeIDE_1.18.1/STM32CubeIDE/plugins/com.st.stm32cube.ide.mcu.externaltools.gnu-tools-for-stm32.13.3.rel1.win32_1.0.0.202411081344/tools/bin/../lib/gcc/arm-none-eabi/13.3.1/thumb/v7e-m+fp/hard/crti.o
                0x08000d10                _init
 .init          0x08000d14        0x8 D:/STM32CubeIDE_1.18.1/STM32CubeIDE/plugins/com.st.stm32cube.ide.mcu.externaltools.gnu-tools-for-stm32.13.3.rel1.win32_1.0.0.202411081344/tools/bin/../lib/gcc/arm-none-eabi/13.3.1/thumb/v7e-m+fp/hard/crtn.o
 *(.fini)
 .fini          0x08000d1c        0x4 D:/STM32CubeIDE_1.18.1/STM32CubeIDE/plugins/com.st.stm32cube.ide.mcu.externaltools.gnu-tools-for-stm32.13.3.rel1.win32_1.0.0.202411081344/tools/bin/../lib/gcc/arm-none-eabi/13.3.1/thumb/v7e-m+fp/hard/crti.o
                0x08000d1c                _fini
 .fini          0x08000d20        0x8 D:/STM32CubeIDE_1.18.1/STM32CubeIDE/plugins/com.st.stm32cube.ide.mcu.externaltools.gnu-tools-for-stm32.13.3.rel1.win32_1.0.0.202411081344/tools/bin/../lib/gcc/arm-none-eabi/13.3.1/thumb/v7e-m+fp/hard/crtn.o
                0x08000d28                        . = ALIGN (0x4)
                0x08000d28                        _etext = .

.vfp11_veneer   0x08000d28        0x0
 .vfp11_veneer  0x08000d28        0x0 linker stubs

.v4_bx          0x08000d28        0x0
 .v4_bx         0x08000d28        0x0 linker stubs

.iplt           0x08000d28        0x0
 .iplt          0x08000d28        0x0 D:/STM32CubeIDE_1.18.1/STM32CubeIDE/plugins/com.st.stm32cube.ide.mcu.externaltools.gnu-tools-for-stm32.13.3.rel1.win32_1.0.0.202411081344/tools/bin/../lib/gcc/arm-none-eabi/13.3.1/thumb/v7e-m+fp/hard/crtbegin.o

.rodata         0x08000d28       0x30
                0x08000d28                        . = ALIGN (0x4)
 *(.rodata)
 .rodata        0x08000d28       0x30 ./Drivers/src/stm32f4xx_cus.o
 *(.rodata*)
                0x08000d58                        . = ALIGN (0x4)

.ARM.extab      0x08000d58        0x0
                0x08000d58                        . = ALIGN (0x4)
 *(.ARM.extab* .gnu.linkonce.armextab.*)
                0x08000d58                        . = ALIGN (0x4)

.ARM            0x08000d58        0x8
                0x08000d58                        . = ALIGN (0x4)
                0x08000d58                        __exidx_start = .
 *(.ARM.exidx*)
 .ARM.exidx     0x08000d58        0x8 D:/STM32CubeIDE_1.18.1/STM32CubeIDE/plugins/com.st.stm32cube.ide.mcu.externaltools.gnu-tools-for-stm32.13.3.rel1.win32_1.0.0.202411081344/tools/bin/../lib/gcc/arm-none-eabi/13.3.1/../../../../arm-none-eabi/lib/thumb/v7e-m+fp/hard\libc_nano.a(libc_a-strlen.o)
                0x08000d60                        __exidx_end = .
                0x08000d60                        . = ALIGN (0x4)

.rel.dyn        0x08000d60        0x0
 .rel.iplt      0x08000d60        0x0 D:/STM32CubeIDE_1.18.1/STM32CubeIDE/plugins/com.st.stm32cube.ide.mcu.externaltools.gnu-tools-for-stm32.13.3.rel1.win32_1.0.0.202411081344/tools/bin/../lib/gcc/arm-none-eabi/13.3.1/thumb/v7e-m+fp/hard/crtbegin.o

.preinit_array  0x08000d60        0x0
                0x08000d60                        . = ALIGN (0x4)
                0x08000d60                        PROVIDE (__preinit_array_start = .)
 *(.preinit_array*)
                0x08000d60                        PROVIDE (__preinit_array_end = .)
                0x08000d60                        . = ALIGN (0x4)

.init_array     0x08000d60        0x4
                0x08000d60                        . = ALIGN (0x4)
                0x08000d60                        PROVIDE (__init_array_start = .)
 *(SORT_BY_NAME(.init_array.*))
 *(.init_array*)
 .init_array    0x08000d60        0x4 D:/STM32CubeIDE_1.18.1/STM32CubeIDE/plugins/com.st.stm32cube.ide.mcu.externaltools.gnu-tools-for-stm32.13.3.rel1.win32_1.0.0.202411081344/tools/bin/../lib/gcc/arm-none-eabi/13.3.1/thumb/v7e-m+fp/hard/crtbegin.o
                0x08000d64                        PROVIDE (__init_array_end = .)
                0x08000d64                        . = ALIGN (0x4)

.fini_array     0x08000d64        0x4
                0x08000d64                        . = ALIGN (0x4)
                [!provide]                        PROVIDE (__fini_array_start = .)
 *(SORT_BY_NAME(.fini_array.*))
 *(.fini_array*)
 .fini_array    0x08000d64        0x4 D:/STM32CubeIDE_1.18.1/STM32CubeIDE/plugins/com.st.stm32cube.ide.mcu.externaltools.gnu-tools-for-stm32.13.3.rel1.win32_1.0.0.202411081344/tools/bin/../lib/gcc/arm-none-eabi/13.3.1/thumb/v7e-m+fp/hard/crtbegin.o
                [!provide]                        PROVIDE (__fini_array_end = .)
                0x08000d68                        . = ALIGN (0x4)
                0x08000d68                        _sidata = LOADADDR (.data)

.data           0x20000000      0x400 load address 0x08000d68
                0x20000000                        . = ALIGN (0x4)
                0x20000000                        _sdata = .
 *(.data)
 *(.data*)
 .data.msg      0x20000000      0x400 ./Src/UART_Send.o
                0x20000000                msg
 *(.RamFunc)
 *(.RamFunc*)
                0x20000400                        . = ALIGN (0x4)
                0x20000400                        _edata = .
                0x08001168                        _siccmram = LOADADDR (.ccmram)

.igot.plt       0x20000400        0x0 load address 0x08001168
 .igot.plt      0x20000400        0x0 D:/STM32CubeIDE_1.18.1/STM32CubeIDE/plugins/com.st.stm32cube.ide.mcu.externaltools.gnu-tools-for-stm32.13.3.rel1.win32_1.0.0.202411081344/tools/bin/../lib/gcc/arm-none-eabi/13.3.1/thumb/v7e-m+fp/hard/crtbegin.o

.ccmram         0x10000000        0x0 load address 0x08001168
                0x10000000                        . = ALIGN (0x4)
                0x10000000                        _sccmram = .
 *(.ccmram)
 *(.ccmram*)
                0x10000000                        . = ALIGN (0x4)
                0x10000000                        _eccmram = .
                0x10000000                        . = ALIGN (0x4)

.bss            0x20000400       0x44
                0x20000400                        _sbss = .
                0x20000400                        __bss_start__ = _sbss
 *(.bss)
 .bss           0x20000400       0x1c D:/STM32CubeIDE_1.18.1/STM32CubeIDE/plugins/com.st.stm32cube.ide.mcu.externaltools.gnu-tools-for-stm32.13.3.rel1.win32_1.0.0.202411081344/tools/bin/../lib/gcc/arm-none-eabi/13.3.1/thumb/v7e-m+fp/hard/crtbegin.o
 *(.bss*)
 .bss.SystemClockSrc
                0x2000041c        0x4 ./Drivers/src/stm32f4xx_cus.o
                0x2000041c                SystemClockSrc
 .bss.USART_Handle
                0x20000420       0x18 ./Src/UART_Send.o
                0x20000420                USART_Handle
 .bss.GPIO_Handle
                0x20000438        0xc ./Src/UART_Send.o
                0x20000438                GPIO_Handle
 *(COMMON)
                0x20000444                        . = ALIGN (0x4)
                0x20000444                        _ebss = .
                0x20000444                        __bss_end__ = _ebss

._user_heap_stack
                0x20000444      0x604
                0x20000448                        . = ALIGN (0x8)
 *fill*         0x20000444        0x4 
                [!provide]                        PROVIDE (end = .)
                0x20000448                        PROVIDE (_end = .)
                0x20000648                        . = (. + _Min_Heap_Size)
 *fill*         0x20000448      0x200 
                0x20000a48                        . = (. + _Min_Stack_Size)
 *fill*         0x20000648      0x400 
                0x20000a48                        . = ALIGN (0x8)

/DISCARD/
 libc.a(*)
 libm.a(*)
 libgcc.a(*)

.ARM.attributes
                0x00000000       0x30
 *(.ARM.attributes)
 .ARM.attributes
                0x00000000       0x22 D:/STM32CubeIDE_1.18.1/STM32CubeIDE/plugins/com.st.stm32cube.ide.mcu.externaltools.gnu-tools-for-stm32.13.3.rel1.win32_1.0.0.202411081344/tools/bin/../lib/gcc/arm-none-eabi/13.3.1/thumb/v7e-m+fp/hard/crti.o
 .ARM.attributes
                0x00000022       0x34 D:/STM32CubeIDE_1.18.1/STM32CubeIDE/plugins/com.st.stm32cube.ide.mcu.externaltools.gnu-tools-for-stm32.13.3.rel1.win32_1.0.0.202411081344/tools/bin/../lib/gcc/arm-none-eabi/13.3.1/thumb/v7e-m+fp/hard/crtbegin.o
 .ARM.attributes
                0x00000056       0x34 ./Drivers/src/stm32f4xx_cus.o
 .ARM.attributes
                0x0000008a       0x34 ./Drivers/src/stm32f4xx_cus_gpio.o
 .ARM.attributes
                0x000000be       0x34 ./Drivers/src/stm32f4xx_cus_uart.o
 .ARM.attributes
                0x000000f2       0x34 ./Src/UART_Send.o
 .ARM.attributes
                0x00000126       0x21 ./Startup/startup_stm32f407vgtx.o
 .ARM.attributes
                0x00000147       0x34 D:/STM32CubeIDE_1.18.1/STM32CubeIDE/plugins/com.st.stm32cube.ide.mcu.externaltools.gnu-tools-for-stm32.13.3.rel1.win32_1.0.0.202411081344/tools/bin/../lib/gcc/arm-none-eabi/13.3.1/../../../../arm-none-eabi/lib/thumb/v7e-m+fp/hard\libc_nano.a(libc_a-init.o)
 .ARM.attributes
                0x0000017b       0x17 D:/STM32CubeIDE_1.18.1/STM32CubeIDE/plugins/com.st.stm32cube.ide.mcu.externaltools.gnu-tools-for-stm32.13.3.rel1.win32_1.0.0.202411081344/tools/bin/../lib/gcc/arm-none-eabi/13.3.1/../../../../arm-none-eabi/lib/thumb/v7e-m+fp/hard\libc_nano.a(libc_a-strlen.o)
 .ARM.attributes
                0x00000192       0x22 D:/STM32CubeIDE_1.18.1/STM32CubeIDE/plugins/com.st.stm32cube.ide.mcu.externaltools.gnu-tools-for-stm32.13.3.rel1.win32_1.0.0.202411081344/tools/bin/../lib/gcc/arm-none-eabi/13.3.1/thumb/v7e-m+fp/hard/crtn.o
OUTPUT(Protocols.elf elf32-littlearm)
LOAD linker stubs
LOAD D:/STM32CubeIDE_1.18.1/STM32CubeIDE/plugins/com.st.stm32cube.ide.mcu.externaltools.gnu-tools-for-stm32.13.3.rel1.win32_1.0.0.202411081344/tools/bin/../lib/gcc/arm-none-eabi/13.3.1/../../../../arm-none-eabi/lib/thumb/v7e-m+fp/hard\libc.a
LOAD D:/STM32CubeIDE_1.18.1/STM32CubeIDE/plugins/com.st.stm32cube.ide.mcu.externaltools.gnu-tools-for-stm32.13.3.rel1.win32_1.0.0.202411081344/tools/bin/../lib/gcc/arm-none-eabi/13.3.1/../../../../arm-none-eabi/lib/thumb/v7e-m+fp/hard\libm.a
LOAD D:/STM32CubeIDE_1.18.1/STM32CubeIDE/plugins/com.st.stm32cube.ide.mcu.externaltools.gnu-tools-for-stm32.13.3.rel1.win32_1.0.0.202411081344/tools/bin/../lib/gcc/arm-none-eabi/13.3.1/thumb/v7e-m+fp/hard\libgcc.a

.debug_info     0x00000000     0x141c
 .debug_info    0x00000000      0x318 ./Drivers/src/stm32f4xx_cus.o
 .debug_info    0x00000318      0x64d ./Drivers/src/stm32f4xx_cus_gpio.o
 .debug_info    0x00000965      0x652 ./Drivers/src/stm32f4xx_cus_uart.o
 .debug_info    0x00000fb7      0x435 ./Src/UART_Send.o
 .debug_info    0x000013ec       0x30 ./Startup/startup_stm32f407vgtx.o

.debug_abbrev   0x00000000      0x4a9
 .debug_abbrev  0x00000000       0xe2 ./Drivers/src/stm32f4xx_cus.o
 .debug_abbrev  0x000000e2      0x126 ./Drivers/src/stm32f4xx_cus_gpio.o
 .debug_abbrev  0x00000208      0x108 ./Drivers/src/stm32f4xx_cus_uart.o
 .debug_abbrev  0x00000310      0x175 ./Src/UART_Send.o
 .debug_abbrev  0x00000485       0x24 ./Startup/startup_stm32f407vgtx.o

.debug_aranges  0x00000000      0x108
 .debug_aranges
                0x00000000       0x20 ./Drivers/src/stm32f4xx_cus.o
 .debug_aranges
                0x00000020       0x50 ./Drivers/src/stm32f4xx_cus_gpio.o
 .debug_aranges
                0x00000070       0x38 ./Drivers/src/stm32f4xx_cus_uart.o
 .debug_aranges
                0x000000a8       0x38 ./Src/UART_Send.o
 .debug_aranges
                0x000000e0       0x28 ./Startup/startup_stm32f407vgtx.o

.debug_rnglists
                0x00000000       0xb2
 .debug_rnglists
                0x00000000       0x14 ./Drivers/src/stm32f4xx_cus.o
 .debug_rnglists
                0x00000014       0x38 ./Drivers/src/stm32f4xx_cus_gpio.o
 .debug_rnglists
                0x0000004c       0x27 ./Drivers/src/stm32f4xx_cus_uart.o
 .debug_rnglists
                0x00000073       0x26 ./Src/UART_Send.o
 .debug_rnglists
                0x00000099       0x19 ./Startup/startup_stm32f407vgtx.o

.debug_macro    0x00000000     0x2b47
 .debug_macro   0x00000000      0x194 ./Drivers/src/stm32f4xx_cus.o
 .debug_macro   0x00000194      0xae4 ./Drivers/src/stm32f4xx_cus.o
 .debug_macro   0x00000c78       0x22 ./Drivers/src/stm32f4xx_cus.o
 .debug_macro   0x00000c9a       0x5b ./Drivers/src/stm32f4xx_cus.o
 .debug_macro   0x00000cf5       0x2a ./Drivers/src/stm32f4xx_cus.o
 .debug_macro   0x00000d1f       0x94 ./Drivers/src/stm32f4xx_cus.o
 .debug_macro   0x00000db3       0x43 ./Drivers/src/stm32f4xx_cus.o
 .debug_macro   0x00000df6       0x34 ./Drivers/src/stm32f4xx_cus.o
 .debug_macro   0x00000e2a       0x16 ./Drivers/src/stm32f4xx_cus.o
 .debug_macro   0x00000e40       0x57 ./Drivers/src/stm32f4xx_cus.o
 .debug_macro   0x00000e97       0x9e ./Drivers/src/stm32f4xx_cus.o
 .debug_macro   0x00000f35      0x370 ./Drivers/src/stm32f4xx_cus.o
 .debug_macro   0x000012a5      0x112 ./Drivers/src/stm32f4xx_cus.o
 .debug_macro   0x000013b7       0x10 ./Drivers/src/stm32f4xx_cus.o
 .debug_macro   0x000013c7       0x16 ./Drivers/src/stm32f4xx_cus.o
 .debug_macro   0x000013dd       0x4a ./Drivers/src/stm32f4xx_cus.o
 .debug_macro   0x00001427       0x34 ./Drivers/src/stm32f4xx_cus.o
 .debug_macro   0x0000145b       0x10 ./Drivers/src/stm32f4xx_cus.o
 .debug_macro   0x0000146b       0x58 ./Drivers/src/stm32f4xx_cus.o
 .debug_macro   0x000014c3       0x8e ./Drivers/src/stm32f4xx_cus.o
 .debug_macro   0x00001551       0x1c ./Drivers/src/stm32f4xx_cus.o
 .debug_macro   0x0000156d      0x185 ./Drivers/src/stm32f4xx_cus.o
 .debug_macro   0x000016f2       0x16 ./Drivers/src/stm32f4xx_cus.o
 .debug_macro   0x00001708       0x16 ./Drivers/src/stm32f4xx_cus.o
 .debug_macro   0x0000171e      0x146 ./Drivers/src/stm32f4xx_cus.o
 .debug_macro   0x00001864      0x103 ./Drivers/src/stm32f4xx_cus.o
 .debug_macro   0x00001967       0x6a ./Drivers/src/stm32f4xx_cus.o
 .debug_macro   0x000019d1      0x1df ./Drivers/src/stm32f4xx_cus.o
 .debug_macro   0x00001bb0      0x2d7 ./Drivers/src/stm32f4xx_cus.o
 .debug_macro   0x00001e87      0x1a2 ./Drivers/src/stm32f4xx_cus.o
 .debug_macro   0x00002029       0xbe ./Drivers/src/stm32f4xx_cus.o
 .debug_macro   0x000020e7       0xfa ./Drivers/src/stm32f4xx_cus.o
 .debug_macro   0x000021e1      0x136 ./Drivers/src/stm32f4xx_cus.o
 .debug_macro   0x00002317       0xd6 ./Drivers/src/stm32f4xx_cus.o
 .debug_macro   0x000023ed      0x19e ./Drivers/src/stm32f4xx_cus_gpio.o
 .debug_macro   0x0000258b       0xb8 ./Drivers/src/stm32f4xx_cus_gpio.o
 .debug_macro   0x00002643      0x19e ./Drivers/src/stm32f4xx_cus_uart.o
 .debug_macro   0x000027e1      0x130 ./Drivers/src/stm32f4xx_cus_uart.o
 .debug_macro   0x00002911      0x1c4 ./Src/UART_Send.o
 .debug_macro   0x00002ad5       0x16 ./Src/UART_Send.o
 .debug_macro   0x00002aeb       0x3c ./Src/UART_Send.o
 .debug_macro   0x00002b27       0x20 ./Src/UART_Send.o

.debug_line     0x00000000     0x2106
 .debug_line    0x00000000      0x688 ./Drivers/src/stm32f4xx_cus.o
 .debug_line    0x00000688      0x9a3 ./Drivers/src/stm32f4xx_cus_gpio.o
 .debug_line    0x0000102b      0x937 ./Drivers/src/stm32f4xx_cus_uart.o
 .debug_line    0x00001962      0x729 ./Src/UART_Send.o
 .debug_line    0x0000208b       0x7b ./Startup/startup_stm32f407vgtx.o

.debug_str      0x00000000     0xa20d
 .debug_str     0x00000000     0xa20d ./Drivers/src/stm32f4xx_cus.o
                               0x9f7c (size before relaxing)
 .debug_str     0x0000a20d     0xa0a9 ./Drivers/src/stm32f4xx_cus_gpio.o
 .debug_str     0x0000a20d     0xa08f ./Drivers/src/stm32f4xx_cus_uart.o
 .debug_str     0x0000a20d     0xa04b ./Src/UART_Send.o
 .debug_str     0x0000a20d       0x70 ./Startup/startup_stm32f407vgtx.o

.comment        0x00000000       0x43
 .comment       0x00000000       0x43 ./Drivers/src/stm32f4xx_cus.o
                                 0x44 (size before relaxing)
 .comment       0x00000043       0x44 ./Drivers/src/stm32f4xx_cus_gpio.o
 .comment       0x00000043       0x44 ./Drivers/src/stm32f4xx_cus_uart.o
 .comment       0x00000043       0x44 ./Src/UART_Send.o

.debug_frame    0x00000000      0x2c8
 .debug_frame   0x00000000       0x3c ./Drivers/src/stm32f4xx_cus.o
 .debug_frame   0x0000003c      0x128 ./Drivers/src/stm32f4xx_cus_gpio.o
 .debug_frame   0x00000164       0xac ./Drivers/src/stm32f4xx_cus_uart.o
 .debug_frame   0x00000210       0x8c ./Src/UART_Send.o
 .debug_frame   0x0000029c       0x2c D:/STM32CubeIDE_1.18.1/STM32CubeIDE/plugins/com.st.stm32cube.ide.mcu.externaltools.gnu-tools-for-stm32.13.3.rel1.win32_1.0.0.202411081344/tools/bin/../lib/gcc/arm-none-eabi/13.3.1/../../../../arm-none-eabi/lib/thumb/v7e-m+fp/hard\libc_nano.a(libc_a-init.o)

.debug_line_str
                0x00000000       0x54
 .debug_line_str
                0x00000000       0x54 ./Startup/startup_stm32f407vgtx.o
